<html>
<body>
<pre>
<h1>µVision Build Log</h1>
<h2>Project:</h2>
E:\Mywork\ARM\STM32F2x7\STM32F2x7VGT6-DK-A-CD\Code\STM32F2x7_ETH_LwIP_V1.0.2\Project\Standalone\tcp_echo_client\MDK-ARM\Project.uvproj
Project File Date:  07/23/2011

<h2>Output:</h2>
Build target 'STM322xG_EVAL'
compiling system_stm32f2xx.c...
assembling startup_stm32f2xx.s...
compiling main.c...
compiling netconf.c...
..\src\netconf.c(72): warning:  #177-D: variable "iptab" was declared but never referenced
..\src\netconf.c(73): warning:  #177-D: variable "iptxt" was declared but never referenced
compiling stm32f2x7_eth_bsp.c...
compiling stm32f2xx_it.c...
..\src\stm32f2xx_it.c(156): warning:  #223-D: function "udp_echoclient_connect" declared implicitly
compiling serial_debug.c...
compiling tcp_echoclient.c...
compiling api_lib.c...
compiling api_msg.c...
compiling err.c...
compiling netbuf.c...
compiling netdb.c...
compiling netifapi.c...
compiling sockets.c...
compiling tcpip.c...
compiling dhcp.c...
compiling dns.c...
compiling init.c...
compiling mem.c...
..\..\..\..\Utilities\Third_Party\lwip_v1.3.2\src\core\mem.c(184): warning:  #550-D: variable "mem_sem" was set but never used
compiling memp.c...
compiling netif.c...
compiling pbuf.c...
compiling raw.c...
compiling stats.c...
compiling sys.c...
compiling tcp.c...
compiling tcp_in.c...
compiling tcp_out.c...
..\..\..\..\Utilities\Third_Party\lwip_v1.3.2\src\core\tcp_out.c(465): warning:  #550-D: variable "tcphdr" was set but never used
..\..\..\..\Utilities\Third_Party\lwip_v1.3.2\src\core\tcp_out.c(935): warning:  #550-D: variable "tcphdr" was set but never used
compiling udp.c...
compiling autoip.c...
compiling icmp.c...
compiling igmp.c...
compiling inet.c...
compiling inet_chksum.c...
compiling ip.c...
compiling ip_addr.c...
compiling ip_frag.c...
compiling etharp.c...
compiling loopif.c...
compiling slipif.c...
compiling ethernetif.c...
compiling stm32f2xx_usart.c...
compiling misc.c...
compiling stm32f2xx_adc.c...
compiling stm32f2xx_dma.c...
compiling stm32f2xx_exti.c...
compiling stm32f2xx_flash.c...
compiling stm32f2xx_fsmc.c...
compiling stm32f2xx_gpio.c...
compiling stm32f2xx_rcc.c...
compiling stm32f2xx_sdio.c...
compiling stm32f2xx_syscfg.c...
compiling stm32f2xx_i2c.c...
compiling stm32f2x7_eth.c...
compiling stm32_eval.c...
compiling stm322xg_eval_lcd.c...
linking...
.\STM322xG_EVAL\STM322xG_EVAL.axf: Error: L6218E: Undefined symbol udp_echoclient_connect (referred from stm32f2xx_it.o).
Target not created
Build target 'STM322xG_EVAL'
compiling system_stm32f2xx.c...
assembling startup_stm32f2xx.s...
compiling main.c...
compiling netconf.c...
..\src\netconf.c(72): warning:  #177-D: variable "iptab" was declared but never referenced
..\src\netconf.c(73): warning:  #177-D: variable "iptxt" was declared but never referenced
compiling stm32f2x7_eth_bsp.c...
compiling stm32f2xx_it.c...
compiling serial_debug.c...
compiling tcp_echoclient.c...
compiling api_lib.c...
compiling api_msg.c...
compiling err.c...
compiling netbuf.c...
compiling netdb.c...
compiling netifapi.c...
compiling sockets.c...
compiling tcpip.c...
compiling dhcp.c...
compiling dns.c...
compiling init.c...
compiling mem.c...
..\..\..\..\Utilities\Third_Party\lwip_v1.3.2\src\core\mem.c(184): warning:  #550-D: variable "mem_sem" was set but never used
compiling memp.c...
compiling netif.c...
compiling pbuf.c...
compiling raw.c...
compiling stats.c...
compiling sys.c...
compiling tcp.c...
compiling tcp_in.c...
compiling tcp_out.c...
..\..\..\..\Utilities\Third_Party\lwip_v1.3.2\src\core\tcp_out.c(465): warning:  #550-D: variable "tcphdr" was set but never used
..\..\..\..\Utilities\Third_Party\lwip_v1.3.2\src\core\tcp_out.c(935): warning:  #550-D: variable "tcphdr" was set but never used
compiling udp.c...
compiling autoip.c...
compiling icmp.c...
compiling igmp.c...
compiling inet.c...
compiling inet_chksum.c...
compiling ip.c...
compiling ip_addr.c...
compiling ip_frag.c...
compiling etharp.c...
compiling loopif.c...
compiling slipif.c...
compiling ethernetif.c...
compiling stm32f2xx_usart.c...
compiling misc.c...
compiling stm32f2xx_adc.c...
compiling stm32f2xx_dma.c...
compiling stm32f2xx_exti.c...
compiling stm32f2xx_flash.c...
compiling stm32f2xx_fsmc.c...
compiling stm32f2xx_gpio.c...
compiling stm32f2xx_rcc.c...
compiling stm32f2xx_sdio.c...
compiling stm32f2xx_syscfg.c...
compiling stm32f2xx_i2c.c...
compiling stm32f2x7_eth.c...
compiling stm32_eval.c...
compiling stm322xg_eval_lcd.c...
linking...
Program Size: Code=19840 RO-data=676 RW-data=264 ZI-data=48592  
".\STM322xG_EVAL\STM322xG_EVAL.axf" - 0 Error(s), 5 Warning(s).
Load "E:\\Mywork\\ARM\\STM32F2x7\\STM32F2x7VGT6-DK-A-CD\\Code\\STM32F2x7_ETH_LwIP_V1.0.2\\Project\\Standalone\\tcp_echo_client\\MDK-ARM\\STM322xG_EVAL\\STM322xG_EVAL.AXF" 
* JLink Info: Device "STM32F207VG" selected (1024 KB flash, 64 KB RAM).
Set JLink Project File to "E:\Mywork\ARM\STM32F2x7\STM32F2x7VGT6-DK-A-CD\Code\STM32F2x7_ETH_LwIP_V1.0.2\Project\Standalone\tcp_echo_client\MDK-ARM\JLinkSettings.ini"
 
JLink info:
------------
DLL: V4.35b, compiled Sep  2 2011 18:34:46
Firmware: J-Link ARM V8 compiled Sep  2 2011 17:54:36
Hardware: V8.00
S/N : 20100214 
Feature(s) : RDI,FlashDL,FlashBP,JFlash,GDBFull 
 
* JLink Info: TotalIRLen = 9, IRPrint = 0x0011
* JLink Info: Found Cortex-M3 r2p0, Little endian.
* JLink Info: TPIU fitted.
* JLink Info: ETM fitted.
* JLink Info:   FPUnit: 6 code (BP) slots and 2 literal slots
ROMTableAddr = 0xE00FF003
* JLink Info: TotalIRLen = 9, IRPrint = 0x0011
* JLink Info: Found Cortex-M3 r2p0, Little endian.
* JLink Info: TPIU fitted.
* JLink Info: ETM fitted.
* JLink Info:   FPUnit: 6 code (BP) slots and 2 literal slots
 
Target info:
------------
Device: STM32F207VG
VTarget = 3.241V
State of Pins: 
TCK: 1, TDI: 0, TDO: 1, TMS: 0, TRES: 1, TRST: 1
Hardware-Breakpoints: 6
Software-Breakpoints: 8192
Watchpoints:          4
JTAG speed: 2000 kHz
 
Erase Done.
Programming Done.
Verify OK.
