<html>
<body>
<pre>
<h1>µVision Build Log</h1>
<h2>Project:</h2>
D:\STM32F217_work\My_STM32F2x7_ETH_LwIP_V1.0.2\Project\FreeRTOS\httpserver_netconn\MDK-ARM\Project.uvproj
Project File Date:  07/20/2013

<h2>Output:</h2>
Rebuild target 'STM322xG_EVAL'
compiling system_stm32f2xx.c...
assembling startup_stm32f2xx.s...
compiling main.c...
compiling netconf.c...
..\src\netconf.c(60): warning:  #177-D: variable "iptab" was declared but never referenced
..\src\netconf.c(61): warning:  #177-D: variable "iptxt" was declared but never referenced
compiling stm32f2x7_eth_bsp.c...
compiling stm32f2xx_it.c...
compiling fs.c...
compiling httpserver-netconn.c...
compiling serial_debug.c...
compiling api_lib.c...
compiling api_msg.c...
..\..\..\..\Utilities\Third_Party\lwip_v1.3.2\src\api\api_msg.c(496): warning: C3017W: size may be used before being set
compiling err.c...
compiling netbuf.c...
compiling netdb.c...
compiling netifapi.c...
compiling sockets.c...
compiling tcpip.c...
compiling dhcp.c...
compiling dns.c...
compiling init.c...
compiling mem.c...
compiling memp.c...
compiling netif.c...
compiling pbuf.c...
compiling raw.c...
compiling stats.c...
compiling sys.c...
compiling tcp.c...
compiling tcp_in.c...
compiling tcp_out.c...
..\..\..\..\Utilities\Third_Party\lwip_v1.3.2\src\core\tcp_out.c(465): warning:  #550-D: variable "tcphdr" was set but never used
..\..\..\..\Utilities\Third_Party\lwip_v1.3.2\src\core\tcp_out.c(935): warning:  #550-D: variable "tcphdr" was set but never used
compiling udp.c...
compiling autoip.c...
compiling icmp.c...
compiling igmp.c...
compiling inet.c...
compiling inet_chksum.c...
compiling ip.c...
compiling ip_addr.c...
compiling ip_frag.c...
compiling etharp.c...
compiling loopif.c...
compiling slipif.c...
compiling ethernetif.c...
compiling sys_arch.c...
compiling stm32f2xx_usart.c...
compiling misc.c...
compiling stm32f2xx_adc.c...
compiling stm32f2xx_dma.c...
compiling stm32f2xx_exti.c...
compiling stm32f2xx_flash.c...
compiling stm32f2xx_fsmc.c...
compiling stm32f2xx_gpio.c...
compiling stm32f2xx_rcc.c...
compiling stm32f2xx_sdio.c...
compiling stm32f2xx_syscfg.c...
compiling stm32f2xx_i2c.c...
compiling stm32f2x7_eth.c...
compiling stm32_eval.c...
compiling stm322xg_eval_lcd.c...
compiling port.c...
compiling heap_2.c...
compiling tasks.c...
compiling croutine.c...
compiling list.c...
compiling queue.c...
linking...
Program Size: Code=28248 RO-data=28304 RW-data=380 ZI-data=45916  
".\STM322xG_EVAL\STM322xG_EVAL.axf" - 0 Error(s), 5 Warning(s).
Load "D:\\STM32F217_work\\My_STM32F2x7_ETH_LwIP_V1.0.2\\Project\\FreeRTOS\\httpserver_netconn\\MDK-ARM\\STM322xG_EVAL\\STM322xG_EVAL.AXF" 
* JLink Info: Device "STM32F207VG" selected (1024 KB flash, 64 KB RAM).
Set JLink Project File to "D:\STM32F217_work\My_STM32F2x7_ETH_LwIP_V1.0.2\Project\FreeRTOS\httpserver_netconn\MDK-ARM\JLinkSettings.ini"
 
JLink info:
------------
DLL: V4.36l, compiled Dec  2 2011 18:52:36
Firmware: J-Link ARM V8 compiled Sep 22 2011 16:23:23
Hardware: V8.00
S/N : 805306163 
Feature(s) : RDI,FlashDL,FlashBP,JFlash,GDBFull 
 
* JLink Info: TotalIRLen = 9, IRPrint = 0x0011
* JLink Info: Found Cortex-M3 r2p0, Little endian.
* JLink Info: TPIU fitted.
* JLink Info: ETM fitted.
* JLink Info:   FPUnit: 6 code (BP) slots and 2 literal slots
ROMTableAddr = 0xE00FF003
* JLink Info: TotalIRLen = 9, IRPrint = 0x0011
* JLink Info: Found Cortex-M3 r2p0, Little endian.
* JLink Info: TPIU fitted.
* JLink Info: ETM fitted.
* JLink Info:   FPUnit: 6 code (BP) slots and 2 literal slots
* JLink Info: Found Cortex-M3 r2p0, Little endian.
* JLink Info: TPIU fitted.
* JLink Info: ETM fitted.
* JLink Info:   FPUnit: 6 code (BP) slots and 2 literal slots
 
Target info:
------------
Device: STM32F207VG
VTarget = 3.261V
State of Pins: 
TCK: 1, TDI: 0, TDO: 1, TMS: 0, TRES: 1, TRST: 1
Hardware-Breakpoints: 6
Software-Breakpoints: 8192
Watchpoints:          4
JTAG speed: 2000 kHz
 
Erase Done.
Programming Done.
Verify OK.
