ARM Linker, 4.1 [Build 894] [Professional][RL-ARM]

==============================================================================

Section Cross References

    system_stm32f2xx.o(i.SystemCoreClockUpdate) refers to system_stm32f2xx.o(.data) for .data
    system_stm32f2xx.o(i.SystemInit) refers to system_stm32f2xx.o(i.SetSysClock) for SetSysClock
    startup_stm32f2xx.o(RESET) refers to startup_stm32f2xx.o(STACK) for __initial_sp
    startup_stm32f2xx.o(RESET) refers to startup_stm32f2xx.o(.text) for Reset_Handler
    startup_stm32f2xx.o(RESET) refers to stm32f2xx_it.o(i.NMI_Handler) for NMI_Handler
    startup_stm32f2xx.o(RESET) refers to stm32f2xx_it.o(i.HardFault_Handler) for HardFault_Handler
    startup_stm32f2xx.o(RESET) refers to stm32f2xx_it.o(i.MemManage_Handler) for MemManage_Handler
    startup_stm32f2xx.o(RESET) refers to stm32f2xx_it.o(i.BusFault_Handler) for BusFault_Handler
    startup_stm32f2xx.o(RESET) refers to stm32f2xx_it.o(i.UsageFault_Handler) for UsageFault_Handler
    startup_stm32f2xx.o(RESET) refers to port.o(.emb_text) for vPortSVCHandler
    startup_stm32f2xx.o(RESET) refers to stm32f2xx_it.o(i.DebugMon_Handler) for DebugMon_Handler
    startup_stm32f2xx.o(RESET) refers to stm32f2xx_it.o(i.SysTick_Handler) for SysTick_Handler
    startup_stm32f2xx.o(RESET) refers to stm32f2xx_it.o(i.ETH_IRQHandler) for ETH_IRQHandler
    startup_stm32f2xx.o(.text) refers to system_stm32f2xx.o(i.SystemInit) for SystemInit
    startup_stm32f2xx.o(.text) refers to entry.o(.ARM.Collect$$$$00000000) for __main
    main.o(i.LCD_LED_Init) refers to stm32_eval.o(i.STM_EVAL_LEDInit) for STM_EVAL_LEDInit
    main.o(i.LCD_LED_Init) refers to stm32_eval.o(i.STM_EVAL_LEDOff) for STM_EVAL_LEDOff
    main.o(i.ToggleLed4) refers to stm32_eval.o(i.STM_EVAL_LEDToggle) for STM_EVAL_LEDToggle
    main.o(i.ToggleLed4) refers to tasks.o(i.vTaskDelay) for vTaskDelay
    main.o(i.ToggleLed4) refers to netconf.o(.bss) for xnetif
    main.o(i.ToggleLed4) refers to main.o(.data) for .data
    main.o(i.main) refers to main.o(i.LCD_LED_Init) for LCD_LED_Init
    main.o(i.main) refers to stm32f2x7_eth_bsp.o(i.ETH_BSP_Config) for ETH_BSP_Config
    main.o(i.main) refers to netconf.o(i.LwIP_Init) for LwIP_Init
    main.o(i.main) refers to httpserver-netconn.o(i.http_server_netconn_init) for http_server_netconn_init
    main.o(i.main) refers to tasks.o(i.xTaskGenericCreate) for xTaskGenericCreate
    main.o(i.main) refers to tasks.o(i.vTaskStartScheduler) for vTaskStartScheduler
    main.o(i.main) refers to main.o(i.ToggleLed4) for ToggleLed4
    netconf.o(i.LwIP_Init) refers to tcpip.o(i.tcpip_init) for tcpip_init
    netconf.o(i.LwIP_Init) refers to inet.o(i.htonl) for htonl
    netconf.o(i.LwIP_Init) refers to netif.o(i.netif_add) for netif_add
    netconf.o(i.LwIP_Init) refers to netif.o(i.netif_set_default) for netif_set_default
    netconf.o(i.LwIP_Init) refers to netif.o(i.netif_set_up) for netif_set_up
    netconf.o(i.LwIP_Init) refers to tcpip.o(i.tcpip_input) for tcpip_input
    netconf.o(i.LwIP_Init) refers to ethernetif.o(i.ethernetif_init) for ethernetif_init
    netconf.o(i.LwIP_Init) refers to netconf.o(.bss) for .bss
    stm32f2x7_eth_bsp.o(i.ETH_BSP_Config) refers to stm32f2x7_eth_bsp.o(i.ETH_GPIO_Config) for ETH_GPIO_Config
    stm32f2x7_eth_bsp.o(i.ETH_BSP_Config) refers to misc.o(i.NVIC_PriorityGroupConfig) for NVIC_PriorityGroupConfig
    stm32f2x7_eth_bsp.o(i.ETH_BSP_Config) refers to misc.o(i.NVIC_Init) for NVIC_Init
    stm32f2x7_eth_bsp.o(i.ETH_BSP_Config) refers to stm32f2x7_eth_bsp.o(i.ETH_MACDMA_Config) for ETH_MACDMA_Config
    stm32f2x7_eth_bsp.o(i.ETH_GPIO_Config) refers to stm32f2xx_rcc.o(i.RCC_AHB1PeriphClockCmd) for RCC_AHB1PeriphClockCmd
    stm32f2x7_eth_bsp.o(i.ETH_GPIO_Config) refers to stm32f2xx_rcc.o(i.RCC_APB2PeriphClockCmd) for RCC_APB2PeriphClockCmd
    stm32f2x7_eth_bsp.o(i.ETH_GPIO_Config) refers to stm32f2xx_gpio.o(i.GPIO_Init) for GPIO_Init
    stm32f2x7_eth_bsp.o(i.ETH_GPIO_Config) refers to stm32f2xx_rcc.o(i.RCC_MCO1Config) for RCC_MCO1Config
    stm32f2x7_eth_bsp.o(i.ETH_GPIO_Config) refers to stm32f2xx_syscfg.o(i.SYSCFG_ETH_MediaInterfaceConfig) for SYSCFG_ETH_MediaInterfaceConfig
    stm32f2x7_eth_bsp.o(i.ETH_GPIO_Config) refers to stm32f2xx_gpio.o(i.GPIO_PinAFConfig) for GPIO_PinAFConfig
    stm32f2x7_eth_bsp.o(i.ETH_MACDMA_Config) refers to stm32f2xx_rcc.o(i.RCC_AHB1PeriphClockCmd) for RCC_AHB1PeriphClockCmd
    stm32f2x7_eth_bsp.o(i.ETH_MACDMA_Config) refers to stm32f2x7_eth.o(i.ETH_DeInit) for ETH_DeInit
    stm32f2x7_eth_bsp.o(i.ETH_MACDMA_Config) refers to stm32f2x7_eth.o(i.ETH_SoftwareReset) for ETH_SoftwareReset
    stm32f2x7_eth_bsp.o(i.ETH_MACDMA_Config) refers to stm32f2x7_eth.o(i.ETH_GetSoftwareResetStatus) for ETH_GetSoftwareResetStatus
    stm32f2x7_eth_bsp.o(i.ETH_MACDMA_Config) refers to stm32f2x7_eth.o(i.ETH_StructInit) for ETH_StructInit
    stm32f2x7_eth_bsp.o(i.ETH_MACDMA_Config) refers to stm32f2x7_eth.o(i.ETH_Init) for ETH_Init
[...]
    s_pxNetIf                                0x200000b8   Data           4  ethernetif.o(.data)
    xTxSemaphore                             0x200000c0   Data           4  ethernetif.o(.data)
    .data                                    0x200000c4   Section        2  sys_arch.o(.data)
    s_nextthread                             0x200000c4   Data           2  sys_arch.o(.data)
    .data                                    0x200000c6   Section       16  stm32f2xx_rcc.o(.data)
    APBAHBPrescTable                         0x200000c6   Data          16  stm32f2xx_rcc.o(.data)
    .data                                    0x200000d8   Section       12  stm32f2x7_eth.o(.data)
    .data                                    0x200000e4   Section       44  stm32_eval.o(.data)
    .data                                    0x20000110   Section        4  port.o(.data)
    uxCriticalNesting                        0x20000110   Data           4  port.o(.data)
    .data                                    0x20000114   Section       24  heap_2.o(.data)
    xFreeBytesRemaining                      0x20000114   Data           4  heap_2.o(.data)
    xHeapHasBeenInitialised                  0x20000118   Data           4  heap_2.o(.data)
    xStart                                   0x2000011c   Data           8  heap_2.o(.data)
    xEnd                                     0x20000124   Data           8  heap_2.o(.data)
    .data                                    0x2000012c   Section       76  tasks.o(.data)
    uxTasksDeleted                           0x20000130   Data           4  tasks.o(.data)
    uxCurrentNumberOfTasks                   0x20000134   Data           4  tasks.o(.data)
    xTickCount                               0x20000138   Data           4  tasks.o(.data)
    uxTopUsedPriority                        0x2000013c   Data           4  tasks.o(.data)
    uxTopReadyPriority                       0x20000140   Data           4  tasks.o(.data)
    xSchedulerRunning                        0x20000144   Data           4  tasks.o(.data)
    uxSchedulerSuspended                     0x20000148   Data           4  tasks.o(.data)
    uxMissedTicks                            0x2000014c   Data           4  tasks.o(.data)
    xMissedYield                             0x20000150   Data           4  tasks.o(.data)
    xNumOfOverflows                          0x20000154   Data           4  tasks.o(.data)
    uxTaskNumber                             0x20000158   Data           4  tasks.o(.data)
    xTracing                                 0x2000015c   Data           4  tasks.o(.data)
    uxPreviousTask                           0x20000160   Data           4  tasks.o(.data)
    pxDelayedTaskList                        0x20000164   Data           4  tasks.o(.data)
    pxOverflowDelayedTaskList                0x20000168   Data           4  tasks.o(.data)
    pcTraceBuffer                            0x2000016c   Data           4  tasks.o(.data)
    pcTraceBufferStart                       0x20000170   Data           4  tasks.o(.data)
    pcTraceBufferEnd                         0x20000174   Data           4  tasks.o(.data)
    .data                                    0x20000178   Section        4  stdout.o(.data)
    .bss                                     0x2000017c   Section       52  netconf.o(.bss)
    .bss                                     0x200001b0   Section      240  fs.o(.bss)
    .bss                                     0x200002a0   Section     5140  mem.o(.bss)
    ram_heap                                 0x200002a0   Data        5140  mem.o(.bss)
    .bss                                     0x200016b4   Section    11139  memp.o(.bss)
    memp_tab                                 0x200016b4   Data          48  memp.o(.bss)
    memp_memory                              0x200016e4   Data       11091  memp.o(.bss)
    .bss                                     0x20004238   Section       20  tcp_in.o(.bss)
    inseg                                    0x20004238   Data          20  tcp_in.o(.bss)
    .bss                                     0x2000424c   Section      160  etharp.o(.bss)
    arp_table                                0x2000424c   Data         160  etharp.o(.bss)
    .bss                                     0x200042ec   Section       48  sys_arch.o(.bss)
    s_timeoutlist                            0x200042ec   Data          48  sys_arch.o(.bss)
    .bss                                     0x2000431c   Section      128  stm32f2x7_eth.o(.bss)
    .bss                                     0x2000439c   Section      128  stm32f2x7_eth.o(.bss)
    .bss                                     0x2000441c   Section     6096  stm32f2x7_eth.o(.bss)
    .bss                                     0x20005bec   Section     6096  stm32f2x7_eth.o(.bss)
    .bss                                     0x200073bc   Section       12  stm32f2x7_eth.o(.bss)
    .bss                                     0x200073c8   Section    15360  heap_2.o(.bss)
    xHeap                                    0x200073c8   Data       15360  heap_2.o(.bss)
    .bss                                     0x2000afc8   Section      270  tasks.o(.bss)
    pxReadyTasksLists                        0x2000afc8   Data         140  tasks.o(.bss)
    xDelayedTaskList1                        0x2000b054   Data          20  tasks.o(.bss)
    xDelayedTaskList2                        0x2000b068   Data          20  tasks.o(.bss)
    xPendingReadyList                        0x2000b07c   Data          20  tasks.o(.bss)
    xTasksWaitingTermination                 0x2000b090   Data          20  tasks.o(.bss)
    pcStatusString                           0x2000b0a4   Data          50  tasks.o(.bss)
    STACK                                    0x2000b0d8   Section     1024  startup_stm32f2xx.o(STACK)

    Global Symbols

    Symbol Name                              Value     Ov Type        Size  Object(Section)

    BuildAttributes$$THM_ISAv4$P$D$K$B$S$PE$A:L22UL41UL21$X:L11$S22US41US21$IEEE1$IW$USESV6$~STKCKD$USESV7$~SHL$OSPACE$ROPI$EBA8$MICROLIB$REQ8$PRES8$EABIv2 0x00000000   Number         0  anon$$obj.o ABSOLUTE
    __ARM_use_no_argv                        0x00000000   Number         0  main.o ABSOLUTE
    _printf_a                                0x00000000   Number         0  stubs.o ABSOLUTE
    _printf_c                                0x00000000   Number         0  stubs.o ABSOLUTE
    _printf_charcount                        0x00000000   Number         0  stubs.o ABSOLUTE
    _printf_d                                0x00000000   Number         0  stubs.o ABSOLUTE
    _printf_e                                0x00000000   Number         0  stubs.o ABSOLUTE
    _printf_f                                0x00000000   Number         0  stubs.o ABSOLUTE
    _printf_flags                            0x00000000   Number         0  stubs.o ABSOLUTE
    _printf_fp_dec                           0x00000000   Number         0  stubs.o ABSOLUTE
    _printf_fp_hex                           0x00000000   Number         0  stubs.o ABSOLUTE
    _printf_g                                0x00000000   Number         0  stubs.o ABSOLUTE
    _printf_i                                0x00000000   Number         0  stubs.o ABSOLUTE
    _printf_int_dec                          0x00000000   Number         0  stubs.o ABSOLUTE
    _printf_l                                0x00000000   Number         0  stubs.o ABSOLUTE
    _printf_lc                               0x00000000   Number         0  stubs.o ABSOLUTE
    _printf_ll                               0x00000000   Number         0  stubs.o ABSOLUTE
    _printf_lld                              0x00000000   Number         0  stubs.o ABSOLUTE
    _printf_lli                              0x00000000   Number         0  stubs.o ABSOLUTE
    _printf_llo                              0x00000000   Number         0  stubs.o ABSOLUTE
    _printf_llu                              0x00000000   Number         0  stubs.o ABSOLUTE
    _printf_llx                              0x00000000   Number         0  stubs.o ABSOLUTE
    _printf_longlong_dec                     0x00000000   Number         0  stubs.o ABSOLUTE
    _printf_longlong_hex                     0x00000000   Number         0  stubs.o ABSOLUTE
    _printf_longlong_oct                     0x00000000   Number         0  stubs.o ABSOLUTE
    _printf_ls                               0x00000000   Number         0  stubs.o ABSOLUTE
    _printf_mbtowc                           0x00000000   Number         0  stubs.o ABSOLUTE
    _printf_n                                0x00000000   Number         0  stubs.o ABSOLUTE
    _printf_o                                0x00000000   Number         0  stubs.o ABSOLUTE
    _printf_p                                0x00000000   Number         0  stubs.o ABSOLUTE
    _printf_percent                          0x00000000   Number         0  stubs.o ABSOLUTE
    _printf_pre_padding                      0x00000000   Number         0  stubs.o ABSOLUTE
    _printf_return_value                     0x00000000   Number         0  stubs.o ABSOLUTE
    _printf_s                                0x00000000   Number         0  stubs.o ABSOLUTE
    _printf_sizespec                         0x00000000   Number         0  stubs.o ABSOLUTE
    _printf_str                              0x00000000   Number         0  stubs.o ABSOLUTE
    _printf_truncate_signed                  0x00000000   Number         0  stubs.o ABSOLUTE
    _printf_truncate_unsigned                0x00000000   Number         0  stubs.o ABSOLUTE
    _printf_u                                0x00000000   Number         0  stubs.o ABSOLUTE
    _printf_wc                               0x00000000   Number         0  stubs.o ABSOLUTE
    _printf_wctomb                           0x00000000   Number         0  stubs.o ABSOLUTE
    _printf_widthprec                        0x00000000   Number         0  stubs.o ABSOLUTE
    _printf_x                                0x00000000   Number         0  stubs.o ABSOLUTE
    _clock_init                               - Undefined Weak Reference
    __Vectors_Size                           0x00000184   Number         0  startup_stm32f2xx.o ABSOLUTE
    __Vectors                                0x08000000   Data           4  startup_stm32f2xx.o(RESET)
    __Vectors_End                            0x08000184   Data           0  startup_stm32f2xx.o(RESET)
    __main                                   0x08000185   Thumb Code     0  entry.o(.ARM.Collect$$$$00000000)
    _main_stk                                0x08000185   Thumb Code     0  entry2.o(.ARM.Collect$$$$00000001)
    _main_scatterload                        0x08000189   Thumb Code     0  entry5.o(.ARM.Collect$$$$00000004)
    __main_after_scatterload                 0x0800018d   Thumb Code     0  entry5.o(.ARM.Collect$$$$00000004)
    _main_clock                              0x0800018d   Thumb Code     0  entry7b.o(.ARM.Collect$$$$00000008)
    _main_init                               0x0800018d   Thumb Code     0  entry8.o(.ARM.Collect$$$$00000009)
    vPortSVCHandler                          0x08000199   Thumb Code    28  port.o(.emb_text)
    vPortStartFirstTask                      0x080001b9   Thumb Code    12  port.o(.emb_text)
    xPortPendSVHandler                       0x080001c9   Thumb Code    56  port.o(.emb_text)
    vPortSetInterruptMask                    0x08000205   Thumb Code    14  port.o(.emb_text)
    vPortClearInterruptMask                  0x08000213   Thumb Code    14  port.o(.emb_text)
    Reset_Handler                            0x08000221   Thumb Code     8  startup_stm32f2xx.o(.text)
    ADC_IRQHandler                           0x0800023b   Thumb Code     0  startup_stm32f2xx.o(.text)
    CAN1_RX0_IRQHandler                      0x0800023b   Thumb Code     0  startup_stm32f2xx.o(.text)
    CAN1_RX1_IRQHandler                      0x0800023b   Thumb Code     0  startup_stm32f2xx.o(.text)
    CAN1_SCE_IRQHandler                      0x0800023b   Thumb Code     0  startup_stm32f2xx.o(.text)
    CAN1_TX_IRQHandler                       0x0800023b   Thumb Code     0  startup_stm32f2xx.o(.text)
    CAN2_RX0_IRQHandler                      0x0800023b   Thumb Code     0  startup_stm32f2xx.o(.text)
    CAN2_RX1_IRQHandler                      0x0800023b   Thumb Code     0  startup_stm32f2xx.o(.text)
    CAN2_SCE_IRQHandler                      0x0800023b   Thumb Code     0  startup_stm32f2xx.o(.text)
    CAN2_TX_IRQHandler                       0x0800023b   Thumb Code     0  startup_stm32f2xx.o(.text)
    CRYP_IRQHandler                          0x0800023b   Thumb Code     0  startup_stm32f2xx.o(.text)
    DCMI_IRQHandler                          0x0800023b   Thumb Code     0  startup_stm32f2xx.o(.text)
    DMA1_Stream0_IRQHandler                  0x0800023b   Thumb Code     0  startup_stm32f2xx.o(.text)
    DMA1_Stream1_IRQHandler                  0x0800023b   Thumb Code     0  startup_stm32f2xx.o(.text)
    DMA1_Stream2_IRQHandler                  0x0800023b   Thumb Code     0  startup_stm32f2xx.o(.text)
    DMA1_Stream3_IRQHandler                  0x0800023b   Thumb Code     0  startup_stm32f2xx.o(.text)
    DMA1_Stream4_IRQHandler                  0x0800023b   Thumb Code     0  startup_stm32f2xx.o(.text)
    DMA1_Stream5_IRQHandler                  0x0800023b   Thumb Code     0  startup_stm32f2xx.o(.text)
    DMA1_Stream6_IRQHandler                  0x0800023b   Thumb Code     0  startup_stm32f2xx.o(.text)
    DMA1_Stream7_IRQHandler                  0x0800023b   Thumb Code     0  startup_stm32f2xx.o(.text)
    DMA2_Stream0_IRQHandler                  0x0800023b   Thumb Code     0  startup_stm32f2xx.o(.text)
    DMA2_Stream1_IRQHandler                  0x0800023b   Thumb Code     0  startup_stm32f2xx.o(.text)
    DMA2_Stream2_IRQHandler                  0x0800023b   Thumb Code     0  startup_stm32f2xx.o(.text)
    DMA2_Stream3_IRQHandler                  0x0800023b   Thumb Code     0  startup_stm32f2xx.o(.text)
    DMA2_Stream4_IRQHandler                  0x0800023b   Thumb Code     0  startup_stm32f2xx.o(.text)
    DMA2_Stream5_IRQHandler                  0x0800023b   Thumb Code     0  startup_stm32f2xx.o(.text)
    DMA2_Stream6_IRQHandler                  0x0800023b   Thumb Code     0  startup_stm32f2xx.o(.text)
    DMA2_Stream7_IRQHandler                  0x0800023b   Thumb Code     0  startup_stm32f2xx.o(.text)
    ETH_WKUP_IRQHandler                      0x0800023b   Thumb Code     0  startup_stm32f2xx.o(.text)
    EXTI0_IRQHandler                         0x0800023b   Thumb Code     0  startup_stm32f2xx.o(.text)
    EXTI15_10_IRQHandler                     0x0800023b   Thumb Code     0  startup_stm32f2xx.o(.text)
    EXTI1_IRQHandler                         0x0800023b   Thumb Code     0  startup_stm32f2xx.o(.text)
    EXTI2_IRQHandler                         0x0800023b   Thumb Code     0  startup_stm32f2xx.o(.text)
    EXTI3_IRQHandler                         0x0800023b   Thumb Code     0  startup_stm32f2xx.o(.text)
    EXTI4_IRQHandler                         0x0800023b   Thumb Code     0  startup_stm32f2xx.o(.text)
    EXTI9_5_IRQHandler                       0x0800023b   Thumb Code     0  startup_stm32f2xx.o(.text)
    FLASH_IRQHandler                         0x0800023b   Thumb Code     0  startup_stm32f2xx.o(.text)
    FSMC_IRQHandler                          0x0800023b   Thumb Code     0  startup_stm32f2xx.o(.text)
    HASH_RNG_IRQHandler                      0x0800023b   Thumb Code     0  startup_stm32f2xx.o(.text)
    I2C1_ER_IRQHandler                       0x0800023b   Thumb Code     0  startup_stm32f2xx.o(.text)
    I2C1_EV_IRQHandler                       0x0800023b   Thumb Code     0  startup_stm32f2xx.o(.text)
    I2C2_ER_IRQHandler                       0x0800023b   Thumb Code     0  startup_stm32f2xx.o(.text)
    I2C2_EV_IRQHandler                       0x0800023b   Thumb Code     0  startup_stm32f2xx.o(.text)
    I2C3_ER_IRQHandler                       0x0800023b   Thumb Code     0  startup_stm32f2xx.o(.text)
    I2C3_EV_IRQHandler                       0x0800023b   Thumb Code     0  startup_stm32f2xx.o(.text)
    OTG_FS_IRQHandler                        0x0800023b   Thumb Code     0  startup_stm32f2xx.o(.text)
    OTG_FS_WKUP_IRQHandler                   0x0800023b   Thumb Code     0  startup_stm32f2xx.o(.text)
    OTG_HS_EP1_IN_IRQHandler                 0x0800023b   Thumb Code     0  startup_stm32f2xx.o(.text)
    OTG_HS_EP1_OUT_IRQHandler                0x0800023b   Thumb Code     0  startup_stm32f2xx.o(.text)
    OTG_HS_IRQHandler                        0x0800023b   Thumb Code     0  startup_stm32f2xx.o(.text)
    OTG_HS_WKUP_IRQHandler                   0x0800023b   Thumb Code     0  startup_stm32f2xx.o(.text)
    PVD_IRQHandler                           0x0800023b   Thumb Code     0  startup_stm32f2xx.o(.text)
    RCC_IRQHandler                           0x0800023b   Thumb Code     0  startup_stm32f2xx.o(.text)
    RTC_Alarm_IRQHandler                     0x0800023b   Thumb Code     0  startup_stm32f2xx.o(.text)
    RTC_WKUP_IRQHandler                      0x0800023b   Thumb Code     0  startup_stm32f2xx.o(.text)
    SDIO_IRQHandler                          0x0800023b   Thumb Code     0  startup_stm32f2xx.o(.text)
    SPI1_IRQHandler                          0x0800023b   Thumb Code     0  startup_stm32f2xx.o(.text)
    SPI2_IRQHandler                          0x0800023b   Thumb Code     0  startup_stm32f2xx.o(.text)
    SPI3_IRQHandler                          0x0800023b   Thumb Code     0  startup_stm32f2xx.o(.text)
    TAMP_STAMP_IRQHandler                    0x0800023b   Thumb Code     0  startup_stm32f2xx.o(.text)
    TIM1_BRK_TIM9_IRQHandler                 0x0800023b   Thumb Code     0  startup_stm32f2xx.o(.text)
    TIM1_CC_IRQHandler                       0x0800023b   Thumb Code     0  startup_stm32f2xx.o(.text)
    TIM1_TRG_COM_TIM11_IRQHandler            0x0800023b   Thumb Code     0  startup_stm32f2xx.o(.text)
    TIM1_UP_TIM10_IRQHandler                 0x0800023b   Thumb Code     0  startup_stm32f2xx.o(.text)
    TIM2_IRQHandler                          0x0800023b   Thumb Code     0  startup_stm32f2xx.o(.text)
    TIM3_IRQHandler                          0x0800023b   Thumb Code     0  startup_stm32f2xx.o(.text)
    TIM4_IRQHandler                          0x0800023b   Thumb Code     0  startup_stm32f2xx.o(.text)
    TIM5_IRQHandler                          0x0800023b   Thumb Code     0  startup_stm32f2xx.o(.text)
    TIM6_DAC_IRQHandler                      0x0800023b   Thumb Code     0  startup_stm32f2xx.o(.text)
    TIM7_IRQHandler                          0x0800023b   Thumb Code     0  startup_stm32f2xx.o(.text)
    TIM8_BRK_TIM12_IRQHandler                0x0800023b   Thumb Code     0  startup_stm32f2xx.o(.text)
    TIM8_CC_IRQHandler                       0x0800023b   Thumb Code     0  startup_stm32f2xx.o(.text)
    TIM8_TRG_COM_TIM14_IRQHandler            0x0800023b   Thumb Code     0  startup_stm32f2xx.o(.text)
    TIM8_UP_TIM13_IRQHandler                 0x0800023b   Thumb Code     0  startup_stm32f2xx.o(.text)
    UART4_IRQHandler                         0x0800023b   Thumb Code     0  startup_stm32f2xx.o(.text)
    UART5_IRQHandler                         0x0800023b   Thumb Code     0  startup_stm32f2xx.o(.text)
    USART1_IRQHandler                        0x0800023b   Thumb Code     0  startup_stm32f2xx.o(.text)
    USART2_IRQHandler                        0x0800023b   Thumb Code     0  startup_stm32f2xx.o(.text)
    USART3_IRQHandler                        0x0800023b   Thumb Code     0  startup_stm32f2xx.o(.text)
    USART6_IRQHandler                        0x0800023b   Thumb Code     0  startup_stm32f2xx.o(.text)
    WWDG_IRQHandler                          0x0800023b   Thumb Code     0  startup_stm32f2xx.o(.text)
    __aeabi_memcpy                           0x08000245   Thumb Code    36  memcpya.o(.text)
    __aeabi_memcpy4                          0x08000245   Thumb Code     0  memcpya.o(.text)
    __aeabi_memcpy8                          0x08000245   Thumb Code     0  memcpya.o(.text)
    __aeabi_memset                           0x08000269   Thumb Code    14  memseta.o(.text)
    __aeabi_memset4                          0x08000269   Thumb Code     0  memseta.o(.text)
    __aeabi_memset8                          0x08000269   Thumb Code     0  memseta.o(.text)
    __aeabi_memclr                           0x08000277   Thumb Code     4  memseta.o(.text)
    __aeabi_memclr4                          0x08000277   Thumb Code     0  memseta.o(.text)
    __aeabi_memclr8                          0x08000277   Thumb Code     0  memseta.o(.text)
    _memset$wrapper                          0x0800027b   Thumb Code    20  memseta.o(.text)
    strcat                                   0x0800028f   Thumb Code    28  strcat.o(.text)
    strncpy                                  0x080002ab   Thumb Code    24  strncpy.o(.text)
    strlen                                   0x080002c3   Thumb Code    16  strlen.o(.text)
    strcmp                                   0x080002d3   Thumb Code    28  strcmp.o(.text)
    strncmp                                  0x080002ef   Thumb Code    30  strncmp.o(.text)
    __aeabi_uidiv                            0x0800030d   Thumb Code     0  uidiv.o(.text)
    __aeabi_uidivmod                         0x0800030d   Thumb Code    44  uidiv.o(.text)
    __scatterload                            0x08000339   Thumb Code    28  init.o(.text)
    __scatterload_rt2                        0x08000339   Thumb Code     0  init.o(.text)
    __I$use$semihosting$fputc                0x0800035d   Thumb Code     0  iusesemip.o(.text)
    __decompress                             0x0800035d   Thumb Code     0  __dczerorl2.o(.text)
    __decompress1                            0x0800035d   Thumb Code    92  __dczerorl2.o(.text)
    __semihosting_library_function           0x0800035d   Thumb Code     0  semi.o(.text)
    BusFault_Handler                         0x080003b9   Thumb Code     2  stm32f2xx_it.o(i.BusFault_Handler)
    DebugMon_Handler                         0x080003bb   Thumb Code     2  stm32f2xx_it.o(i.DebugMon_Handler)
    DynWebPage                               0x080003bd   Thumb Code   138  httpserver-netconn.o(i.DynWebPage)
    ETH_BSP_Config                           0x08000535   Thumb Code    52  stm32f2x7_eth_bsp.o(i.ETH_BSP_Config)
    ETH_DMAClearITPendingBit                 0x08000569   Thumb Code     6  stm32f2x7_eth.o(i.ETH_DMAClearITPendingBit)
    ETH_DMAITConfig                          0x08000575   Thumb Code    18  stm32f2x7_eth.o(i.ETH_DMAITConfig)
    ETH_DMAReceptionCmd                      0x0800058d   Thumb Code    22  stm32f2x7_eth.o(i.ETH_DMAReceptionCmd)
    ETH_DMARxDescChainInit                   0x080005a9   Thumb Code    74  stm32f2x7_eth.o(i.ETH_DMARxDescChainInit)
    ETH_DMARxDescReceiveITConfig             0x08000601   Thumb Code    18  stm32f2x7_eth.o(i.ETH_DMARxDescReceiveITConfig)
    ETH_DMATransmissionCmd                   0x08000615   Thumb Code    22  stm32f2x7_eth.o(i.ETH_DMATransmissionCmd)
    ETH_DMATxDescChainInit                   0x08000631   Thumb Code    62  stm32f2x7_eth.o(i.ETH_DMATxDescChainInit)
    ETH_DMATxDescChecksumInsertionConfig     0x08000679   Thumb Code     8  stm32f2x7_eth.o(i.ETH_DMATxDescChecksumInsertionConfig)
    ETH_DeInit                               0x08000681   Thumb Code    24  stm32f2x7_eth.o(i.ETH_DeInit)
    ETH_FlushTransmitFIFO                    0x080006a5   Thumb Code    12  stm32f2x7_eth.o(i.ETH_FlushTransmitFIFO)
    ETH_GetDMAFlagStatus                     0x08000791   Thumb Code    16  stm32f2x7_eth.o(i.ETH_GetDMAFlagStatus)
    ETH_GetSoftwareResetStatus               0x080007a5   Thumb Code    14  stm32f2x7_eth.o(i.ETH_GetSoftwareResetStatus)
    ETH_Get_Received_Frame_interrupt         0x080007b9   Thumb Code   134  stm32f2x7_eth.o(i.ETH_Get_Received_Frame_interrupt)
    ETH_IRQHandler                           0x08000845   Thumb Code    56  stm32f2xx_it.o(i.ETH_IRQHandler)
    ETH_Init                                 0x08000881   Thumb Code   496  stm32f2x7_eth.o(i.ETH_Init)
    ETH_MACAddressConfig                     0x08000aa1   Thumb Code    22  stm32f2x7_eth.o(i.ETH_MACAddressConfig)
    ETH_MACReceptionCmd                      0x08000b39   Thumb Code    22  stm32f2x7_eth.o(i.ETH_MACReceptionCmd)
    ETH_MACTransmissionCmd                   0x08000b55   Thumb Code    22  stm32f2x7_eth.o(i.ETH_MACTransmissionCmd)
    ETH_Prepare_Transmit_Descriptors         0x08000b71   Thumb Code   164  stm32f2x7_eth.o(i.ETH_Prepare_Transmit_Descriptors)
    ETH_ReadPHYRegister                      0x08000c1d   Thumb Code    70  stm32f2x7_eth.o(i.ETH_ReadPHYRegister)
    ETH_SoftwareReset                        0x08000c6d   Thumb Code    12  stm32f2x7_eth.o(i.ETH_SoftwareReset)
    ETH_Start                                0x08000c7d   Thumb Code    34  stm32f2x7_eth.o(i.ETH_Start)
    ETH_StructInit                           0x08000c9f   Thumb Code   136  stm32f2x7_eth.o(i.ETH_StructInit)
    ETH_WritePHYRegister                     0x08000d29   Thumb Code    66  stm32f2x7_eth.o(i.ETH_WritePHYRegister)
    GPIO_Init                                0x08000d75   Thumb Code   124  stm32f2xx_gpio.o(i.GPIO_Init)
    GPIO_PinAFConfig                         0x08000df1   Thumb Code    32  stm32f2xx_gpio.o(i.GPIO_PinAFConfig)
    HardFault_Handler                        0x08000e11   Thumb Code     2  stm32f2xx_it.o(i.HardFault_Handler)
    LCD_LED_Init                             0x08000e13   Thumb Code    54  main.o(i.LCD_LED_Init)
    LwIP_Init                                0x08000e49   Thumb Code    78  netconf.o(i.LwIP_Init)
    MemManage_Handler                        0x08000ea9   Thumb Code     2  stm32f2xx_it.o(i.MemManage_Handler)
    NMI_Handler                              0x08000eab   Thumb Code     2  stm32f2xx_it.o(i.NMI_Handler)
    NVIC_Init                                0x08000ead   Thumb Code    92  misc.o(i.NVIC_Init)
    NVIC_PriorityGroupConfig                 0x08000f11   Thumb Code    10  misc.o(i.NVIC_PriorityGroupConfig)
    RCC_AHB1PeriphClockCmd                   0x08000f25   Thumb Code    18  stm32f2xx_rcc.o(i.RCC_AHB1PeriphClockCmd)
    RCC_AHB1PeriphResetCmd                   0x08000f3d   Thumb Code    18  stm32f2xx_rcc.o(i.RCC_AHB1PeriphResetCmd)
    RCC_APB2PeriphClockCmd                   0x08000f55   Thumb Code    18  stm32f2xx_rcc.o(i.RCC_APB2PeriphClockCmd)
    RCC_GetClocksFreq                        0x08000f6d   Thumb Code   134  stm32f2xx_rcc.o(i.RCC_GetClocksFreq)
    RCC_MCO1Config                           0x08001005   Thumb Code    16  stm32f2xx_rcc.o(i.RCC_MCO1Config)
    STM_EVAL_LEDInit                         0x08001019   Thumb Code    62  stm32_eval.o(i.STM_EVAL_LEDInit)
    STM_EVAL_LEDOff                          0x08001061   Thumb Code    16  stm32_eval.o(i.STM_EVAL_LEDOff)
    STM_EVAL_LEDToggle                       0x08001079   Thumb Code    20  stm32_eval.o(i.STM_EVAL_LEDToggle)
    SYSCFG_ETH_MediaInterfaceConfig          0x08001095   Thumb Code     6  stm32f2xx_syscfg.o(i.SYSCFG_ETH_MediaInterfaceConfig)
    SysTick_Handler                          0x08001125   Thumb Code     4  stm32f2xx_it.o(i.SysTick_Handler)
    SystemInit                               0x08001129   Thumb Code    62  system_stm32f2xx.o(i.SystemInit)
    ToggleLed4                               0x08001179   Thumb Code    28  main.o(i.ToggleLed4)
    UsageFault_Handler                       0x0800119d   Thumb Code     2  stm32f2xx_it.o(i.UsageFault_Handler)
    __0printf$3                              0x080011a1   Thumb Code    22  printf3.o(i.__0printf$3)
    __1printf$3                              0x080011a1   Thumb Code     0  printf3.o(i.__0printf$3)
    __2printf                                0x080011a1   Thumb Code     0  printf3.o(i.__0printf$3)
    __0sprintf$3                             0x080011c1   Thumb Code    34  printf3.o(i.__0sprintf$3)
    __1sprintf$3                             0x080011c1   Thumb Code     0  printf3.o(i.__0sprintf$3)
    __2sprintf                               0x080011c1   Thumb Code     0  printf3.o(i.__0sprintf$3)
    __scatterload_copy                       0x080011e9   Thumb Code    14  handlers.o(i.__scatterload_copy)
    __scatterload_null                       0x080011f7   Thumb Code     2  handlers.o(i.__scatterload_null)
    __scatterload_zeroinit                   0x080011f9   Thumb Code    14  handlers.o(i.__scatterload_zeroinit)
    dhcp_arp_reply                           0x08001459   Thumb Code    30  dhcp.o(i.dhcp_arp_reply)
    dhcp_coarse_tmr                          0x08001579   Thumb Code    90  dhcp.o(i.dhcp_coarse_tmr)
    dhcp_fine_tmr                            0x0800183d   Thumb Code    46  dhcp.o(i.dhcp_fine_tmr)
    dhcp_release                             0x08001a75   Thumb Code   176  dhcp.o(i.dhcp_release)
    dhcp_renew                               0x08001b29   Thumb Code   144  dhcp.o(i.dhcp_renew)
    do_bind                                  0x08001d79   Thumb Code    92  api_msg.o(i.do_bind)
    do_close                                 0x08001dd5   Thumb Code    34  api_msg.o(i.do_close)
    do_delconn                               0x08001ea1   Thumb Code   104  api_msg.o(i.do_delconn)
    do_listen                                0x08001f09   Thumb Code   144  api_msg.o(i.do_listen)
    do_newconn                               0x08001f9d   Thumb Code    28  api_msg.o(i.do_newconn)
    do_recv                                  0x08001fb9   Thumb Code    46  api_msg.o(i.do_recv)
    do_write                                 0x08001fe7   Thumb Code    54  api_msg.o(i.do_write)
    etharp_arp_input                         0x08002139   Thumb Code   222  etharp.o(i.etharp_arp_input)
    etharp_output                            0x08002219   Thumb Code   180  etharp.o(i.etharp_output)
    etharp_query                             0x080022d1   Thumb Code   134  etharp.o(i.etharp_query)
    etharp_request                           0x08002405   Thumb Code    32  etharp.o(i.etharp_request)
    etharp_tmr                               0x08002461   Thumb Code    54  etharp.o(i.etharp_tmr)
    ethernet_input                           0x0800249d   Thumb Code    76  etharp.o(i.ethernet_input)
    ethernetif_init                          0x080024e9   Thumb Code    42  ethernetif.o(i.ethernetif_init)
    fputc                                    0x08002639   Thumb Code    18  fputc.o(i.fputc)
    fs_close                                 0x0800264b   Thumb Code     4  fs.o(i.fs_close)
    fs_open                                  0x0800267d   Thumb Code   100  fs.o(i.fs_open)
    htonl                                    0x080026e9   Thumb Code     4  inet.o(i.htonl)
    htons                                    0x080026ed   Thumb Code     4  inet.o(i.htons)
    http_server_netconn_init                 0x080026f1   Thumb Code    22  httpserver-netconn.o(i.http_server_netconn_init)
    http_server_serve                        0x08002789   Thumb Code   198  httpserver-netconn.o(i.http_server_serve)
    icmp_dest_unreach                        0x080028f9   Thumb Code   102  icmp.o(i.icmp_dest_unreach)
    icmp_input                               0x0800295f   Thumb Code   276  icmp.o(i.icmp_input)
    inet_chksum                              0x08002a73   Thumb Code    12  inet_chksum.o(i.inet_chksum)
    inet_chksum_pbuf                         0x08002a7f   Thumb Code    72  inet_chksum.o(i.inet_chksum_pbuf)
    ip_addr_isbroadcast                      0x08002ac7   Thumb Code    48  ip_addr.o(i.ip_addr_isbroadcast)
    ip_input                                 0x08002af9   Thumb Code   372  ip.o(i.ip_input)
    ip_output                                0x08002c75   Thumb Code    52  ip.o(i.ip_output)
    ip_output_if                             0x08002ca9   Thumb Code   170  ip.o(i.ip_output_if)
    ip_route                                 0x08002d59   Thumb Code    62  ip.o(i.ip_route)
    lwip_init                                0x08002f65   Thumb Code    18  init.o(i.lwip_init)
    main                                     0x08002fb1   Thumb Code    68  main.o(i.main)
    mem_free                                 0x08003001   Thumb Code    60  mem.o(i.mem_free)
    mem_init                                 0x08003041   Thumb Code    52  mem.o(i.mem_init)
    mem_malloc                               0x0800307d   Thumb Code   188  mem.o(i.mem_malloc)
    mem_realloc                              0x0800313d   Thumb Code   214  mem.o(i.mem_realloc)
    memp_free                                0x08003219   Thumb Code    18  memp.o(i.memp_free)
    memp_init                                0x08003231   Thumb Code    78  memp.o(i.memp_init)
    memp_malloc                              0x08003289   Thumb Code    28  memp.o(i.memp_malloc)
    netbuf_data                              0x080032a9   Thumb Code    38  netbuf.o(i.netbuf_data)
    netbuf_delete                            0x080032cf   Thumb Code    34  netbuf.o(i.netbuf_delete)
    netconn_accept                           0x080032f1   Thumb Code    40  api_lib.o(i.netconn_accept)
    netconn_alloc                            0x08003319   Thumb Code   116  api_msg.o(i.netconn_alloc)
    netconn_bind                             0x0800338d   Thumb Code    40  api_lib.o(i.netconn_bind)
    netconn_close                            0x080033b9   Thumb Code    34  api_lib.o(i.netconn_close)
    netconn_delete                           0x080033e1   Thumb Code    36  api_lib.o(i.netconn_delete)
    netconn_free                             0x08003409   Thumb Code   104  api_msg.o(i.netconn_free)
    netconn_listen_with_backlog              0x08003471   Thumb Code    34  api_lib.o(i.netconn_listen_with_backlog)
    netconn_new_with_proto_and_callback      0x08003499   Thumb Code    66  api_lib.o(i.netconn_new_with_proto_and_callback)
    netconn_recv                             0x080034e1   Thumb Code   204  api_lib.o(i.netconn_recv)
    netconn_write                            0x080035b1   Thumb Code    54  api_lib.o(i.netconn_write)
    netif_add                                0x080035ed   Thumb Code    70  netif.o(i.netif_add)
    netif_is_up                              0x08003639   Thumb Code    10  netif.o(i.netif_is_up)
    netif_set_addr                           0x08003643   Thumb Code    32  netif.o(i.netif_set_addr)
    netif_set_default                        0x08003665   Thumb Code     6  netif.o(i.netif_set_default)
    netif_set_down                           0x08003671   Thumb Code    18  netif.o(i.netif_set_down)
    netif_set_gw                             0x08003683   Thumb Code     8  netif.o(i.netif_set_gw)
    netif_set_ipaddr                         0x0800368d   Thumb Code    96  netif.o(i.netif_set_ipaddr)
    netif_set_netmask                        0x080036f5   Thumb Code     8  netif.o(i.netif_set_netmask)
    netif_set_up                             0x080036fd   Thumb Code    28  netif.o(i.netif_set_up)
    ntohl                                    0x08003719   Thumb Code     4  inet.o(i.ntohl)
    ntohs                                    0x0800371d   Thumb Code     4  inet.o(i.ntohs)
    pbuf_alloc                               0x08003721   Thumb Code   272  pbuf.o(i.pbuf_alloc)
    pbuf_cat                                 0x08003831   Thumb Code    40  pbuf.o(i.pbuf_cat)
    pbuf_chain                               0x08003859   Thumb Code    18  pbuf.o(i.pbuf_chain)
    pbuf_clen                                0x0800386b   Thumb Code    18  pbuf.o(i.pbuf_clen)
    pbuf_copy                                0x0800387d   Thumb Code   144  pbuf.o(i.pbuf_copy)
    pbuf_free                                0x0800390d   Thumb Code    68  pbuf.o(i.pbuf_free)
    pbuf_header                              0x08003951   Thumb Code    96  pbuf.o(i.pbuf_header)
    pbuf_realloc                             0x080039b1   Thumb Code    80  pbuf.o(i.pbuf_realloc)
    pbuf_ref                                 0x08003a01   Thumb Code    12  pbuf.o(i.pbuf_ref)
    pvPortMalloc                             0x08003cf5   Thumb Code   168  heap_2.o(i.pvPortMalloc)
    pxPortInitialiseStack                    0x08003da5   Thumb Code    28  port.o(i.pxPortInitialiseStack)
    raw_bind                                 0x08003dc1   Thumb Code    10  raw.o(i.raw_bind)
    raw_input                                0x08003dcd   Thumb Code   102  raw.o(i.raw_input)
    raw_new                                  0x08003e39   Thumb Code    38  raw.o(i.raw_new)
    raw_recv                                 0x08003e65   Thumb Code     6  raw.o(i.raw_recv)
    raw_remove                               0x08003e6d   Thumb Code    40  raw.o(i.raw_remove)
    sys_arch_mbox_fetch                      0x08004039   Thumb Code    76  sys_arch.o(i.sys_arch_mbox_fetch)
    sys_arch_mbox_tryfetch                   0x08004085   Thumb Code    28  sys_arch.o(i.sys_arch_mbox_tryfetch)
    sys_arch_sem_wait                        0x080040a1   Thumb Code    66  sys_arch.o(i.sys_arch_sem_wait)
    sys_arch_timeouts                        0x080040e5   Thumb Code    40  sys_arch.o(i.sys_arch_timeouts)
    sys_init                                 0x08004115   Thumb Code    30  sys_arch.o(i.sys_init)
    sys_mbox_fetch                           0x0800413d   Thumb Code    96  sys.o(i.sys_mbox_fetch)
    sys_mbox_free                            0x0800419d   Thumb Code    18  sys_arch.o(i.sys_mbox_free)
    sys_mbox_new                             0x080041af   Thumb Code     8  sys_arch.o(i.sys_mbox_new)
    sys_mbox_post                            0x080041b7   Thumb Code    26  sys_arch.o(i.sys_mbox_post)
    sys_mbox_trypost                         0x080041d1   Thumb Code    26  sys_arch.o(i.sys_mbox_trypost)
    sys_sem_free                             0x080041eb   Thumb Code     4  sys_arch.o(i.sys_sem_free)
    sys_sem_new                              0x080041ef   Thumb Code    50  sys_arch.o(i.sys_sem_new)
    sys_sem_signal                           0x08004221   Thumb Code    10  sys_arch.o(i.sys_sem_signal)
    sys_thread_new                           0x0800422d   Thumb Code    72  sys_arch.o(i.sys_thread_new)
    sys_timeout                              0x0800427d   Thumb Code    98  sys.o(i.sys_timeout)
    sys_untimeout                            0x080042df   Thumb Code    78  sys.o(i.sys_untimeout)
    tcp_abandon                              0x0800432d   Thumb Code   144  tcp.o(i.tcp_abandon)
    tcp_accept                               0x080043c1   Thumb Code     4  tcp.o(i.tcp_accept)
    tcp_alloc                                0x080043cd   Thumb Code   232  tcp.o(i.tcp_alloc)
    tcp_arg                                  0x080044c1   Thumb Code     4  tcp.o(i.tcp_arg)
    tcp_bind                                 0x080044c5   Thumb Code   186  tcp.o(i.tcp_bind)
    tcp_close                                0x08004585   Thumb Code   154  tcp.o(i.tcp_close)
    tcp_eff_send_mss                         0x08004625   Thumb Code    32  tcp.o(i.tcp_eff_send_mss)
    tcp_enqueue                              0x08004645   Thumb Code   834  tcp_out.o(i.tcp_enqueue)
    tcp_err                                  0x08004987   Thumb Code     6  tcp.o(i.tcp_err)
    tcp_fasttmr                              0x0800498d   Thumb Code    86  tcp.o(i.tcp_fasttmr)
    tcp_input                                0x080049e9   Thumb Code   738  tcp_in.o(i.tcp_input)
    tcp_keepalive                            0x08004ce1   Thumb Code    70  tcp_out.o(i.tcp_keepalive)
    tcp_listen_with_backlog                  0x08004e15   Thumb Code   122  tcp.o(i.tcp_listen_with_backlog)
    tcp_new                                  0x08004e99   Thumb Code     6  tcp.o(i.tcp_new)
    tcp_next_iss                             0x08004f01   Thumb Code    12  tcp.o(i.tcp_next_iss)
    tcp_output                               0x08004f11   Thumb Code   432  tcp_out.o(i.tcp_output)
    tcp_pcb_purge                            0x08005271   Thumb Code    48  tcp.o(i.tcp_pcb_purge)
    tcp_pcb_remove                           0x080052a1   Thumb Code    86  tcp.o(i.tcp_pcb_remove)
    tcp_poll                                 0x080052fd   Thumb Code    10  tcp.o(i.tcp_poll)
    tcp_recv                                 0x08005a99   Thumb Code     6  tcp.o(i.tcp_recv)
    tcp_recv_null                            0x08005a9f   Thumb Code    36  tcp.o(i.tcp_recv_null)
    tcp_recved                               0x08005ac3   Thumb Code    60  tcp.o(i.tcp_recved)
    tcp_rexmit                               0x08005aff   Thumb Code    78  tcp_out.o(i.tcp_rexmit)
    tcp_rexmit_fast                          0x08005b4d   Thumb Code    86  tcp_out.o(i.tcp_rexmit_fast)
    tcp_rexmit_rto                           0x08005ba3   Thumb Code    46  tcp_out.o(i.tcp_rexmit_rto)
    tcp_rst                                  0x08005bd1   Thumb Code   156  tcp_out.o(i.tcp_rst)
    tcp_seg_free                             0x08005c6d   Thumb Code    32  tcp.o(i.tcp_seg_free)
    tcp_segs_free                            0x08005c8d   Thumb Code    26  tcp.o(i.tcp_segs_free)
    tcp_send_ctrl                            0x08005ca7   Thumb Code    22  tcp_out.o(i.tcp_send_ctrl)
    tcp_send_empty_ack                       0x08005cbd   Thumb Code    86  tcp_out.o(i.tcp_send_empty_ack)
    tcp_sent                                 0x08005d13   Thumb Code     6  tcp.o(i.tcp_sent)
    tcp_slowtmr                              0x08005d19   Thumb Code   536  tcp.o(i.tcp_slowtmr)
    tcp_timer_needed                         0x08005f41   Thumb Code    36  tcpip.o(i.tcp_timer_needed)
    tcp_tmr                                  0x08005fe1   Thumb Code    28  tcp.o(i.tcp_tmr)
    tcp_update_rcv_ann_wnd                   0x08006001   Thumb Code    54  tcp.o(i.tcp_update_rcv_ann_wnd)
    tcp_write                                0x08006037   Thumb Code    46  tcp_out.o(i.tcp_write)
    tcp_zero_window_probe                    0x08006065   Thumb Code   144  tcp_out.o(i.tcp_zero_window_probe)
    tcpip_apimsg                             0x080060f5   Thumb Code    48  tcpip.o(i.tcpip_apimsg)
    tcpip_init                               0x08006129   Thumb Code    44  tcpip.o(i.tcpip_init)
    tcpip_input                              0x08006165   Thumb Code    68  tcpip.o(i.tcpip_input)
    udp_bind                                 0x08006289   Thumb Code    86  udp.o(i.udp_bind)
    udp_input                                0x080062e5   Thumb Code   352  udp.o(i.udp_input)
    udp_new                                  0x08006449   Thumb Code    26  udp.o(i.udp_new)
    udp_recv                                 0x08006463   Thumb Code     6  udp.o(i.udp_recv)
    udp_remove                               0x08006469   Thumb Code    40  udp.o(i.udp_remove)
    udp_sendto_if                            0x08006495   Thumb Code   176  udp.o(i.udp_sendto_if)
    uxQueueMessagesWaiting                   0x080065b5   Thumb Code    18  queue.o(i.uxQueueMessagesWaiting)
    vListInitialise                          0x080065c7   Thumb Code    22  list.o(i.vListInitialise)
    vListInitialiseItem                      0x080065dd   Thumb Code     6  list.o(i.vListInitialiseItem)
    vListInsert                              0x080065e3   Thumb Code    48  list.o(i.vListInsert)
    vListInsertEnd                           0x08006613   Thumb Code    28  list.o(i.vListInsertEnd)
    vListRemove                              0x0800662f   Thumb Code    36  list.o(i.vListRemove)
    vPortEnterCritical                       0x08006655   Thumb Code    16  port.o(i.vPortEnterCritical)
    vPortExitCritical                        0x08006669   Thumb Code    16  port.o(i.vPortExitCritical)
    vPortFree                                0x0800667d   Thumb Code    56  heap_2.o(i.vPortFree)
    vPortYieldFromISR                        0x080066b9   Thumb Code    10  port.o(i.vPortYieldFromISR)
    vQueueDelete                             0x080066c9   Thumb Code    20  queue.o(i.vQueueDelete)
    vTaskDelay                               0x080066dd   Thumb Code    68  tasks.o(i.vTaskDelay)
    vTaskIncrementTick                       0x08006725   Thumb Code   114  tasks.o(i.vTaskIncrementTick)
    vTaskList                                0x080067a1   Thumb Code   118  tasks.o(i.vTaskList)
    vTaskMissedYield                         0x08006825   Thumb Code     8  tasks.o(i.vTaskMissedYield)
    vTaskPlaceOnEventList                    0x08006831   Thumb Code    56  tasks.o(i.vTaskPlaceOnEventList)
    vTaskPriorityDisinherit                  0x0800686d   Thumb Code    64  tasks.o(i.vTaskPriorityDisinherit)
    vTaskPriorityInherit                     0x080068b5   Thumb Code    90  tasks.o(i.vTaskPriorityInherit)
    vTaskSetTimeOutState                     0x08006919   Thumb Code    12  tasks.o(i.vTaskSetTimeOutState)
    vTaskStartScheduler                      0x08006929   Thumb Code    50  tasks.o(i.vTaskStartScheduler)
    vTaskSuspendAll                          0x0800696d   Thumb Code    10  tasks.o(i.vTaskSuspendAll)
    vTaskSwitchContext                       0x0800697d   Thumb Code   126  tasks.o(i.vTaskSwitchContext)
    xPortStartScheduler                      0x08006a05   Thumb Code    46  port.o(i.xPortStartScheduler)
    xPortSysTickHandler                      0x08006a41   Thumb Code    26  port.o(i.xPortSysTickHandler)
    xQueueCreate                             0x08006a61   Thumb Code    94  queue.o(i.xQueueCreate)
    xQueueCreateCountingSemaphore            0x08006abf   Thumb Code    18  queue.o(i.xQueueCreateCountingSemaphore)
    xQueueGenericReceive                     0x08006ad1   Thumb Code   264  queue.o(i.xQueueGenericReceive)
    xQueueGenericSend                        0x08006bd9   Thumb Code   210  queue.o(i.xQueueGenericSend)
    xQueueGenericSendFromISR                 0x08006cab   Thumb Code    84  queue.o(i.xQueueGenericSendFromISR)
    xTaskCheckForTimeOut                     0x08006d01   Thumb Code    68  tasks.o(i.xTaskCheckForTimeOut)
    xTaskGenericCreate                       0x08006d49   Thumb Code   344  tasks.o(i.xTaskGenericCreate)
    xTaskGetCurrentTaskHandle                0x08006ea9   Thumb Code     6  tasks.o(i.xTaskGetCurrentTaskHandle)
    xTaskGetTickCount                        0x08006eb5   Thumb Code    18  tasks.o(i.xTaskGetTickCount)
    xTaskRemoveFromEventList                 0x08006ecd   Thumb Code    88  tasks.o(i.xTaskRemoveFromEventList)
    xTaskResumeAll                           0x08006f2d   Thumb Code   168  tasks.o(i.xTaskResumeAll)
    file__STM32F2x7_files_logo_jpg           0x0800d518   Data          20  fs.o(.constdata)
    file__STM32F2x7_files_ST_gif             0x0800d52c   Data          20  fs.o(.constdata)
    file__STM32F2x7_files_stm32_jpeg         0x0800d540   Data          20  fs.o(.constdata)
    file__404_html                           0x0800d554   Data          20  fs.o(.constdata)
    file__STM32F2x7_html                     0x0800d568   Data          20  fs.o(.constdata)
    tcp_persist_backoff                      0x0800dbe8   Data           7  tcp.o(.constdata)
    tcp_backoff                              0x0800dbef   Data          13  tcp.o(.constdata)
    ip_addr_any                              0x0800dbfc   Data           4  ip_addr.o(.constdata)
    ip_addr_broadcast                        0x0800dc00   Data           4  ip_addr.o(.constdata)
    ethbroadcast                             0x0800dc04   Data           6  etharp.o(.constdata)
    ethzero                                  0x0800dc0a   Data           6  etharp.o(.constdata)
    COM_TX_PIN_SOURCE                        0x0800dc10   Data           1  stm32_eval.o(.constdata)
    COM_RX_PIN_SOURCE                        0x0800dc11   Data           1  stm32_eval.o(.constdata)
    COM_TX_AF                                0x0800dc12   Data           1  stm32_eval.o(.constdata)
    COM_RX_AF                                0x0800dc13   Data           1  stm32_eval.o(.constdata)
    COM_TX_PIN                               0x0800dc14   Data           2  stm32_eval.o(.constdata)
    COM_RX_PIN                               0x0800dc16   Data           2  stm32_eval.o(.constdata)
    BUTTON_PORT_SOURCE                       0x0800dc18   Data           3  stm32_eval.o(.constdata)
    BUTTON_PIN_SOURCE                        0x0800dc1b   Data           3  stm32_eval.o(.constdata)
    BUTTON_IRQn                              0x0800dc1e   Data           3  stm32_eval.o(.constdata)
    COM_USART_CLK                            0x0800dc24   Data           4  stm32_eval.o(.constdata)
    COM_TX_PORT_CLK                          0x0800dc28   Data           4  stm32_eval.o(.constdata)
    COM_RX_PORT_CLK                          0x0800dc2c   Data           4  stm32_eval.o(.constdata)
    BUTTON_PIN                               0x0800dc30   Data           6  stm32_eval.o(.constdata)
    BUTTON_EXTI_LINE                         0x0800dc36   Data           6  stm32_eval.o(.constdata)
    GPIO_PIN                                 0x0800dc3c   Data           8  stm32_eval.o(.constdata)
    GPIO_CLK                                 0x0800dc44   Data          16  stm32_eval.o(.constdata)
    BUTTON_CLK                               0x0800dc54   Data          12  stm32_eval.o(.constdata)
    Region$$Table$$Base                      0x0800dcc8   Number         0  anon$$obj.o(Region$$Table)
    Region$$Table$$Limit                     0x0800dce8   Number         0  anon$$obj.o(Region$$Table)
    test                                     0x20000000   Data           4  main.o(.data)
    nPageHits                                0x20000004   Data           4  httpserver-netconn.o(.data)
    netif_list                               0x20000030   Data           4  netif.o(.data)
    netif_default                            0x20000034   Data           4  netif.o(.data)
    tcp_ticks                                0x20000044   Data           4  tcp.o(.data)
    tcp_bound_pcbs                           0x20000048   Data           4  tcp.o(.data)
    tcp_listen_pcbs                          0x2000004c   Data           4  tcp.o(.data)
    tcp_active_pcbs                          0x20000050   Data           4  tcp.o(.data)
    tcp_tw_pcbs                              0x20000054   Data           4  tcp.o(.data)
    tcp_tmp_pcb                              0x20000058   Data           4  tcp.o(.data)
    tcp_state_str                            0x2000005c   Data          44  tcp.o(.data)
    tcp_input_pcb                            0x200000a0   Data           4  tcp_in.o(.data)
    udp_pcbs                                 0x200000a4   Data           4  udp.o(.data)
    current_netif                            0x200000ac   Data           4  ip.o(.data)
    current_header                           0x200000b0   Data           4  ip.o(.data)
    s_xSemaphore                             0x200000bc   Data           4  ethernetif.o(.data)
    DMATxDescToSet                           0x200000d8   Data           4  stm32f2x7_eth.o(.data)
    DMARxDescToGet                           0x200000dc   Data           4  stm32f2x7_eth.o(.data)
    DMA_RX_FRAME_infos                       0x200000e0   Data           4  stm32f2x7_eth.o(.data)
    COM_USART                                0x200000e4   Data           4  stm32_eval.o(.data)
    COM_TX_PORT                              0x200000e8   Data           4  stm32_eval.o(.data)
    COM_RX_PORT                              0x200000ec   Data           4  stm32_eval.o(.data)
    NVIC_InitStructure                       0x200000f0   Data           4  stm32_eval.o(.data)
    GPIO_PORT                                0x200000f4   Data          16  stm32_eval.o(.data)
    BUTTON_PORT                              0x20000104   Data          12  stm32_eval.o(.data)
    pxCurrentTCB                             0x2000012c   Data           4  tasks.o(.data)
    __stdout                                 0x20000178   Data           4  stdout.o(.data)
    xnetif                                   0x2000017c   Data          52  netconf.o(.bss)
    fs_memory                                0x200001b0   Data         240  fs.o(.bss)
    DMARxDscrTab                             0x2000431c   Data         128  stm32f2x7_eth.o(.bss)
    DMATxDscrTab                             0x2000439c   Data         128  stm32f2x7_eth.o(.bss)
    Rx_Buff                                  0x2000441c   Data        6096  stm32f2x7_eth.o(.bss)
    Tx_Buff                                  0x20005bec   Data        6096  stm32f2x7_eth.o(.bss)
    RX_Frame_Descriptor                      0x200073bc   Data          12  stm32f2x7_eth.o(.bss)
    __initial_sp                             0x2000b4d8   Data           0  startup_stm32f2xx.o(STACK)



==============================================================================

Memory Map of the image

  Image Entry point : 0x08000185

  Load Region LR_IROM1 (Base: 0x08000000, Size: 0x0000de64, Max: 0x00100000, ABSOLUTE, COMPRESSED[0x0000dd44])

    Execution Region ER_IROM1 (Base: 0x08000000, Size: 0x0000dce8, Max: 0x00100000, ABSOLUTE)

    Base Addr    Size         Type   Attr      Idx    E Section Name        Object

    0x08000000   0x00000184   Data   RO          144    RESET               startup_stm32f2xx.o
    0x08000184   0x00000000   Code   RO         5476  * .ARM.Collect$$$$00000000  mc_w.l(entry.o)
    0x08000184   0x00000004   Code   RO         5764    .ARM.Collect$$$$00000001  mc_w.l(entry2.o)
    0x08000188   0x00000004   Code   RO         5767    .ARM.Collect$$$$00000004  mc_w.l(entry5.o)
    0x0800018c   0x00000000   Code   RO         5769    .ARM.Collect$$$$00000008  mc_w.l(entry7b.o)
    0x0800018c   0x00000008   Code   RO         5770    .ARM.Collect$$$$00000009  mc_w.l(entry8.o)
    0x08000194   0x00000004   Code   RO         5765    .ARM.Collect$$$$00002712  mc_w.l(entry2.o)
    0x08000198   0x00000088   Code   RO         5021    .emb_text           port.o
    0x08000220   0x00000024   Code   RO          145    .text               startup_stm32f2xx.o
    0x08000244   0x00000024   Code   RO         5479    .text               mc_w.l(memcpya.o)
    0x08000268   0x00000026   Code   RO         5481    .text               mc_w.l(memseta.o)
    0x0800028e   0x0000001c   Code   RO         5483    .text               mc_w.l(strcat.o)
    0x080002aa   0x00000018   Code   RO         5485    .text               mc_w.l(strncpy.o)
    0x080002c2   0x00000010   Code   RO         5487    .text               mc_w.l(strlen.o)
    0x080002d2   0x0000001c   Code   RO         5489    .text               mc_w.l(strcmp.o)
    0x080002ee   0x0000001e   Code   RO         5491    .text               mc_w.l(strncmp.o)
    0x0800030c   0x0000002c   Code   RO         5774    .text               mc_w.l(uidiv.o)
    0x08000338   0x00000024   Code   RO         5789    .text               mc_w.l(init.o)
    0x0800035c   0x00000000   Code   RO         5791    .text               mc_w.l(semi.o)
    0x0800035c   0x00000000   Code   RO         5798    .text               mc_w.l(iusesemip.o)
    0x0800035c   0x0000005c   Code   RO         5807    .text               mc_w.l(__dczerorl2.o)
    0x080003b8   0x00000002   Code   RO          377    i.BusFault_Handler  stm32f2xx_it.o
    0x080003ba   0x00000002   Code   RO          378    i.DebugMon_Handler  stm32f2xx_it.o
    0x080003bc   0x00000178   Code   RO          507    i.DynWebPage        httpserver-netconn.o
    0x08000534   0x00000034   Code   RO          355    i.ETH_BSP_Config    stm32f2x7_eth_bsp.o
    0x08000568   0x0000000c   Code   RO         4141    i.ETH_DMAClearITPendingBit  stm32f2x7_eth.o
    0x08000574   0x00000018   Code   RO         4142    i.ETH_DMAITConfig   stm32f2x7_eth.o
    0x0800058c   0x0000001c   Code   RO         4143    i.ETH_DMAReceptionCmd  stm32f2x7_eth.o
    0x080005a8   0x00000058   Code   RO         4144    i.ETH_DMARxDescChainInit  stm32f2x7_eth.o
    0x08000600   0x00000012   Code   RO         4145    i.ETH_DMARxDescReceiveITConfig  stm32f2x7_eth.o
    0x08000612   0x00000002   PAD
    0x08000614   0x0000001c   Code   RO         4146    i.ETH_DMATransmissionCmd  stm32f2x7_eth.o
    0x08000630   0x00000048   Code   RO         4149    i.ETH_DMATxDescChainInit  stm32f2x7_eth.o
    0x08000678   0x00000008   Code   RO         4150    i.ETH_DMATxDescChecksumInsertionConfig  stm32f2x7_eth.o
    0x08000680   0x00000018   Code   RO         4155    i.ETH_DeInit        stm32f2x7_eth.o
    0x08000698   0x0000000a   Code   RO         4156    i.ETH_Delay         stm32f2x7_eth.o
    0x080006a2   0x00000002   PAD
    0x080006a4   0x00000010   Code   RO         4158    i.ETH_FlushTransmitFIFO  stm32f2x7_eth.o
    0x080006b4   0x000000dc   Code   RO          356    i.ETH_GPIO_Config   stm32f2x7_eth_bsp.o
    0x08000790   0x00000014   Code   RO         4164    i.ETH_GetDMAFlagStatus  stm32f2x7_eth.o
    0x080007a4   0x00000014   Code   RO         4184    i.ETH_GetSoftwareResetStatus  stm32f2x7_eth.o
    0x080007b8   0x0000008c   Code   RO         4187    i.ETH_Get_Received_Frame_interrupt  stm32f2x7_eth.o
    0x08000844   0x0000003c   Code   RO          379    i.ETH_IRQHandler    stm32f2xx_it.o
    0x08000880   0x00000220   Code   RO         4189    i.ETH_Init          stm32f2x7_eth.o
    0x08000aa0   0x0000001c   Code   RO         4191    i.ETH_MACAddressConfig  stm32f2x7_eth.o
    0x08000abc   0x0000007c   Code   RO          357    i.ETH_MACDMA_Config  stm32f2x7_eth_bsp.o
    0x08000b38   0x0000001c   Code   RO         4196    i.ETH_MACReceptionCmd  stm32f2x7_eth.o
    0x08000b54   0x0000001c   Code   RO         4197    i.ETH_MACTransmissionCmd  stm32f2x7_eth.o
    0x08000b70   0x000000ac   Code   RO         4208    i.ETH_Prepare_Transmit_Descriptors  stm32f2x7_eth.o
    0x08000c1c   0x00000050   Code   RO         4209    i.ETH_ReadPHYRegister  stm32f2x7_eth.o
    0x08000c6c   0x00000010   Code   RO         4217    i.ETH_SoftwareReset  stm32f2x7_eth.o
    0x08000c7c   0x00000022   Code   RO         4218    i.ETH_Start         stm32f2x7_eth.o
    0x08000c9e   0x00000088   Code   RO         4219    i.ETH_StructInit    stm32f2x7_eth.o
    0x08000d26   0x00000002   PAD
    0x08000d28   0x0000004c   Code   RO         4221    i.ETH_WritePHYRegister  stm32f2x7_eth.o
    0x08000d74   0x0000007c   Code   RO         3345    i.GPIO_Init         stm32f2xx_gpio.o
    0x08000df0   0x00000020   Code   RO         3346    i.GPIO_PinAFConfig  stm32f2xx_gpio.o
    0x08000e10   0x00000002   Code   RO          380    i.HardFault_Handler  stm32f2xx_it.o
    0x08000e12   0x00000036   Code   RO          150    i.LCD_LED_Init      main.o
    0x08000e48   0x00000060   Code   RO          294    i.LwIP_Init         netconf.o
    0x08000ea8   0x00000002   Code   RO          381    i.MemManage_Handler  stm32f2xx_it.o
    0x08000eaa   0x00000002   Code   RO          382    i.NMI_Handler       stm32f2xx_it.o
    0x08000eac   0x00000064   Code   RO         2594    i.NVIC_Init         misc.o
    0x08000f10   0x00000014   Code   RO         2595    i.NVIC_PriorityGroupConfig  misc.o
    0x08000f24   0x00000018   Code   RO         3434    i.RCC_AHB1PeriphClockCmd  stm32f2xx_rcc.o
    0x08000f3c   0x00000018   Code   RO         3436    i.RCC_AHB1PeriphResetCmd  stm32f2xx_rcc.o
    0x08000f54   0x00000018   Code   RO         3446    i.RCC_APB2PeriphClockCmd  stm32f2xx_rcc.o
    0x08000f6c   0x00000098   Code   RO         3455    i.RCC_GetClocksFreq  stm32f2xx_rcc.o
    0x08001004   0x00000014   Code   RO         3466    i.RCC_MCO1Config    stm32f2xx_rcc.o
    0x08001018   0x00000048   Code   RO         4660    i.STM_EVAL_LEDInit  stm32_eval.o
    0x08001060   0x00000018   Code   RO         4661    i.STM_EVAL_LEDOff   stm32_eval.o
    0x08001078   0x0000001c   Code   RO         4663    i.STM_EVAL_LEDToggle  stm32_eval.o
    0x08001094   0x0000000c   Code   RO         3894    i.SYSCFG_ETH_MediaInterfaceConfig  stm32f2xx_syscfg.o
    0x080010a0   0x00000084   Code   RO            1    i.SetSysClock       system_stm32f2xx.o
    0x08001124   0x00000004   Code   RO          385    i.SysTick_Handler   stm32f2xx_it.o
    0x08001128   0x00000050   Code   RO            3    i.SystemInit        system_stm32f2xx.o
    0x08001178   0x00000024   Code   RO          151    i.ToggleLed4        main.o
    0x0800119c   0x00000002   Code   RO          386    i.UsageFault_Handler  stm32f2xx_it.o
    0x0800119e   0x00000002   PAD
    0x080011a0   0x00000020   Code   RO         5584    i.__0printf$3       mc_w.l(printf3.o)
    0x080011c0   0x00000028   Code   RO         5586    i.__0sprintf$3      mc_w.l(printf3.o)
    0x080011e8   0x0000000e   Code   RO         5801    i.__scatterload_copy  mc_w.l(handlers.o)
    0x080011f6   0x00000002   Code   RO         5802    i.__scatterload_null  mc_w.l(handlers.o)
    0x080011f8   0x0000000e   Code   RO         5803    i.__scatterload_zeroinit  mc_w.l(handlers.o)
    0x08001206   0x00000002   PAD
    0x08001208   0x000001b4   Code   RO         5591    i._printf_core      mc_w.l(printf3.o)
    0x080013bc   0x0000000a   Code   RO         5593    i._sputc            mc_w.l(printf3.o)
    0x080013c6   0x00000058   Code   RO          663    i.accept_function   api_msg.o
    0x0800141e   0x00000002   PAD
    0x08001420   0x0000001c   Code   RO          906    i.arp_timer         tcpip.o
    0x0800143c   0x0000001c   Code   RO         2262    i.arp_timer         ethernetif.o
    0x08001458   0x0000001e   Code   RO         1023    i.dhcp_arp_reply    dhcp.o
    0x08001476   0x00000002   PAD
    0x08001478   0x000000d8   Code   RO         1024    i.dhcp_bind         dhcp.o
    0x08001550   0x00000026   Code   RO         1025    i.dhcp_check        dhcp.o
    0x08001576   0x00000002   PAD
    0x08001578   0x00000060   Code   RO         1026    i.dhcp_coarse_tmr   dhcp.o
    0x080015d8   0x00000104   Code   RO         1027    i.dhcp_create_request  dhcp.o
    0x080016dc   0x0000007c   Code   RO         1028    i.dhcp_decline      dhcp.o
    0x08001758   0x0000001c   Code   RO         1029    i.dhcp_delete_request  dhcp.o
    0x08001774   0x000000c8   Code   RO         1030    i.dhcp_discover     dhcp.o
    0x0800183c   0x00000034   Code   RO         1031    i.dhcp_fine_tmr     dhcp.o
    0x08001870   0x00000020   Code   RO         1038    i.dhcp_option       dhcp.o
    0x08001890   0x00000010   Code   RO         1039    i.dhcp_option_byte  dhcp.o
    0x080018a0   0x00000042   Code   RO         1040    i.dhcp_option_long  dhcp.o
    0x080018e2   0x00000022   Code   RO         1041    i.dhcp_option_short  dhcp.o
    0x08001904   0x00000030   Code   RO         1042    i.dhcp_option_trailer  dhcp.o
    0x08001934   0x00000094   Code   RO         1043    i.dhcp_rebind       dhcp.o
    0x080019c8   0x000000ac   Code   RO         1044    i.dhcp_reboot       dhcp.o
    0x08001a74   0x000000b4   Code   RO         1046    i.dhcp_release      dhcp.o
    0x08001b28   0x00000090   Code   RO         1047    i.dhcp_renew        dhcp.o
    0x08001bb8   0x000000f0   Code   RO         1048    i.dhcp_select       dhcp.o
    0x08001ca8   0x0000000e   Code   RO         1049    i.dhcp_set_state    dhcp.o
    0x08001cb6   0x00000088   Code   RO         1052    i.dhcp_timeout      dhcp.o
    0x08001d3e   0x00000002   PAD
    0x08001d40   0x0000001c   Code   RO          907    i.dhcp_timer_coarse  tcpip.o
    0x08001d5c   0x0000001c   Code   RO          908    i.dhcp_timer_fine   tcpip.o
    0x08001d78   0x0000005c   Code   RO          664    i.do_bind           api_msg.o
    0x08001dd4   0x00000022   Code   RO          665    i.do_close          api_msg.o
    0x08001df6   0x00000002   PAD
    0x08001df8   0x000000a8   Code   RO          666    i.do_close_internal  api_msg.o
    0x08001ea0   0x00000068   Code   RO          669    i.do_delconn        api_msg.o
    0x08001f08   0x00000094   Code   RO          672    i.do_listen         api_msg.o
    0x08001f9c   0x0000001c   Code   RO          673    i.do_newconn        api_msg.o
    0x08001fb8   0x0000002e   Code   RO          674    i.do_recv           api_msg.o
    0x08001fe6   0x00000036   Code   RO          676    i.do_write          api_msg.o
    0x0800201c   0x000000b8   Code   RO          677    i.do_writemore      api_msg.o
    0x080020d4   0x00000064   Code   RO          678    i.err_tcp           api_msg.o
    0x08002138   0x000000de   Code   RO         2165    i.etharp_arp_input  etharp.o
    0x08002216   0x00000002   PAD
    0x08002218   0x000000b8   Code   RO         2168    i.etharp_output     etharp.o
    0x080022d0   0x0000008c   Code   RO         2169    i.etharp_query      etharp.o
    0x0800235c   0x000000a6   Code   RO         2170    i.etharp_raw        etharp.o
    0x08002402   0x00000002   PAD
    0x08002404   0x00000024   Code   RO         2171    i.etharp_request    etharp.o
    0x08002428   0x00000036   Code   RO         2172    i.etharp_send_ip    etharp.o
    0x0800245e   0x00000002   PAD
    0x08002460   0x0000003c   Code   RO         2173    i.etharp_tmr        etharp.o
    0x0800249c   0x0000004c   Code   RO         2174    i.ethernet_input    etharp.o
    0x080024e8   0x00000038   Code   RO         2263    i.ethernetif_init   ethernetif.o
    0x08002520   0x00000030   Code   RO         2264    i.ethernetif_input  ethernetif.o
    0x08002550   0x000000e8   Code   RO         2175    i.find_entry        etharp.o
    0x08002638   0x00000012   Code   RO         5771    i.fputc             mc_w.l(fputc.o)
    0x0800264a   0x00000004   Code   RO          448    i.fs_close          fs.o
    0x0800264e   0x00000002   PAD
    0x08002650   0x0000002c   Code   RO          449    i.fs_free           fs.o
    0x0800267c   0x0000006c   Code   RO          450    i.fs_open           fs.o
    0x080026e8   0x00000004   Code   RO         2022    i.htonl             inet.o
    0x080026ec   0x00000004   Code   RO         2023    i.htons             inet.o
    0x080026f0   0x00000024   Code   RO          508    i.http_server_netconn_init  httpserver-netconn.o
    0x08002714   0x00000074   Code   RO          509    i.http_server_netconn_thread  httpserver-netconn.o
    0x08002788   0x00000170   Code   RO          510    i.http_server_serve  httpserver-netconn.o
    0x080028f8   0x00000066   Code   RO         1998    i.icmp_dest_unreach  icmp.o
    0x0800295e   0x00000114   Code   RO         1999    i.icmp_input        icmp.o
    0x08002a72   0x0000000c   Code   RO         2071    i.inet_chksum       inet_chksum.o
    0x08002a7e   0x00000048   Code   RO         2072    i.inet_chksum_pbuf  inet_chksum.o
    0x08002ac6   0x00000030   Code   RO         2136    i.ip_addr_isbroadcast  ip_addr.o
    0x08002af6   0x00000002   PAD
    0x08002af8   0x0000017c   Code   RO         2100    i.ip_input          ip.o
    0x08002c74   0x00000034   Code   RO         2101    i.ip_output         ip.o
    0x08002ca8   0x000000b0   Code   RO         2102    i.ip_output_if      ip.o
    0x08002d58   0x00000048   Code   RO         2103    i.ip_route          ip.o
    0x08002da0   0x000000cc   Code   RO         2265    i.low_level_init    ethernetif.o
    0x08002e6c   0x00000088   Code   RO         2266    i.low_level_input   ethernetif.o
    0x08002ef4   0x00000070   Code   RO         2267    i.low_level_output  ethernetif.o
    0x08002f64   0x00000012   Code   RO         1203    i.lwip_init         init.o
    0x08002f76   0x0000003a   Code   RO         2074    i.lwip_standard_chksum  inet_chksum.o
    0x08002fb0   0x00000050   Code   RO          152    i.main              main.o
    0x08003000   0x00000040   Code   RO         1228    i.mem_free          mem.o
    0x08003040   0x0000003c   Code   RO         1229    i.mem_init          mem.o
    0x0800307c   0x000000c0   Code   RO         1230    i.mem_malloc        mem.o
    0x0800313c   0x000000dc   Code   RO         1231    i.mem_realloc       mem.o
    0x08003218   0x00000018   Code   RO         1271    i.memp_free         memp.o
    0x08003230   0x00000058   Code   RO         1272    i.memp_init         memp.o
    0x08003288   0x00000020   Code   RO         1273    i.memp_malloc       memp.o
    0x080032a8   0x00000026   Code   RO          827    i.netbuf_data       netbuf.o
    0x080032ce   0x00000022   Code   RO          828    i.netbuf_delete     netbuf.o
    0x080032f0   0x00000028   Code   RO          556    i.netconn_accept    api_lib.o
    0x08003318   0x00000074   Code   RO          679    i.netconn_alloc     api_msg.o
    0x0800338c   0x0000002c   Code   RO          557    i.netconn_bind      api_lib.o
    0x080033b8   0x00000028   Code   RO          558    i.netconn_close     api_lib.o
    0x080033e0   0x00000028   Code   RO          560    i.netconn_delete    api_lib.o
    0x08003408   0x00000068   Code   RO          680    i.netconn_free      api_msg.o
    0x08003470   0x00000028   Code   RO          563    i.netconn_listen_with_backlog  api_lib.o
    0x08003498   0x00000048   Code   RO          564    i.netconn_new_with_proto_and_callback  api_lib.o
    0x080034e0   0x000000d0   Code   RO          565    i.netconn_recv      api_lib.o
    0x080035b0   0x0000003c   Code   RO          568    i.netconn_write     api_lib.o
    0x080035ec   0x0000004c   Code   RO         1312    i.netif_add         netif.o
    0x08003638   0x0000000a   Code   RO         1314    i.netif_is_up       netif.o
    0x08003642   0x00000020   Code   RO         1316    i.netif_set_addr    netif.o
    0x08003662   0x00000002   PAD
    0x08003664   0x0000000c   Code   RO         1317    i.netif_set_default  netif.o
    0x08003670   0x00000012   Code   RO         1318    i.netif_set_down    netif.o
    0x08003682   0x00000008   Code   RO         1319    i.netif_set_gw      netif.o
    0x0800368a   0x00000002   PAD
    0x0800368c   0x00000068   Code   RO         1320    i.netif_set_ipaddr  netif.o
    0x080036f4   0x00000008   Code   RO         1321    i.netif_set_netmask  netif.o
    0x080036fc   0x0000001c   Code   RO         1322    i.netif_set_up      netif.o
    0x08003718   0x00000004   Code   RO         2027    i.ntohl             inet.o
    0x0800371c   0x00000004   Code   RO         2028    i.ntohs             inet.o
    0x08003720   0x00000110   Code   RO         1391    i.pbuf_alloc        pbuf.o
    0x08003830   0x00000028   Code   RO         1392    i.pbuf_cat          pbuf.o
    0x08003858   0x00000012   Code   RO         1393    i.pbuf_chain        pbuf.o
    0x0800386a   0x00000012   Code   RO         1394    i.pbuf_clen         pbuf.o
    0x0800387c   0x00000090   Code   RO         1396    i.pbuf_copy         pbuf.o
    0x0800390c   0x00000044   Code   RO         1399    i.pbuf_free         pbuf.o
    0x08003950   0x00000060   Code   RO         1400    i.pbuf_header       pbuf.o
    0x080039b0   0x00000050   Code   RO         1401    i.pbuf_realloc      pbuf.o
    0x08003a00   0x0000000c   Code   RO         1402    i.pbuf_ref          pbuf.o
    0x08003a0c   0x00000090   Code   RO          681    i.pcb_new           api_msg.o
    0x08003a9c   0x00000054   Code   RO         1232    i.plug_holes        mem.o
    0x08003af0   0x0000001c   Code   RO          682    i.poll_tcp          api_msg.o
    0x08003b0c   0x00000060   Code   RO         5114    i.prvCheckTasksWaitingTermination  tasks.o
    0x08003b6c   0x0000002a   Code   RO         5380    i.prvCopyDataFromQueue  queue.o
    0x08003b96   0x0000005a   Code   RO         5381    i.prvCopyDataToQueue  queue.o
    0x08003bf0   0x00000018   Code   RO         5115    i.prvIdleTask       tasks.o
    0x08003c08   0x00000088   Code   RO         5116    i.prvListTaskWithinSingleList  tasks.o
    0x08003c90   0x00000064   Code   RO         5382    i.prvUnlockQueue    queue.o
    0x08003cf4   0x000000b0   Code   RO         5075    i.pvPortMalloc      heap_2.o
    0x08003da4   0x0000001c   Code   RO         5022    i.pxPortInitialiseStack  port.o
    0x08003dc0   0x0000000a   Code   RO         1478    i.raw_bind          raw.o
    0x08003dca   0x00000002   PAD
    0x08003dcc   0x0000006c   Code   RO         1480    i.raw_input         raw.o
    0x08003e38   0x0000002c   Code   RO         1481    i.raw_new           raw.o
    0x08003e64   0x00000006   Code   RO         1482    i.raw_recv          raw.o
    0x08003e6a   0x00000002   PAD
    0x08003e6c   0x0000002c   Code   RO         1483    i.raw_remove        raw.o
    0x08003e98   0x00000072   Code   RO          683    i.recv_raw          api_msg.o
    0x08003f0a   0x00000040   Code   RO          684    i.recv_tcp          api_msg.o
    0x08003f4a   0x00000068   Code   RO          685    i.recv_udp          api_msg.o
    0x08003fb2   0x00000042   Code   RO          686    i.sent_tcp          api_msg.o
    0x08003ff4   0x00000044   Code   RO          687    i.setup_tcp         api_msg.o
    0x08004038   0x0000004c   Code   RO         2303    i.sys_arch_mbox_fetch  sys_arch.o
    0x08004084   0x0000001c   Code   RO         2304    i.sys_arch_mbox_tryfetch  sys_arch.o
    0x080040a0   0x00000042   Code   RO         2306    i.sys_arch_sem_wait  sys_arch.o
    0x080040e2   0x00000002   PAD
    0x080040e4   0x00000030   Code   RO         2307    i.sys_arch_timeouts  sys_arch.o
    0x08004114   0x00000028   Code   RO         2310    i.sys_init          sys_arch.o
    0x0800413c   0x00000060   Code   RO         1541    i.sys_mbox_fetch    sys.o
    0x0800419c   0x00000012   Code   RO         2311    i.sys_mbox_free     sys_arch.o
    0x080041ae   0x00000008   Code   RO         2312    i.sys_mbox_new      sys_arch.o
    0x080041b6   0x0000001a   Code   RO         2313    i.sys_mbox_post     sys_arch.o
    0x080041d0   0x0000001a   Code   RO         2314    i.sys_mbox_trypost  sys_arch.o
    0x080041ea   0x00000004   Code   RO         2315    i.sys_sem_free      sys_arch.o
    0x080041ee   0x00000032   Code   RO         2316    i.sys_sem_new       sys_arch.o
    0x08004220   0x0000000a   Code   RO         2317    i.sys_sem_signal    sys_arch.o
    0x0800422a   0x00000002   PAD
    0x0800422c   0x00000050   Code   RO         2318    i.sys_thread_new    sys_arch.o
    0x0800427c   0x00000062   Code   RO         1545    i.sys_timeout       sys.o
    0x080042de   0x0000004e   Code   RO         1546    i.sys_untimeout     sys.o
    0x0800432c   0x00000094   Code   RO         1596    i.tcp_abandon       tcp.o
    0x080043c0   0x00000004   Code   RO         1597    i.tcp_accept        tcp.o
    0x080043c4   0x00000006   Code   RO         1598    i.tcp_accept_null   tcp.o
    0x080043ca   0x00000002   PAD
    0x080043cc   0x000000f4   Code   RO         1599    i.tcp_alloc         tcp.o
    0x080044c0   0x00000004   Code   RO         1600    i.tcp_arg           tcp.o
    0x080044c4   0x000000c0   Code   RO         1601    i.tcp_bind          tcp.o
    0x08004584   0x000000a0   Code   RO         1602    i.tcp_close         tcp.o
    0x08004624   0x00000020   Code   RO         1605    i.tcp_eff_send_mss  tcp.o
    0x08004644   0x00000342   Code   RO         1827    i.tcp_enqueue       tcp_out.o
    0x08004986   0x00000006   Code   RO         1606    i.tcp_err           tcp.o
    0x0800498c   0x0000005c   Code   RO         1607    i.tcp_fasttmr       tcp.o
    0x080049e8   0x000002f8   Code   RO         1779    i.tcp_input         tcp_in.o
    0x08004ce0   0x00000046   Code   RO         1828    i.tcp_keepalive     tcp_out.o
    0x08004d26   0x00000002   PAD
    0x08004d28   0x000000ec   Code   RO         1780    i.tcp_listen_input  tcp_in.o
    0x08004e14   0x00000084   Code   RO         1608    i.tcp_listen_with_backlog  tcp.o
    0x08004e98   0x00000006   Code   RO         1609    i.tcp_new           tcp.o
    0x08004e9e   0x00000002   PAD
    0x08004ea0   0x00000060   Code   RO         1610    i.tcp_new_port      tcp.o
    0x08004f00   0x00000010   Code   RO         1611    i.tcp_next_iss      tcp.o
    0x08004f10   0x000001b4   Code   RO         1829    i.tcp_output        tcp_out.o
    0x080050c4   0x000000b4   Code   RO         1830    i.tcp_output_segment  tcp_out.o
    0x08005178   0x0000007c   Code   RO         1831    i.tcp_output_set_header  tcp_out.o
    0x080051f4   0x0000007c   Code   RO         1781    i.tcp_parseopt      tcp_in.o
    0x08005270   0x00000030   Code   RO         1612    i.tcp_pcb_purge     tcp.o
    0x080052a0   0x0000005c   Code   RO         1613    i.tcp_pcb_remove    tcp.o
    0x080052fc   0x0000000a   Code   RO         1614    i.tcp_poll          tcp.o
    0x08005306   0x00000002   PAD
    0x08005308   0x00000354   Code   RO         1782    i.tcp_process       tcp_in.o
    0x0800565c   0x0000043c   Code   RO         1783    i.tcp_receive       tcp_in.o
    0x08005a98   0x00000006   Code   RO         1615    i.tcp_recv          tcp.o
    0x08005a9e   0x00000024   Code   RO         1616    i.tcp_recv_null     tcp.o
    0x08005ac2   0x0000003c   Code   RO         1617    i.tcp_recved        tcp.o
    0x08005afe   0x0000004e   Code   RO         1832    i.tcp_rexmit        tcp_out.o
    0x08005b4c   0x00000056   Code   RO         1833    i.tcp_rexmit_fast   tcp_out.o
    0x08005ba2   0x0000002e   Code   RO         1834    i.tcp_rexmit_rto    tcp_out.o
    0x08005bd0   0x0000009c   Code   RO         1835    i.tcp_rst           tcp_out.o
    0x08005c6c   0x00000020   Code   RO         1618    i.tcp_seg_free      tcp.o
    0x08005c8c   0x0000001a   Code   RO         1619    i.tcp_segs_free     tcp.o
    0x08005ca6   0x00000016   Code   RO         1836    i.tcp_send_ctrl     tcp_out.o
    0x08005cbc   0x00000056   Code   RO         1837    i.tcp_send_empty_ack  tcp_out.o
    0x08005d12   0x00000006   Code   RO         1620    i.tcp_sent          tcp.o
    0x08005d18   0x00000228   Code   RO         1622    i.tcp_slowtmr       tcp.o
    0x08005f40   0x00000034   Code   RO          912    i.tcp_timer_needed  tcpip.o
    0x08005f74   0x0000006c   Code   RO         1784    i.tcp_timewait_input  tcp_in.o
    0x08005fe0   0x00000020   Code   RO         1623    i.tcp_tmr           tcp.o
    0x08006000   0x00000036   Code   RO         1624    i.tcp_update_rcv_ann_wnd  tcp.o
    0x08006036   0x0000002e   Code   RO         1838    i.tcp_write         tcp_out.o
    0x08006064   0x00000090   Code   RO         1839    i.tcp_zero_window_probe  tcp_out.o
    0x080060f4   0x00000034   Code   RO          913    i.tcpip_apimsg      tcpip.o
    0x08006128   0x0000003c   Code   RO          915    i.tcpip_init        tcpip.o
    0x08006164   0x00000048   Code   RO          916    i.tcpip_input       tcpip.o
    0x080061ac   0x00000038   Code   RO          917    i.tcpip_tcp_timer   tcpip.o
    0x080061e4   0x000000a4   Code   RO          918    i.tcpip_thread      tcpip.o
    0x08006288   0x0000005c   Code   RO         1909    i.udp_bind          udp.o
    0x080062e4   0x00000164   Code   RO         1912    i.udp_input         udp.o
    0x08006448   0x0000001a   Code   RO         1913    i.udp_new           udp.o
    0x08006462   0x00000006   Code   RO         1914    i.udp_recv          udp.o
    0x08006468   0x0000002c   Code   RO         1915    i.udp_remove        udp.o
    0x08006494   0x000000b0   Code   RO         1918    i.udp_sendto_if     udp.o
    0x08006544   0x00000070   Code   RO         2176    i.update_arp_entry  etharp.o
    0x080065b4   0x00000012   Code   RO         5383    i.uxQueueMessagesWaiting  queue.o
    0x080065c6   0x00000016   Code   RO         5344    i.vListInitialise   list.o
    0x080065dc   0x00000006   Code   RO         5345    i.vListInitialiseItem  list.o
    0x080065e2   0x00000030   Code   RO         5346    i.vListInsert       list.o
    0x08006612   0x0000001c   Code   RO         5347    i.vListInsertEnd    list.o
    0x0800662e   0x00000024   Code   RO         5348    i.vListRemove       list.o
    0x08006652   0x00000002   PAD
    0x08006654   0x00000014   Code   RO         5024    i.vPortEnterCritical  port.o
    0x08006668   0x00000014   Code   RO         5025    i.vPortExitCritical  port.o
    0x0800667c   0x0000003c   Code   RO         5076    i.vPortFree         heap_2.o
    0x080066b8   0x00000010   Code   RO         5026    i.vPortYieldFromISR  port.o
    0x080066c8   0x00000014   Code   RO         5385    i.vQueueDelete      queue.o
    0x080066dc   0x00000048   Code   RO         5120    i.vTaskDelay        tasks.o
    0x08006724   0x0000007c   Code   RO         5123    i.vTaskIncrementTick  tasks.o
    0x080067a0   0x00000084   Code   RO         5124    i.vTaskList         tasks.o
    0x08006824   0x0000000c   Code   RO         5125    i.vTaskMissedYield  tasks.o
    0x08006830   0x0000003c   Code   RO         5126    i.vTaskPlaceOnEventList  tasks.o
    0x0800686c   0x00000048   Code   RO         5127    i.vTaskPriorityDisinherit  tasks.o
    0x080068b4   0x00000064   Code   RO         5128    i.vTaskPriorityInherit  tasks.o
    0x08006918   0x00000010   Code   RO         5130    i.vTaskSetTimeOutState  tasks.o
    0x08006928   0x00000044   Code   RO         5131    i.vTaskStartScheduler  tasks.o
    0x0800696c   0x00000010   Code   RO         5133    i.vTaskSuspendAll   tasks.o
    0x0800697c   0x00000088   Code   RO         5134    i.vTaskSwitchContext  tasks.o
    0x08006a04   0x0000003c   Code   RO         5027    i.xPortStartScheduler  port.o
    0x08006a40   0x00000020   Code   RO         5028    i.xPortSysTickHandler  port.o
    0x08006a60   0x0000005e   Code   RO         5386    i.xQueueCreate      queue.o
    0x08006abe   0x00000012   Code   RO         5387    i.xQueueCreateCountingSemaphore  queue.o
    0x08006ad0   0x00000108   Code   RO         5389    i.xQueueGenericReceive  queue.o
    0x08006bd8   0x000000d2   Code   RO         5390    i.xQueueGenericSend  queue.o
    0x08006caa   0x00000054   Code   RO         5391    i.xQueueGenericSendFromISR  queue.o
    0x08006cfe   0x00000002   PAD
    0x08006d00   0x00000048   Code   RO         5135    i.xTaskCheckForTimeOut  tasks.o
    0x08006d48   0x00000160   Code   RO         5136    i.xTaskGenericCreate  tasks.o
    0x08006ea8   0x0000000c   Code   RO         5137    i.xTaskGetCurrentTaskHandle  tasks.o
    0x08006eb4   0x00000018   Code   RO         5138    i.xTaskGetTickCount  tasks.o
    0x08006ecc   0x00000060   Code   RO         5140    i.xTaskRemoveFromEventList  tasks.o
    0x08006f2c   0x000000b0   Code   RO         5141    i.xTaskResumeAll    tasks.o
    0x08006fdc   0x00000c57   Data   RO          453    .constdata          fs.o
    0x08007c33   0x00000aba   Data   RO          454    .constdata          fs.o
    0x080086ed   0x00002287   Data   RO          455    .constdata          fs.o
    0x0800a974   0x000004db   Data   RO          456    .constdata          fs.o
    0x0800ae4f   0x000026c8   Data   RO          457    .constdata          fs.o
    0x0800d517   0x00000001   PAD
    0x0800d518   0x00000014   Data   RO          458    .constdata          fs.o
    0x0800d52c   0x00000014   Data   RO          459    .constdata          fs.o
    0x0800d540   0x00000014   Data   RO          460    .constdata          fs.o
    0x0800d554   0x00000014   Data   RO          461    .constdata          fs.o
    0x0800d568   0x00000014   Data   RO          462    .constdata          fs.o
    0x0800d57c   0x0000063c   Data   RO          511    .constdata          httpserver-netconn.o
    0x0800dbb8   0x00000030   Data   RO         1275    .constdata          memp.o
    0x0800dbe8   0x00000014   Data   RO         1625    .constdata          tcp.o
    0x0800dbfc   0x00000004   Data   RO         2137    .constdata          ip_addr.o
    0x0800dc00   0x00000004   Data   RO         2138    .constdata          ip_addr.o
    0x0800dc04   0x0000000c   Data   RO         2178    .constdata          etharp.o
    0x0800dc10   0x00000050   Data   RO         4670    .constdata          stm32_eval.o
    0x0800dc60   0x00000068   Data   RO         1626    .conststring        tcp.o
    0x0800dcc8   0x00000020   Data   RO         5799    Region$$Table       anon$$obj.o


    Execution Region RW_IRAM1 (Base: 0x20000000, Size: 0x0000b4d8, Max: 0x00020000, ABSOLUTE, COMPRESSED[0x0000005c])

    Base Addr    Size         Type   Attr      Idx    E Section Name        Object

    0x20000000   0x00000004   Data   RW          153    .data               main.o
    0x20000004   0x00000004   Data   RW          512    .data               httpserver-netconn.o
    0x20000008   0x00000010   Data   RW          921    .data               tcpip.o
    0x20000018   0x00000004   Data   RW         1054    .data               dhcp.o
    0x2000001c   0x00000010   Data   RW         1234    .data               mem.o
    0x2000002c   0x0000000c   Data   RW         1323    .data               netif.o
    0x20000038   0x00000004   Data   RW         1486    .data               raw.o
    0x2000003c   0x0000004c   Data   RW         1627    .data               tcp.o
    0x20000088   0x0000001c   Data   RW         1786    .data               tcp_in.o
    0x200000a4   0x00000004   Data   RW         1919    .data               udp.o
    0x200000a8   0x0000000c   Data   RW         2104    .data               ip.o
    0x200000b4   0x00000001   Data   RW         2179    .data               etharp.o
    0x200000b5   0x00000003   PAD
    0x200000b8   0x0000000c   Data   RW         2268    .data               ethernetif.o
    0x200000c4   0x00000002   Data   RW         2320    .data               sys_arch.o
    0x200000c6   0x00000010   Data   RW         3478    .data               stm32f2xx_rcc.o
    0x200000d6   0x00000002   PAD
    0x200000d8   0x0000000c   Data   RW         4227    .data               stm32f2x7_eth.o
    0x200000e4   0x0000002c   Data   RW         4671    .data               stm32_eval.o
    0x20000110   0x00000004   Data   RW         5029    .data               port.o
    0x20000114   0x00000018   Data   RW         5080    .data               heap_2.o
    0x2000012c   0x0000004c   Data   RW         5143    .data               tasks.o
    0x20000178   0x00000004   Data   RW         5773    .data               mc_w.l(stdout.o)
    0x2000017c   0x00000034   Zero   RW          295    .bss                netconf.o
    0x200001b0   0x000000f0   Zero   RW          452    .bss                fs.o
    0x200002a0   0x00001414   Zero   RW         1233    .bss                mem.o
    0x200016b4   0x00002b83   Zero   RW         1274    .bss                memp.o
    0x20004237   0x00000001   PAD
    0x20004238   0x00000014   Zero   RW         1785    .bss                tcp_in.o
    0x2000424c   0x000000a0   Zero   RW         2177    .bss                etharp.o
    0x200042ec   0x00000030   Zero   RW         2319    .bss                sys_arch.o
    0x2000431c   0x00000080   Zero   RW         4222    .bss                stm32f2x7_eth.o
    0x2000439c   0x00000080   Zero   RW         4223    .bss                stm32f2x7_eth.o
    0x2000441c   0x000017d0   Zero   RW         4224    .bss                stm32f2x7_eth.o
    0x20005bec   0x000017d0   Zero   RW         4225    .bss                stm32f2x7_eth.o
    0x200073bc   0x0000000c   Zero   RW         4226    .bss                stm32f2x7_eth.o
    0x200073c8   0x00003c00   Zero   RW         5079    .bss                heap_2.o
    0x2000afc8   0x0000010e   Zero   RW         5142    .bss                tasks.o
    0x2000b0d6   0x00000002   PAD
    0x2000b0d8   0x00000400   Zero   RW          142    STACK               startup_stm32f2xx.o


==============================================================================

Image component sizes


      Code (inc. data)   RO Data    RW Data    ZI Data      Debug   Object Name

       544         36          0          0          0      21560   api_lib.o
      1854         42          0          0          0      15123   api_msg.o
      2274         60          0          4          0      15707   dhcp.o
      1282         32         12          1        160      11844   etharp.o
       584         78          0         12          0       6118   ethernetif.o
       156         14      26015          0        240       4810   fs.o
       236         12          0         24      15360       4991   heap_2.o
       896        470       1596          4          0       9168   httpserver-netconn.o
       378          0          0          0          0       2689   icmp.o
        16          0          0          0          0       3096   inet.o
       142          0          0          0          0       2877   inet_chksum.o
        18          0          0          0          0        532   init.o
       680         24          0         12          0       7388   ip.o
        48          0          8          0          0       5769   ip_addr.o
       140          0          0          0          0       3417   list.o
       170         20          0          4          0      57810   main.o
       620         28          0         16       5140       5249   mem.o
       144         20         48          0      11139       3450   memp.o
       120         18          0          0          0       1683   misc.o
        72          0          0          0          0       1850   netbuf.o
        96         18          0          0         52      11598   netconf.o
       296         20          0         12          0       8006   netif.o
       748          0          0          0          0       7725   pbuf.o
       312         46          0          4          0       5905   port.o
       940          0          0          0          0      10033   queue.o
       212         16          0          4          0       4221   raw.o
        36          8        388          0       1024        792   startup_stm32f2xx.o
       124         26         80         44          0       3698   stm32_eval.o
      1650        166          0         12      12460      17470   stm32f2x7_eth.o
       396         18          0          0          0       2101   stm32f2x7_eth_bsp.o
       156          0          0          0          0       1939   stm32f2xx_gpio.o
        76          4          0          0          0       3436   stm32f2xx_it.o
       244         40          0         16          0       5352   stm32f2xx_rcc.o
        12          6          0          0          0        610   stm32f2xx_syscfg.o
       272          0          0          0          0       3231   sys.o
       480         26          0          2         48      10291   sys_arch.o
       212         32          0          0          0     252849   system_stm32f2xx.o
      1796        172          0         76        270      18647   tasks.o
      2092         86        124         76          0      27058   tcp.o
      3164         86          0         28         20      15244   tcp_in.o
      2308         14          0          0          0      12774   tcp_out.o
       540         96          0         16          0      10405   tcpip.o
       700         14          0          4          0      14739   udp.o

    ----------------------------------------------------------------------
     27288       1748      28304        376      45916     633255   Object Totals
         0          0         32          0          0          0   (incl. Generated)
        52          0          1          5          3          0   (incl. Padding)

    ----------------------------------------------------------------------

      Code (inc. data)   RO Data    RW Data    ZI Data      Debug   Library Member Name

        92          0          0          0          0          0   __dczerorl2.o
         0          0          0          0          0          0   entry.o
         8          4          0          0          0          0   entry2.o
         4          0          0          0          0          0   entry5.o
         0          0          0          0          0          0   entry7b.o
         8          4          0          0          0          0   entry8.o
        18          0          0          0          0         80   fputc.o
        30          0          0          0          0          0   handlers.o
        36          8          0          0          0         68   init.o
         0          0          0          0          0          0   iusesemip.o
        36          0          0          0          0         68   memcpya.o
        38          0          0          0          0        108   memseta.o
       518         20          0          0          0        332   printf3.o
         0          0          0          0          0          0   semi.o
         0          0          0          4          0          0   stdout.o
        28          0          0          0          0         68   strcat.o
        28          0          0          0          0         76   strcmp.o
        16          0          0          0          0         68   strlen.o
        30          0          0          0          0         80   strncmp.o
        24          0          0          0          0         76   strncpy.o
        44          0          0          0          0         80   uidiv.o

    ----------------------------------------------------------------------
       960         36          0          4          0       1104   Library Totals
         2          0          0          0          0          0   (incl. Padding)

    ----------------------------------------------------------------------

      Code (inc. data)   RO Data    RW Data    ZI Data      Debug   Library Name

       958         36          0          4          0       1104   mc_w.l

    ----------------------------------------------------------------------
       960         36          0          4          0       1104   Library Totals

    ----------------------------------------------------------------------

==============================================================================


      Code (inc. data)   RO Data    RW Data    ZI Data      Debug   

     28248       1784      28304        380      45916     618707   Grand Totals
     28248       1784      28304         92      45916     618707   ELF Image Totals (compressed)
     28248       1784      28304         92          0          0   ROM Totals

==============================================================================

    Total RO  Size (Code + RO Data)                56552 (  55.23kB)
    Total RW  Size (RW Data + ZI Data)             46296 (  45.21kB)
    Total ROM Size (Code + RO Data + RW Data)      56644 (  55.32kB)

==============================================================================

