ARM Linker, 4.1 [Build 894] [Professional][RL-ARM]

==============================================================================

Section Cross References

    system_stm32f2xx.o(i.SystemCoreClockUpdate) refers to system_stm32f2xx.o(.data) for .data
    system_stm32f2xx.o(i.SystemInit) refers to system_stm32f2xx.o(i.SetSysClock) for SetSysClock
    startup_stm32f2xx.o(RESET) refers to startup_stm32f2xx.o(STACK) for __initial_sp
    startup_stm32f2xx.o(RESET) refers to startup_stm32f2xx.o(.text) for Reset_Handler
    startup_stm32f2xx.o(RESET) refers to stm32f2xx_it.o(i.NMI_Handler) for NMI_Handler
    startup_stm32f2xx.o(RESET) refers to stm32f2xx_it.o(i.HardFault_Handler) for HardFault_Handler
    startup_stm32f2xx.o(RESET) refers to stm32f2xx_it.o(i.MemManage_Handler) for MemManage_Handler
    startup_stm32f2xx.o(RESET) refers to stm32f2xx_it.o(i.BusFault_Handler) for BusFault_Handler
    startup_stm32f2xx.o(RESET) refers to stm32f2xx_it.o(i.UsageFault_Handler) for UsageFault_Handler
    startup_stm32f2xx.o(RESET) refers to port.o(.emb_text) for vPortSVCHandler
    startup_stm32f2xx.o(RESET) refers to stm32f2xx_it.o(i.DebugMon_Handler) for DebugMon_Handler
    startup_stm32f2xx.o(RESET) refers to stm32f2xx_it.o(i.SysTick_Handler) for SysTick_Handler
    startup_stm32f2xx.o(RESET) refers to stm32f2xx_it.o(i.USART3_IRQHandler) for USART3_IRQHandler
    startup_stm32f2xx.o(RESET) refers to stm32f2xx_it.o(i.ETH_IRQHandler) for ETH_IRQHandler
    startup_stm32f2xx.o(.text) refers to system_stm32f2xx.o(i.SystemInit) for SystemInit
    startup_stm32f2xx.o(.text) refers to entry.o(.ARM.Collect$$$$00000000) for __main
    main.o(i.LCD_LED_Init) refers to stm32_eval.o(i.STM_EVAL_LEDInit) for STM_EVAL_LEDInit
    main.o(i.LCD_LED_Init) refers to stm32_eval.o(i.STM_EVAL_LEDOff) for STM_EVAL_LEDOff
    main.o(i.NVIC_Config) refers to misc.o(i.NVIC_Init) for NVIC_Init
    main.o(i.ToggleLed4) refers to stm32_eval.o(i.STM_EVAL_LEDToggle) for STM_EVAL_LEDToggle
    main.o(i.ToggleLed4) refers to tasks.o(i.vTaskDelay) for vTaskDelay
    main.o(i.ToggleLed4) refers to netconf.o(.bss) for xnetif
    main.o(i.ToggleLed4) refers to main.o(.data) for .data
    main.o(i.main) refers to main.o(i.NVIC_Config) for NVIC_Config
    main.o(i.main) refers to serial_debug.o(i.DebugComPort_Init) for DebugComPort_Init
    main.o(i.main) refers to stm32f2xx_usart.o(i.USART_GetFlagStatus) for USART_GetFlagStatus
    main.o(i.main) refers to stm32f2xx_usart.o(i.USART_ITConfig) for USART_ITConfig
    main.o(i.main) refers to main.o(i.LCD_LED_Init) for LCD_LED_Init
    main.o(i.main) refers to stm32f2x7_eth_bsp.o(i.ETH_BSP_Config) for ETH_BSP_Config
    main.o(i.main) refers to netconf.o(i.LwIP_Init) for LwIP_Init
    main.o(i.main) refers to tcpecho.o(i.tcpecho_init) for tcpecho_init
    main.o(i.main) refers to usart_tcpsend.o(i.usart_tcpsend_init) for usart_tcpsend_init
    main.o(i.main) refers to httpserver-netconn.o(i.http_server_netconn_init) for http_server_netconn_init
    main.o(i.main) refers to tasks.o(i.xTaskGenericCreate) for xTaskGenericCreate
    main.o(i.main) refers to tasks.o(i.vTaskStartScheduler) for vTaskStartScheduler
    main.o(i.main) refers to main.o(i.ToggleLed4) for ToggleLed4
    netconf.o(i.LwIP_Init) refers to mem.o(i.mem_init) for mem_init
    netconf.o(i.LwIP_Init) refers to memp.o(i.memp_init) for memp_init
    netconf.o(i.LwIP_Init) refers to tcpip.o(i.tcpip_init) for tcpip_init
    netconf.o(i.LwIP_Init) refers to inet.o(i.htonl) for htonl
    netconf.o(i.LwIP_Init) refers to netif.o(i.netif_add) for netif_add
    netconf.o(i.LwIP_Init) refers to netif.o(i.netif_set_default) for netif_set_default
    netconf.o(i.LwIP_Init) refers to netif.o(i.netif_set_up) for netif_set_up
    netconf.o(i.LwIP_Init) refers to tcpip.o(i.tcpip_input) for tcpip_input
    netconf.o(i.LwIP_Init) refers to ethernetif.o(i.ethernetif_init) for ethernetif_init
    netconf.o(i.LwIP_Init) refers to netconf.o(.bss) for .bss
    netconf.o(i.LwIP_Periodic_Handle) refers to tcp.o(i.tcp_tmr) for tcp_tmr
    netconf.o(i.LwIP_Periodic_Handle) refers to etharp.o(i.etharp_tmr) for etharp_tmr
    netconf.o(i.LwIP_Periodic_Handle) refers to netconf.o(.data) for .data
    stm32f2x7_eth_bsp.o(i.ETH_BSP_Config) refers to stm32f2x7_eth_bsp.o(i.ETH_GPIO_Config) for ETH_GPIO_Config
    stm32f2x7_eth_bsp.o(i.ETH_BSP_Config) refers to misc.o(i.NVIC_PriorityGroupConfig) for NVIC_PriorityGroupConfig
    stm32f2x7_eth_bsp.o(i.ETH_BSP_Config) refers to misc.o(i.NVIC_Init) for NVIC_Init
    stm32f2x7_eth_bsp.o(i.ETH_BSP_Config) refers to stm32f2x7_eth_bsp.o(i.ETH_MACDMA_Config) for ETH_MACDMA_Config
    stm32f2x7_eth_bsp.o(i.ETH_GPIO_Config) refers to stm32f2xx_rcc.o(i.RCC_AHB1PeriphClockCmd) for RCC_AHB1PeriphClockCmd
    stm32f2x7_eth_bsp.o(i.ETH_GPIO_Config) refers to stm32f2xx_rcc.o(i.RCC_APB2PeriphClockCmd) for RCC_APB2PeriphClockCmd
    stm32f2x7_eth_bsp.o(i.ETH_GPIO_Config) refers to stm32f2xx_gpio.o(i.GPIO_Init) for GPIO_Init
[...]
    _printf_widthprec                        0x00000000   Number         0  stubs.o ABSOLUTE
    _printf_x                                0x00000000   Number         0  stubs.o ABSOLUTE
    _clock_init                               - Undefined Weak Reference
    __Vectors_Size                           0x00000184   Number         0  startup_stm32f2xx.o ABSOLUTE
    __Vectors                                0x08000000   Data           4  startup_stm32f2xx.o(RESET)
    __Vectors_End                            0x08000184   Data           0  startup_stm32f2xx.o(RESET)
    __main                                   0x08000185   Thumb Code     0  entry.o(.ARM.Collect$$$$00000000)
    _main_stk                                0x08000185   Thumb Code     0  entry2.o(.ARM.Collect$$$$00000001)
    _main_scatterload                        0x08000189   Thumb Code     0  entry5.o(.ARM.Collect$$$$00000004)
    __main_after_scatterload                 0x0800018d   Thumb Code     0  entry5.o(.ARM.Collect$$$$00000004)
    _main_clock                              0x0800018d   Thumb Code     0  entry7b.o(.ARM.Collect$$$$00000008)
    _main_init                               0x0800018d   Thumb Code     0  entry8.o(.ARM.Collect$$$$00000009)
    vPortSVCHandler                          0x08000199   Thumb Code    28  port.o(.emb_text)
    vPortStartFirstTask                      0x080001b9   Thumb Code    12  port.o(.emb_text)
    xPortPendSVHandler                       0x080001c9   Thumb Code    56  port.o(.emb_text)
    vPortSetInterruptMask                    0x08000205   Thumb Code    14  port.o(.emb_text)
    vPortClearInterruptMask                  0x08000213   Thumb Code    14  port.o(.emb_text)
    Reset_Handler                            0x08000221   Thumb Code     8  startup_stm32f2xx.o(.text)
    ADC_IRQHandler                           0x0800023b   Thumb Code     0  startup_stm32f2xx.o(.text)
    CAN1_RX0_IRQHandler                      0x0800023b   Thumb Code     0  startup_stm32f2xx.o(.text)
    CAN1_RX1_IRQHandler                      0x0800023b   Thumb Code     0  startup_stm32f2xx.o(.text)
    CAN1_SCE_IRQHandler                      0x0800023b   Thumb Code     0  startup_stm32f2xx.o(.text)
    CAN1_TX_IRQHandler                       0x0800023b   Thumb Code     0  startup_stm32f2xx.o(.text)
    CAN2_RX0_IRQHandler                      0x0800023b   Thumb Code     0  startup_stm32f2xx.o(.text)
    CAN2_RX1_IRQHandler                      0x0800023b   Thumb Code     0  startup_stm32f2xx.o(.text)
    CAN2_SCE_IRQHandler                      0x0800023b   Thumb Code     0  startup_stm32f2xx.o(.text)
    CAN2_TX_IRQHandler                       0x0800023b   Thumb Code     0  startup_stm32f2xx.o(.text)
    CRYP_IRQHandler                          0x0800023b   Thumb Code     0  startup_stm32f2xx.o(.text)
    DCMI_IRQHandler                          0x0800023b   Thumb Code     0  startup_stm32f2xx.o(.text)
    DMA1_Stream0_IRQHandler                  0x0800023b   Thumb Code     0  startup_stm32f2xx.o(.text)
    DMA1_Stream1_IRQHandler                  0x0800023b   Thumb Code     0  startup_stm32f2xx.o(.text)
    DMA1_Stream2_IRQHandler                  0x0800023b   Thumb Code     0  startup_stm32f2xx.o(.text)
    DMA1_Stream3_IRQHandler                  0x0800023b   Thumb Code     0  startup_stm32f2xx.o(.text)
    DMA1_Stream4_IRQHandler                  0x0800023b   Thumb Code     0  startup_stm32f2xx.o(.text)
    DMA1_Stream5_IRQHandler                  0x0800023b   Thumb Code     0  startup_stm32f2xx.o(.text)
    DMA1_Stream6_IRQHandler                  0x0800023b   Thumb Code     0  startup_stm32f2xx.o(.text)
    DMA1_Stream7_IRQHandler                  0x0800023b   Thumb Code     0  startup_stm32f2xx.o(.text)
    DMA2_Stream0_IRQHandler                  0x0800023b   Thumb Code     0  startup_stm32f2xx.o(.text)
    DMA2_Stream1_IRQHandler                  0x0800023b   Thumb Code     0  startup_stm32f2xx.o(.text)
    DMA2_Stream2_IRQHandler                  0x0800023b   Thumb Code     0  startup_stm32f2xx.o(.text)
    DMA2_Stream3_IRQHandler                  0x0800023b   Thumb Code     0  startup_stm32f2xx.o(.text)
    DMA2_Stream4_IRQHandler                  0x0800023b   Thumb Code     0  startup_stm32f2xx.o(.text)
    DMA2_Stream5_IRQHandler                  0x0800023b   Thumb Code     0  startup_stm32f2xx.o(.text)
    DMA2_Stream6_IRQHandler                  0x0800023b   Thumb Code     0  startup_stm32f2xx.o(.text)
    DMA2_Stream7_IRQHandler                  0x0800023b   Thumb Code     0  startup_stm32f2xx.o(.text)
    ETH_WKUP_IRQHandler                      0x0800023b   Thumb Code     0  startup_stm32f2xx.o(.text)
    EXTI0_IRQHandler                         0x0800023b   Thumb Code     0  startup_stm32f2xx.o(.text)
    EXTI15_10_IRQHandler                     0x0800023b   Thumb Code     0  startup_stm32f2xx.o(.text)
    EXTI1_IRQHandler                         0x0800023b   Thumb Code     0  startup_stm32f2xx.o(.text)
    EXTI2_IRQHandler                         0x0800023b   Thumb Code     0  startup_stm32f2xx.o(.text)
    EXTI3_IRQHandler                         0x0800023b   Thumb Code     0  startup_stm32f2xx.o(.text)
    EXTI4_IRQHandler                         0x0800023b   Thumb Code     0  startup_stm32f2xx.o(.text)
    EXTI9_5_IRQHandler                       0x0800023b   Thumb Code     0  startup_stm32f2xx.o(.text)
    FLASH_IRQHandler                         0x0800023b   Thumb Code     0  startup_stm32f2xx.o(.text)
    FSMC_IRQHandler                          0x0800023b   Thumb Code     0  startup_stm32f2xx.o(.text)
    HASH_RNG_IRQHandler                      0x0800023b   Thumb Code     0  startup_stm32f2xx.o(.text)
    I2C1_ER_IRQHandler                       0x0800023b   Thumb Code     0  startup_stm32f2xx.o(.text)
    I2C1_EV_IRQHandler                       0x0800023b   Thumb Code     0  startup_stm32f2xx.o(.text)
    I2C2_ER_IRQHandler                       0x0800023b   Thumb Code     0  startup_stm32f2xx.o(.text)
    I2C2_EV_IRQHandler                       0x0800023b   Thumb Code     0  startup_stm32f2xx.o(.text)
    I2C3_ER_IRQHandler                       0x0800023b   Thumb Code     0  startup_stm32f2xx.o(.text)
    I2C3_EV_IRQHandler                       0x0800023b   Thumb Code     0  startup_stm32f2xx.o(.text)
    OTG_FS_IRQHandler                        0x0800023b   Thumb Code     0  startup_stm32f2xx.o(.text)
    OTG_FS_WKUP_IRQHandler                   0x0800023b   Thumb Code     0  startup_stm32f2xx.o(.text)
    OTG_HS_EP1_IN_IRQHandler                 0x0800023b   Thumb Code     0  startup_stm32f2xx.o(.text)
    OTG_HS_EP1_OUT_IRQHandler                0x0800023b   Thumb Code     0  startup_stm32f2xx.o(.text)
    OTG_HS_IRQHandler                        0x0800023b   Thumb Code     0  startup_stm32f2xx.o(.text)
    OTG_HS_WKUP_IRQHandler                   0x0800023b   Thumb Code     0  startup_stm32f2xx.o(.text)
    PVD_IRQHandler                           0x0800023b   Thumb Code     0  startup_stm32f2xx.o(.text)
    RCC_IRQHandler                           0x0800023b   Thumb Code     0  startup_stm32f2xx.o(.text)
    RTC_Alarm_IRQHandler                     0x0800023b   Thumb Code     0  startup_stm32f2xx.o(.text)
    RTC_WKUP_IRQHandler                      0x0800023b   Thumb Code     0  startup_stm32f2xx.o(.text)
    SDIO_IRQHandler                          0x0800023b   Thumb Code     0  startup_stm32f2xx.o(.text)
    SPI1_IRQHandler                          0x0800023b   Thumb Code     0  startup_stm32f2xx.o(.text)
    SPI2_IRQHandler                          0x0800023b   Thumb Code     0  startup_stm32f2xx.o(.text)
    SPI3_IRQHandler                          0x0800023b   Thumb Code     0  startup_stm32f2xx.o(.text)
    TAMP_STAMP_IRQHandler                    0x0800023b   Thumb Code     0  startup_stm32f2xx.o(.text)
    TIM1_BRK_TIM9_IRQHandler                 0x0800023b   Thumb Code     0  startup_stm32f2xx.o(.text)
    TIM1_CC_IRQHandler                       0x0800023b   Thumb Code     0  startup_stm32f2xx.o(.text)
    TIM1_TRG_COM_TIM11_IRQHandler            0x0800023b   Thumb Code     0  startup_stm32f2xx.o(.text)
    TIM1_UP_TIM10_IRQHandler                 0x0800023b   Thumb Code     0  startup_stm32f2xx.o(.text)
    TIM2_IRQHandler                          0x0800023b   Thumb Code     0  startup_stm32f2xx.o(.text)
    TIM3_IRQHandler                          0x0800023b   Thumb Code     0  startup_stm32f2xx.o(.text)
    TIM4_IRQHandler                          0x0800023b   Thumb Code     0  startup_stm32f2xx.o(.text)
    TIM5_IRQHandler                          0x0800023b   Thumb Code     0  startup_stm32f2xx.o(.text)
    TIM6_DAC_IRQHandler                      0x0800023b   Thumb Code     0  startup_stm32f2xx.o(.text)
    TIM7_IRQHandler                          0x0800023b   Thumb Code     0  startup_stm32f2xx.o(.text)
    TIM8_BRK_TIM12_IRQHandler                0x0800023b   Thumb Code     0  startup_stm32f2xx.o(.text)
    TIM8_CC_IRQHandler                       0x0800023b   Thumb Code     0  startup_stm32f2xx.o(.text)
    TIM8_TRG_COM_TIM14_IRQHandler            0x0800023b   Thumb Code     0  startup_stm32f2xx.o(.text)
    TIM8_UP_TIM13_IRQHandler                 0x0800023b   Thumb Code     0  startup_stm32f2xx.o(.text)
    UART4_IRQHandler                         0x0800023b   Thumb Code     0  startup_stm32f2xx.o(.text)
    UART5_IRQHandler                         0x0800023b   Thumb Code     0  startup_stm32f2xx.o(.text)
    USART1_IRQHandler                        0x0800023b   Thumb Code     0  startup_stm32f2xx.o(.text)
    USART2_IRQHandler                        0x0800023b   Thumb Code     0  startup_stm32f2xx.o(.text)
    USART6_IRQHandler                        0x0800023b   Thumb Code     0  startup_stm32f2xx.o(.text)
    WWDG_IRQHandler                          0x0800023b   Thumb Code     0  startup_stm32f2xx.o(.text)
    __aeabi_memcpy                           0x08000245   Thumb Code    36  memcpya.o(.text)
    __aeabi_memcpy4                          0x08000245   Thumb Code     0  memcpya.o(.text)
    __aeabi_memcpy8                          0x08000245   Thumb Code     0  memcpya.o(.text)
    __aeabi_memset                           0x08000269   Thumb Code    14  memseta.o(.text)
    __aeabi_memset4                          0x08000269   Thumb Code     0  memseta.o(.text)
    __aeabi_memset8                          0x08000269   Thumb Code     0  memseta.o(.text)
    __aeabi_memclr                           0x08000277   Thumb Code     4  memseta.o(.text)
    __aeabi_memclr4                          0x08000277   Thumb Code     0  memseta.o(.text)
    __aeabi_memclr8                          0x08000277   Thumb Code     0  memseta.o(.text)
    _memset$wrapper                          0x0800027b   Thumb Code    20  memseta.o(.text)
    strcat                                   0x0800028f   Thumb Code    28  strcat.o(.text)
    strncpy                                  0x080002ab   Thumb Code    24  strncpy.o(.text)
    strlen                                   0x080002c3   Thumb Code    16  strlen.o(.text)
    strcmp                                   0x080002d3   Thumb Code    28  strcmp.o(.text)
    strncmp                                  0x080002ef   Thumb Code    30  strncmp.o(.text)
    __aeabi_fadd                             0x0800030d   Thumb Code   164  fadd.o(.text)
    __aeabi_fsub                             0x080003b1   Thumb Code     6  fadd.o(.text)
    __aeabi_frsub                            0x080003b7   Thumb Code     6  fadd.o(.text)
    __aeabi_dadd                             0x080003bd   Thumb Code   320  dadd.o(.text)
    __aeabi_dsub                             0x080004fd   Thumb Code     6  dadd.o(.text)
    __aeabi_drsub                            0x08000503   Thumb Code     6  dadd.o(.text)
    __aeabi_dmul                             0x08000509   Thumb Code   224  dmul.o(.text)
    __aeabi_ddiv                             0x080005e9   Thumb Code   222  ddiv.o(.text)
    __aeabi_ui2f                             0x080006c7   Thumb Code    10  ffltui.o(.text)
    __aeabi_f2d                              0x080006d1   Thumb Code    44  f2d.o(.text)
    __aeabi_cdrcmple                         0x080006fd   Thumb Code    38  cdrcmple.o(.text)
    __aeabi_d2f                              0x08000725   Thumb Code    56  d2f.o(.text)
    __aeabi_uidiv                            0x0800075d   Thumb Code     0  uidiv.o(.text)
    __aeabi_uidivmod                         0x0800075d   Thumb Code    44  uidiv.o(.text)
    __aeabi_uldivmod                         0x08000789   Thumb Code    98  uldiv.o(.text)
    __aeabi_llsl                             0x080007eb   Thumb Code    30  llshl.o(.text)
    _ll_shift_l                              0x080007eb   Thumb Code     0  llshl.o(.text)
    __aeabi_lasr                             0x08000809   Thumb Code    36  llsshr.o(.text)
    _ll_sshift_r                             0x08000809   Thumb Code     0  llsshr.o(.text)
    __I$use$fp                               0x0800082d   Thumb Code     0  iusefp.o(.text)
    _float_round                             0x0800082d   Thumb Code    18  fepilogue.o(.text)
    _float_epilogue                          0x0800083f   Thumb Code    90  fepilogue.o(.text)
    _double_round                            0x08000899   Thumb Code    26  depilogue.o(.text)
    _double_epilogue                         0x080008b3   Thumb Code   164  depilogue.o(.text)
    __aeabi_d2ulz                            0x08000957   Thumb Code    48  dfixul.o(.text)
    __scatterload                            0x08000989   Thumb Code    28  init.o(.text)
    __scatterload_rt2                        0x08000989   Thumb Code     0  init.o(.text)
    __aeabi_llsr                             0x080009ad   Thumb Code    32  llushr.o(.text)
    _ll_ushift_r                             0x080009ad   Thumb Code     0  llushr.o(.text)
    __decompress                             0x080009cd   Thumb Code     0  __dczerorl2.o(.text)
    __decompress1                            0x080009cd   Thumb Code    92  __dczerorl2.o(.text)
    BusFault_Handler                         0x08000a29   Thumb Code     2  stm32f2xx_it.o(i.BusFault_Handler)
    DebugComPort_Init                        0x08000a2d   Thumb Code    48  serial_debug.o(i.DebugComPort_Init)
    DebugMon_Handler                         0x08000a71   Thumb Code     2  stm32f2xx_it.o(i.DebugMon_Handler)
    DynWebPage                               0x08000a75   Thumb Code   138  httpserver-netconn.o(i.DynWebPage)
    ETH_BSP_Config                           0x08000bed   Thumb Code    52  stm32f2x7_eth_bsp.o(i.ETH_BSP_Config)
    ETH_DMAClearITPendingBit                 0x08000c21   Thumb Code     6  stm32f2x7_eth.o(i.ETH_DMAClearITPendingBit)
    ETH_DMAITConfig                          0x08000c2d   Thumb Code    18  stm32f2x7_eth.o(i.ETH_DMAITConfig)
    ETH_DMAReceptionCmd                      0x08000c45   Thumb Code    22  stm32f2x7_eth.o(i.ETH_DMAReceptionCmd)
    ETH_DMARxDescChainInit                   0x08000c61   Thumb Code    74  stm32f2x7_eth.o(i.ETH_DMARxDescChainInit)
    ETH_DMARxDescReceiveITConfig             0x08000cb9   Thumb Code    18  stm32f2x7_eth.o(i.ETH_DMARxDescReceiveITConfig)
    ETH_DMATransmissionCmd                   0x08000ccd   Thumb Code    22  stm32f2x7_eth.o(i.ETH_DMATransmissionCmd)
    ETH_DMATxDescChainInit                   0x08000ce9   Thumb Code    62  stm32f2x7_eth.o(i.ETH_DMATxDescChainInit)
    ETH_DMATxDescChecksumInsertionConfig     0x08000d31   Thumb Code     8  stm32f2x7_eth.o(i.ETH_DMATxDescChecksumInsertionConfig)
    ETH_DeInit                               0x08000d39   Thumb Code    24  stm32f2x7_eth.o(i.ETH_DeInit)
    ETH_FlushTransmitFIFO                    0x08000d5d   Thumb Code    12  stm32f2x7_eth.o(i.ETH_FlushTransmitFIFO)
    ETH_GetDMAFlagStatus                     0x08000e49   Thumb Code    16  stm32f2x7_eth.o(i.ETH_GetDMAFlagStatus)
    ETH_GetSoftwareResetStatus               0x08000e5d   Thumb Code    14  stm32f2x7_eth.o(i.ETH_GetSoftwareResetStatus)
    ETH_Get_Received_Frame_interrupt         0x08000e71   Thumb Code   134  stm32f2x7_eth.o(i.ETH_Get_Received_Frame_interrupt)
    ETH_IRQHandler                           0x08000efd   Thumb Code    56  stm32f2xx_it.o(i.ETH_IRQHandler)
    ETH_Init                                 0x08000f39   Thumb Code   496  stm32f2x7_eth.o(i.ETH_Init)
    ETH_MACAddressConfig                     0x08001159   Thumb Code    22  stm32f2x7_eth.o(i.ETH_MACAddressConfig)
    ETH_MACReceptionCmd                      0x080011f1   Thumb Code    22  stm32f2x7_eth.o(i.ETH_MACReceptionCmd)
    ETH_MACTransmissionCmd                   0x0800120d   Thumb Code    22  stm32f2x7_eth.o(i.ETH_MACTransmissionCmd)
    ETH_Prepare_Transmit_Descriptors         0x08001229   Thumb Code   164  stm32f2x7_eth.o(i.ETH_Prepare_Transmit_Descriptors)
    ETH_ReadPHYRegister                      0x080012d5   Thumb Code    70  stm32f2x7_eth.o(i.ETH_ReadPHYRegister)
    ETH_SoftwareReset                        0x08001325   Thumb Code    12  stm32f2x7_eth.o(i.ETH_SoftwareReset)
    ETH_Start                                0x08001335   Thumb Code    34  stm32f2x7_eth.o(i.ETH_Start)
    ETH_StructInit                           0x08001357   Thumb Code   136  stm32f2x7_eth.o(i.ETH_StructInit)
    ETH_WritePHYRegister                     0x080013e1   Thumb Code    66  stm32f2x7_eth.o(i.ETH_WritePHYRegister)
    GPIO_Init                                0x0800142d   Thumb Code   124  stm32f2xx_gpio.o(i.GPIO_Init)
    GPIO_PinAFConfig                         0x080014a9   Thumb Code    32  stm32f2xx_gpio.o(i.GPIO_PinAFConfig)
    HardFault_Handler                        0x080014c9   Thumb Code     2  stm32f2xx_it.o(i.HardFault_Handler)
    LCD_LED_Init                             0x080014cb   Thumb Code    54  main.o(i.LCD_LED_Init)
    LwIP_Init                                0x08001501   Thumb Code    86  netconf.o(i.LwIP_Init)
    MemManage_Handler                        0x08001569   Thumb Code     2  stm32f2xx_it.o(i.MemManage_Handler)
    NMI_Handler                              0x0800156b   Thumb Code     2  stm32f2xx_it.o(i.NMI_Handler)
    NVIC_Config                              0x0800156d   Thumb Code    32  main.o(i.NVIC_Config)
    NVIC_Init                                0x0800158d   Thumb Code    92  misc.o(i.NVIC_Init)
    NVIC_PriorityGroupConfig                 0x080015f1   Thumb Code    10  misc.o(i.NVIC_PriorityGroupConfig)
    RCC_AHB1PeriphClockCmd                   0x08001605   Thumb Code    18  stm32f2xx_rcc.o(i.RCC_AHB1PeriphClockCmd)
    RCC_AHB1PeriphResetCmd                   0x0800161d   Thumb Code    18  stm32f2xx_rcc.o(i.RCC_AHB1PeriphResetCmd)
    RCC_APB1PeriphClockCmd                   0x08001635   Thumb Code    18  stm32f2xx_rcc.o(i.RCC_APB1PeriphClockCmd)
    RCC_APB2PeriphClockCmd                   0x0800164d   Thumb Code    18  stm32f2xx_rcc.o(i.RCC_APB2PeriphClockCmd)
    RCC_GetClocksFreq                        0x08001665   Thumb Code   134  stm32f2xx_rcc.o(i.RCC_GetClocksFreq)
    RCC_MCO1Config                           0x080016fd   Thumb Code    16  stm32f2xx_rcc.o(i.RCC_MCO1Config)
    STM_EVAL_COMInit                         0x08001711   Thumb Code   176  stm32_eval.o(i.STM_EVAL_COMInit)
    STM_EVAL_LEDInit                         0x080017c9   Thumb Code    62  stm32_eval.o(i.STM_EVAL_LEDInit)
    STM_EVAL_LEDOff                          0x08001811   Thumb Code    16  stm32_eval.o(i.STM_EVAL_LEDOff)
    STM_EVAL_LEDToggle                       0x08001829   Thumb Code    20  stm32_eval.o(i.STM_EVAL_LEDToggle)
    SYSCFG_ETH_MediaInterfaceConfig          0x08001845   Thumb Code     6  stm32f2xx_syscfg.o(i.SYSCFG_ETH_MediaInterfaceConfig)
    SysTick_Handler                          0x080018d5   Thumb Code     4  stm32f2xx_it.o(i.SysTick_Handler)
    SystemInit                               0x080018d9   Thumb Code    62  system_stm32f2xx.o(i.SystemInit)
    ToggleLed4                               0x08001929   Thumb Code    28  main.o(i.ToggleLed4)
    USART3_IRQHandler                        0x0800194d   Thumb Code   134  stm32f2xx_it.o(i.USART3_IRQHandler)
    USART_Cmd                                0x080019e1   Thumb Code    20  stm32f2xx_usart.o(i.USART_Cmd)
    USART_GetFlagStatus                      0x080019f5   Thumb Code    14  stm32f2xx_usart.o(i.USART_GetFlagStatus)
    USART_GetITStatus                        0x08001a03   Thumb Code    62  stm32f2xx_usart.o(i.USART_GetITStatus)
    USART_ITConfig                           0x08001a41   Thumb Code    48  stm32f2xx_usart.o(i.USART_ITConfig)
    USART_Init                               0x08001a71   Thumb Code   174  stm32f2xx_usart.o(i.USART_Init)
    USART_ReceiveData                        0x08001b29   Thumb Code     8  stm32f2xx_usart.o(i.USART_ReceiveData)
    USART_SendData                           0x08001b31   Thumb Code     8  stm32f2xx_usart.o(i.USART_SendData)
    UsageFault_Handler                       0x08001b39   Thumb Code     2  stm32f2xx_it.o(i.UsageFault_Handler)
    __0printf                                0x08001b3d   Thumb Code    22  printfa.o(i.__0printf)
    __1printf                                0x08001b3d   Thumb Code     0  printfa.o(i.__0printf)
    __2printf                                0x08001b3d   Thumb Code     0  printfa.o(i.__0printf)
    __c89printf                              0x08001b3d   Thumb Code     0  printfa.o(i.__0printf)
    printf                                   0x08001b3d   Thumb Code     0  printfa.o(i.__0printf)
    __0sprintf                               0x08001b5d   Thumb Code    34  printfa.o(i.__0sprintf)
    __1sprintf                               0x08001b5d   Thumb Code     0  printfa.o(i.__0sprintf)
    __2sprintf                               0x08001b5d   Thumb Code     0  printfa.o(i.__0sprintf)
    __c89sprintf                             0x08001b5d   Thumb Code     0  printfa.o(i.__0sprintf)
    sprintf                                  0x08001b5d   Thumb Code     0  printfa.o(i.__0sprintf)
    __scatterload_copy                       0x08001b85   Thumb Code    14  handlers.o(i.__scatterload_copy)
    __scatterload_null                       0x08001b93   Thumb Code     2  handlers.o(i.__scatterload_null)
    __scatterload_zeroinit                   0x08001b95   Thumb Code    14  handlers.o(i.__scatterload_zeroinit)
    dhcp_arp_reply                           0x080024f1   Thumb Code    30  dhcp.o(i.dhcp_arp_reply)
    dhcp_coarse_tmr                          0x08002611   Thumb Code    90  dhcp.o(i.dhcp_coarse_tmr)
    dhcp_fine_tmr                            0x080028d5   Thumb Code    46  dhcp.o(i.dhcp_fine_tmr)
    dhcp_release                             0x08002b0d   Thumb Code   176  dhcp.o(i.dhcp_release)
    dhcp_renew                               0x08002bc1   Thumb Code   144  dhcp.o(i.dhcp_renew)
    do_bind                                  0x08002e11   Thumb Code    92  api_msg.o(i.do_bind)
    do_close                                 0x08002e6d   Thumb Code    34  api_msg.o(i.do_close)
    do_delconn                               0x08002f39   Thumb Code   104  api_msg.o(i.do_delconn)
    do_listen                                0x08002fa1   Thumb Code   144  api_msg.o(i.do_listen)
    do_newconn                               0x08003035   Thumb Code    28  api_msg.o(i.do_newconn)
    do_recv                                  0x08003051   Thumb Code    46  api_msg.o(i.do_recv)
    do_write                                 0x0800307f   Thumb Code    54  api_msg.o(i.do_write)
    etharp_arp_input                         0x080031d1   Thumb Code   222  etharp.o(i.etharp_arp_input)
    etharp_output                            0x080032b1   Thumb Code   180  etharp.o(i.etharp_output)
    etharp_query                             0x08003369   Thumb Code   134  etharp.o(i.etharp_query)
    etharp_request                           0x0800349d   Thumb Code    32  etharp.o(i.etharp_request)
    etharp_tmr                               0x080034f9   Thumb Code    54  etharp.o(i.etharp_tmr)
    ethernet_input                           0x08003535   Thumb Code    76  etharp.o(i.ethernet_input)
    ethernetif_init                          0x08003581   Thumb Code    42  ethernetif.o(i.ethernetif_init)
    fputc                                    0x080036d1   Thumb Code    30  serial_debug.o(i.fputc)
    fs_close                                 0x080036f5   Thumb Code     4  fs.o(i.fs_close)
    fs_open                                  0x08003725   Thumb Code   100  fs.o(i.fs_open)
    htonl                                    0x08003791   Thumb Code     4  inet.o(i.htonl)
    htons                                    0x08003795   Thumb Code     4  inet.o(i.htons)
    http_server_netconn_init                 0x08003799   Thumb Code    22  httpserver-netconn.o(i.http_server_netconn_init)
    http_server_serve                        0x08003831   Thumb Code   198  httpserver-netconn.o(i.http_server_serve)
    icmp_dest_unreach                        0x080039a1   Thumb Code   102  icmp.o(i.icmp_dest_unreach)
    icmp_input                               0x08003a07   Thumb Code   276  icmp.o(i.icmp_input)
    inet_chksum                              0x08003b1b   Thumb Code    12  inet_chksum.o(i.inet_chksum)
    inet_chksum_pbuf                         0x08003b27   Thumb Code    72  inet_chksum.o(i.inet_chksum_pbuf)
    ip_addr_isbroadcast                      0x08003b6f   Thumb Code    48  ip_addr.o(i.ip_addr_isbroadcast)
    ip_input                                 0x08003ba1   Thumb Code   372  ip.o(i.ip_input)
    ip_output                                0x08003d1d   Thumb Code    52  ip.o(i.ip_output)
    ip_output_if                             0x08003d51   Thumb Code   170  ip.o(i.ip_output_if)
    ip_route                                 0x08003e01   Thumb Code    62  ip.o(i.ip_route)
    lwip_init                                0x0800400d   Thumb Code    18  init.o(i.lwip_init)
    main                                     0x08004059   Thumb Code   110  main.o(i.main)
    mem_free                                 0x080040d9   Thumb Code    60  mem.o(i.mem_free)
    mem_init                                 0x08004119   Thumb Code    52  mem.o(i.mem_init)
    mem_malloc                               0x08004155   Thumb Code   188  mem.o(i.mem_malloc)
    mem_realloc                              0x08004215   Thumb Code   214  mem.o(i.mem_realloc)
    memp_free                                0x080042f1   Thumb Code    18  memp.o(i.memp_free)
    memp_init                                0x08004309   Thumb Code    78  memp.o(i.memp_init)
    memp_malloc                              0x08004361   Thumb Code    28  memp.o(i.memp_malloc)
    netbuf_data                              0x08004381   Thumb Code    38  netbuf.o(i.netbuf_data)
    netbuf_delete                            0x080043a7   Thumb Code    34  netbuf.o(i.netbuf_delete)
    netbuf_next                              0x080043c9   Thumb Code    30  netbuf.o(i.netbuf_next)
    netconn_accept                           0x080043e7   Thumb Code    40  api_lib.o(i.netconn_accept)
    netconn_alloc                            0x0800440f   Thumb Code   116  api_msg.o(i.netconn_alloc)
    netconn_bind                             0x08004485   Thumb Code    40  api_lib.o(i.netconn_bind)
    netconn_close                            0x080044b1   Thumb Code    34  api_lib.o(i.netconn_close)
    netconn_delete                           0x080044d9   Thumb Code    36  api_lib.o(i.netconn_delete)
    netconn_free                             0x08004501   Thumb Code   104  api_msg.o(i.netconn_free)
    netconn_listen_with_backlog              0x08004569   Thumb Code    34  api_lib.o(i.netconn_listen_with_backlog)
    netconn_new_with_proto_and_callback      0x08004591   Thumb Code    66  api_lib.o(i.netconn_new_with_proto_and_callback)
    netconn_recv                             0x080045d9   Thumb Code   204  api_lib.o(i.netconn_recv)
    netconn_write                            0x080046a9   Thumb Code    54  api_lib.o(i.netconn_write)
    netif_add                                0x080046e5   Thumb Code    70  netif.o(i.netif_add)
    netif_is_up                              0x08004731   Thumb Code    10  netif.o(i.netif_is_up)
    netif_set_addr                           0x0800473b   Thumb Code    32  netif.o(i.netif_set_addr)
    netif_set_default                        0x0800475d   Thumb Code     6  netif.o(i.netif_set_default)
    netif_set_down                           0x08004769   Thumb Code    18  netif.o(i.netif_set_down)
    netif_set_gw                             0x0800477b   Thumb Code     8  netif.o(i.netif_set_gw)
    netif_set_ipaddr                         0x08004785   Thumb Code    96  netif.o(i.netif_set_ipaddr)
    netif_set_netmask                        0x080047ed   Thumb Code     8  netif.o(i.netif_set_netmask)
    netif_set_up                             0x080047f5   Thumb Code    28  netif.o(i.netif_set_up)
    ntohl                                    0x08004811   Thumb Code     4  inet.o(i.ntohl)
    ntohs                                    0x08004815   Thumb Code     4  inet.o(i.ntohs)
    pbuf_alloc                               0x08004819   Thumb Code   272  pbuf.o(i.pbuf_alloc)
    pbuf_cat                                 0x08004929   Thumb Code    40  pbuf.o(i.pbuf_cat)
    pbuf_chain                               0x08004951   Thumb Code    18  pbuf.o(i.pbuf_chain)
    pbuf_clen                                0x08004963   Thumb Code    18  pbuf.o(i.pbuf_clen)
    pbuf_copy                                0x08004975   Thumb Code   144  pbuf.o(i.pbuf_copy)
    pbuf_free                                0x08004a05   Thumb Code    68  pbuf.o(i.pbuf_free)
    pbuf_header                              0x08004a49   Thumb Code    96  pbuf.o(i.pbuf_header)
    pbuf_realloc                             0x08004aa9   Thumb Code    80  pbuf.o(i.pbuf_realloc)
    pbuf_ref                                 0x08004af9   Thumb Code    12  pbuf.o(i.pbuf_ref)
    pvPortMalloc                             0x08004ded   Thumb Code   168  heap_2.o(i.pvPortMalloc)
    pxPortInitialiseStack                    0x08004e9d   Thumb Code    28  port.o(i.pxPortInitialiseStack)
    raw_bind                                 0x08004eb9   Thumb Code    10  raw.o(i.raw_bind)
    raw_input                                0x08004ec5   Thumb Code   102  raw.o(i.raw_input)
    raw_new                                  0x08004f31   Thumb Code    38  raw.o(i.raw_new)
    raw_recv                                 0x08004f5d   Thumb Code     6  raw.o(i.raw_recv)
    raw_remove                               0x08004f65   Thumb Code    40  raw.o(i.raw_remove)
    sys_arch_mbox_fetch                      0x08005131   Thumb Code    76  sys_arch.o(i.sys_arch_mbox_fetch)
    sys_arch_mbox_tryfetch                   0x0800517d   Thumb Code    28  sys_arch.o(i.sys_arch_mbox_tryfetch)
    sys_arch_sem_wait                        0x08005199   Thumb Code    66  sys_arch.o(i.sys_arch_sem_wait)
    sys_arch_timeouts                        0x080051dd   Thumb Code    40  sys_arch.o(i.sys_arch_timeouts)
    sys_init                                 0x0800520d   Thumb Code    30  sys_arch.o(i.sys_init)
    sys_mbox_fetch                           0x08005235   Thumb Code    96  sys.o(i.sys_mbox_fetch)
    sys_mbox_free                            0x08005295   Thumb Code    18  sys_arch.o(i.sys_mbox_free)
    sys_mbox_new                             0x080052a7   Thumb Code     8  sys_arch.o(i.sys_mbox_new)
    sys_mbox_post                            0x080052af   Thumb Code    26  sys_arch.o(i.sys_mbox_post)
    sys_mbox_trypost                         0x080052c9   Thumb Code    26  sys_arch.o(i.sys_mbox_trypost)
    sys_sem_free                             0x080052e3   Thumb Code     4  sys_arch.o(i.sys_sem_free)
    sys_sem_new                              0x080052e7   Thumb Code    50  sys_arch.o(i.sys_sem_new)
    sys_sem_signal                           0x08005319   Thumb Code    10  sys_arch.o(i.sys_sem_signal)
    sys_thread_new                           0x08005325   Thumb Code    72  sys_arch.o(i.sys_thread_new)
    sys_timeout                              0x08005375   Thumb Code    98  sys.o(i.sys_timeout)
    sys_untimeout                            0x080053d7   Thumb Code    78  sys.o(i.sys_untimeout)
    tcp_abandon                              0x08005425   Thumb Code   144  tcp.o(i.tcp_abandon)
    tcp_accept                               0x080054b9   Thumb Code     4  tcp.o(i.tcp_accept)
    tcp_alloc                                0x080054c5   Thumb Code   232  tcp.o(i.tcp_alloc)
    tcp_arg                                  0x080055b9   Thumb Code     4  tcp.o(i.tcp_arg)
    tcp_bind                                 0x080055bd   Thumb Code   186  tcp.o(i.tcp_bind)
    tcp_close                                0x0800567d   Thumb Code   154  tcp.o(i.tcp_close)
    tcp_eff_send_mss                         0x0800571d   Thumb Code    32  tcp.o(i.tcp_eff_send_mss)
    tcp_enqueue                              0x0800573d   Thumb Code   834  tcp_out.o(i.tcp_enqueue)
    tcp_err                                  0x08005a7f   Thumb Code     6  tcp.o(i.tcp_err)
    tcp_fasttmr                              0x08005a85   Thumb Code    86  tcp.o(i.tcp_fasttmr)
    tcp_input                                0x08005ae1   Thumb Code   738  tcp_in.o(i.tcp_input)
    tcp_keepalive                            0x08005dd9   Thumb Code    70  tcp_out.o(i.tcp_keepalive)
    tcp_listen_with_backlog                  0x08005f0d   Thumb Code   122  tcp.o(i.tcp_listen_with_backlog)
    tcp_new                                  0x08005f91   Thumb Code     6  tcp.o(i.tcp_new)
    tcp_next_iss                             0x08005ff9   Thumb Code    12  tcp.o(i.tcp_next_iss)
    tcp_output                               0x08006009   Thumb Code   432  tcp_out.o(i.tcp_output)
    tcp_pcb_purge                            0x08006369   Thumb Code    48  tcp.o(i.tcp_pcb_purge)
    tcp_pcb_remove                           0x08006399   Thumb Code    86  tcp.o(i.tcp_pcb_remove)
    tcp_poll                                 0x080063f5   Thumb Code    10  tcp.o(i.tcp_poll)
    tcp_recv                                 0x08006b91   Thumb Code     6  tcp.o(i.tcp_recv)
    tcp_recv_null                            0x08006b97   Thumb Code    36  tcp.o(i.tcp_recv_null)
    tcp_recved                               0x08006bbb   Thumb Code    60  tcp.o(i.tcp_recved)
    tcp_rexmit                               0x08006bf7   Thumb Code    78  tcp_out.o(i.tcp_rexmit)
    tcp_rexmit_fast                          0x08006c45   Thumb Code    86  tcp_out.o(i.tcp_rexmit_fast)
    tcp_rexmit_rto                           0x08006c9b   Thumb Code    46  tcp_out.o(i.tcp_rexmit_rto)
    tcp_rst                                  0x08006cc9   Thumb Code   156  tcp_out.o(i.tcp_rst)
    tcp_seg_free                             0x08006d65   Thumb Code    32  tcp.o(i.tcp_seg_free)
    tcp_segs_free                            0x08006d85   Thumb Code    26  tcp.o(i.tcp_segs_free)
    tcp_send_ctrl                            0x08006d9f   Thumb Code    22  tcp_out.o(i.tcp_send_ctrl)
    tcp_send_empty_ack                       0x08006db5   Thumb Code    86  tcp_out.o(i.tcp_send_empty_ack)
    tcp_sent                                 0x08006e0b   Thumb Code     6  tcp.o(i.tcp_sent)
    tcp_slowtmr                              0x08006e11   Thumb Code   536  tcp.o(i.tcp_slowtmr)
    tcp_timer_needed                         0x08007039   Thumb Code    36  tcpip.o(i.tcp_timer_needed)
    tcp_tmr                                  0x080070d9   Thumb Code    28  tcp.o(i.tcp_tmr)
    tcp_update_rcv_ann_wnd                   0x080070f9   Thumb Code    54  tcp.o(i.tcp_update_rcv_ann_wnd)
    tcp_write                                0x0800712f   Thumb Code    46  tcp_out.o(i.tcp_write)
    tcp_zero_window_probe                    0x0800715d   Thumb Code   144  tcp_out.o(i.tcp_zero_window_probe)
    tcpecho_init                             0x080071ed   Thumb Code    22  tcpecho.o(i.tcpecho_init)
    tcpip_apimsg                             0x08007325   Thumb Code    48  tcpip.o(i.tcpip_apimsg)
    tcpip_init                               0x08007359   Thumb Code    44  tcpip.o(i.tcpip_init)
    tcpip_input                              0x08007395   Thumb Code    68  tcpip.o(i.tcpip_input)
    udp_bind                                 0x080074b9   Thumb Code    86  udp.o(i.udp_bind)
    udp_input                                0x08007515   Thumb Code   352  udp.o(i.udp_input)
    udp_new                                  0x08007679   Thumb Code    26  udp.o(i.udp_new)
    udp_recv                                 0x08007693   Thumb Code     6  udp.o(i.udp_recv)
    udp_remove                               0x08007699   Thumb Code    40  udp.o(i.udp_remove)
    udp_sendto_if                            0x080076c5   Thumb Code   176  udp.o(i.udp_sendto_if)
    usart_tcpsend_init                       0x080077e5   Thumb Code    22  usart_tcpsend.o(i.usart_tcpsend_init)
    uxQueueMessagesWaiting                   0x080078f1   Thumb Code    18  queue.o(i.uxQueueMessagesWaiting)
    vListInitialise                          0x08007903   Thumb Code    22  list.o(i.vListInitialise)
    vListInitialiseItem                      0x08007919   Thumb Code     6  list.o(i.vListInitialiseItem)
    vListInsert                              0x0800791f   Thumb Code    48  list.o(i.vListInsert)
    vListInsertEnd                           0x0800794f   Thumb Code    28  list.o(i.vListInsertEnd)
    vListRemove                              0x0800796b   Thumb Code    36  list.o(i.vListRemove)
    vPortEnterCritical                       0x08007991   Thumb Code    16  port.o(i.vPortEnterCritical)
    vPortExitCritical                        0x080079a5   Thumb Code    16  port.o(i.vPortExitCritical)
    vPortFree                                0x080079b9   Thumb Code    56  heap_2.o(i.vPortFree)
    vPortYieldFromISR                        0x080079f5   Thumb Code    10  port.o(i.vPortYieldFromISR)
    vQueueDelete                             0x08007a05   Thumb Code    20  queue.o(i.vQueueDelete)
    vTaskDelay                               0x08007a19   Thumb Code    68  tasks.o(i.vTaskDelay)
    vTaskIncrementTick                       0x08007a61   Thumb Code   114  tasks.o(i.vTaskIncrementTick)
    vTaskList                                0x08007add   Thumb Code   118  tasks.o(i.vTaskList)
    vTaskMissedYield                         0x08007b61   Thumb Code     8  tasks.o(i.vTaskMissedYield)
    vTaskPlaceOnEventList                    0x08007b6d   Thumb Code    56  tasks.o(i.vTaskPlaceOnEventList)
    vTaskPriorityDisinherit                  0x08007ba9   Thumb Code    64  tasks.o(i.vTaskPriorityDisinherit)
    vTaskPriorityInherit                     0x08007bf1   Thumb Code    90  tasks.o(i.vTaskPriorityInherit)
    vTaskSetTimeOutState                     0x08007c55   Thumb Code    12  tasks.o(i.vTaskSetTimeOutState)
    vTaskStartScheduler                      0x08007c65   Thumb Code    50  tasks.o(i.vTaskStartScheduler)
    vTaskSuspendAll                          0x08007ca9   Thumb Code    10  tasks.o(i.vTaskSuspendAll)
    vTaskSwitchContext                       0x08007cb9   Thumb Code   126  tasks.o(i.vTaskSwitchContext)
    xPortStartScheduler                      0x08007d41   Thumb Code    46  port.o(i.xPortStartScheduler)
    xPortSysTickHandler                      0x08007d7d   Thumb Code    26  port.o(i.xPortSysTickHandler)
    xQueueCreate                             0x08007d9d   Thumb Code    94  queue.o(i.xQueueCreate)
    xQueueCreateCountingSemaphore            0x08007dfb   Thumb Code    18  queue.o(i.xQueueCreateCountingSemaphore)
    xQueueGenericReceive                     0x08007e0d   Thumb Code   264  queue.o(i.xQueueGenericReceive)
    xQueueGenericSend                        0x08007f15   Thumb Code   210  queue.o(i.xQueueGenericSend)
    xQueueGenericSendFromISR                 0x08007fe7   Thumb Code    84  queue.o(i.xQueueGenericSendFromISR)
    xTaskCheckForTimeOut                     0x0800803d   Thumb Code    68  tasks.o(i.xTaskCheckForTimeOut)
    xTaskGenericCreate                       0x08008085   Thumb Code   344  tasks.o(i.xTaskGenericCreate)
    xTaskGetCurrentTaskHandle                0x080081e5   Thumb Code     6  tasks.o(i.xTaskGetCurrentTaskHandle)
    xTaskGetTickCount                        0x080081f1   Thumb Code    18  tasks.o(i.xTaskGetTickCount)
    xTaskRemoveFromEventList                 0x08008209   Thumb Code    88  tasks.o(i.xTaskRemoveFromEventList)
    xTaskResumeAll                           0x08008269   Thumb Code   168  tasks.o(i.xTaskResumeAll)
    file__STM32F2x7_files_logo_jpg           0x0800e854   Data          20  fs.o(.constdata)
    file__STM32F2x7_files_ST_gif             0x0800e868   Data          20  fs.o(.constdata)
    file__STM32F2x7_files_stm32_jpeg         0x0800e87c   Data          20  fs.o(.constdata)
    file__404_html                           0x0800e890   Data          20  fs.o(.constdata)
    file__STM32F2x7_html                     0x0800e8a4   Data          20  fs.o(.constdata)
    tcp_persist_backoff                      0x0800ef24   Data           7  tcp.o(.constdata)
    tcp_backoff                              0x0800ef2b   Data          13  tcp.o(.constdata)
    ip_addr_any                              0x0800ef38   Data           4  ip_addr.o(.constdata)
    ip_addr_broadcast                        0x0800ef3c   Data           4  ip_addr.o(.constdata)
    ethbroadcast                             0x0800ef40   Data           6  etharp.o(.constdata)
    ethzero                                  0x0800ef46   Data           6  etharp.o(.constdata)
    COM_TX_PIN_SOURCE                        0x0800ef4c   Data           1  stm32_eval.o(.constdata)
    COM_RX_PIN_SOURCE                        0x0800ef4d   Data           1  stm32_eval.o(.constdata)
    COM_TX_AF                                0x0800ef4e   Data           1  stm32_eval.o(.constdata)
    COM_RX_AF                                0x0800ef4f   Data           1  stm32_eval.o(.constdata)
    COM_TX_PIN                               0x0800ef50   Data           2  stm32_eval.o(.constdata)
    COM_RX_PIN                               0x0800ef52   Data           2  stm32_eval.o(.constdata)
    BUTTON_PORT_SOURCE                       0x0800ef54   Data           3  stm32_eval.o(.constdata)
    BUTTON_PIN_SOURCE                        0x0800ef57   Data           3  stm32_eval.o(.constdata)
    BUTTON_IRQn                              0x0800ef5a   Data           3  stm32_eval.o(.constdata)
    COM_USART_CLK                            0x0800ef60   Data           4  stm32_eval.o(.constdata)
    COM_TX_PORT_CLK                          0x0800ef64   Data           4  stm32_eval.o(.constdata)
    COM_RX_PORT_CLK                          0x0800ef68   Data           4  stm32_eval.o(.constdata)
    BUTTON_PIN                               0x0800ef6c   Data           6  stm32_eval.o(.constdata)
    BUTTON_EXTI_LINE                         0x0800ef72   Data           6  stm32_eval.o(.constdata)
    GPIO_PIN                                 0x0800ef78   Data           8  stm32_eval.o(.constdata)
    GPIO_CLK                                 0x0800ef80   Data          16  stm32_eval.o(.constdata)
    BUTTON_CLK                               0x0800ef90   Data          12  stm32_eval.o(.constdata)
    Region$$Table$$Base                      0x0800f004   Number         0  anon$$obj.o(Region$$Table)
    Region$$Table$$Limit                     0x0800f024   Number         0  anon$$obj.o(Region$$Table)
    test                                     0x20000000   Data           4  main.o(.data)
    NbrOfDataToTransfer                      0x20000004   Data           1  stm32f2xx_it.o(.data)
    NbrOfDataToRead                          0x20000005   Data           1  stm32f2xx_it.o(.data)
    TxCounter                                0x20000006   Data           1  stm32f2xx_it.o(.data)
    USART_RX_STA                             0x20000007   Data           1  stm32f2xx_it.o(.data)
    RxCounter                                0x20000008   Data           2  stm32f2xx_it.o(.data)
    conn                                     0x2000000c   Data           4  tcpecho.o(.data)
    newconn                                  0x20000010   Data           4  tcpecho.o(.data)
    nPageHits                                0x20000014   Data           4  httpserver-netconn.o(.data)
    netif_list                               0x20000040   Data           4  netif.o(.data)
    netif_default                            0x20000044   Data           4  netif.o(.data)
    tcp_ticks                                0x20000054   Data           4  tcp.o(.data)
    tcp_bound_pcbs                           0x20000058   Data           4  tcp.o(.data)
    tcp_listen_pcbs                          0x2000005c   Data           4  tcp.o(.data)
    tcp_active_pcbs                          0x20000060   Data           4  tcp.o(.data)
    tcp_tw_pcbs                              0x20000064   Data           4  tcp.o(.data)
    tcp_tmp_pcb                              0x20000068   Data           4  tcp.o(.data)
    tcp_state_str                            0x2000006c   Data          44  tcp.o(.data)
    tcp_input_pcb                            0x200000b0   Data           4  tcp_in.o(.data)
    udp_pcbs                                 0x200000b4   Data           4  udp.o(.data)
    current_netif                            0x200000bc   Data           4  ip.o(.data)
    current_header                           0x200000c0   Data           4  ip.o(.data)
    s_xSemaphore                             0x200000cc   Data           4  ethernetif.o(.data)
    DMATxDescToSet                           0x200000e8   Data           4  stm32f2x7_eth.o(.data)
    DMARxDescToGet                           0x200000ec   Data           4  stm32f2x7_eth.o(.data)
    DMA_RX_FRAME_infos                       0x200000f0   Data           4  stm32f2x7_eth.o(.data)
    COM_USART                                0x200000f4   Data           4  stm32_eval.o(.data)
    COM_TX_PORT                              0x200000f8   Data           4  stm32_eval.o(.data)
    COM_RX_PORT                              0x200000fc   Data           4  stm32_eval.o(.data)
    NVIC_InitStructure                       0x20000100   Data           4  stm32_eval.o(.data)
    GPIO_PORT                                0x20000104   Data          16  stm32_eval.o(.data)
    BUTTON_PORT                              0x20000114   Data          12  stm32_eval.o(.data)
    pxCurrentTCB                             0x2000013c   Data           4  tasks.o(.data)
    __stdout                                 0x20000188   Data           4  stdout.o(.data)
    xnetif                                   0x2000018c   Data          52  netconf.o(.bss)
    TxBuffer                                 0x200001c0   Data          32  stm32f2xx_it.o(.bss)
    RxBuffer                                 0x200001e0   Data          68  stm32f2xx_it.o(.bss)
    fs_memory                                0x20000224   Data         240  fs.o(.bss)
    DMARxDscrTab                             0x20005320   Data         160  stm32f2x7_eth.o(.bss)
    DMATxDscrTab                             0x200053c0   Data         160  stm32f2x7_eth.o(.bss)
    Rx_Buff                                  0x20005460   Data        7620  stm32f2x7_eth.o(.bss)
    Tx_Buff                                  0x20007224   Data        7620  stm32f2x7_eth.o(.bss)
    RX_Frame_Descriptor                      0x20008fe8   Data          12  stm32f2x7_eth.o(.bss)
    __initial_sp                             0x2000d108   Data           0  startup_stm32f2xx.o(STACK)



==============================================================================

Memory Map of the image

  Image Entry point : 0x08000185

  Load Region LR_IROM1 (Base: 0x08000000, Size: 0x0000f1b0, Max: 0x00100000, ABSOLUTE, COMPRESSED[0x0000f084])

    Execution Region ER_IROM1 (Base: 0x08000000, Size: 0x0000f024, Max: 0x00100000, ABSOLUTE)

    Base Addr    Size         Type   Attr      Idx    E Section Name        Object

    0x08000000   0x00000184   Data   RO          144    RESET               startup_stm32f2xx.o
    0x08000184   0x00000000   Code   RO         6237  * .ARM.Collect$$$$00000000  mc_w.l(entry.o)
    0x08000184   0x00000004   Code   RO         6541    .ARM.Collect$$$$00000001  mc_w.l(entry2.o)
    0x08000188   0x00000004   Code   RO         6544    .ARM.Collect$$$$00000004  mc_w.l(entry5.o)
    0x0800018c   0x00000000   Code   RO         6546    .ARM.Collect$$$$00000008  mc_w.l(entry7b.o)
    0x0800018c   0x00000008   Code   RO         6547    .ARM.Collect$$$$00000009  mc_w.l(entry8.o)
    0x08000194   0x00000004   Code   RO         6542    .ARM.Collect$$$$00002712  mc_w.l(entry2.o)
    0x08000198   0x00000088   Code   RO         5782    .emb_text           port.o
    0x08000220   0x00000024   Code   RO          145    .text               startup_stm32f2xx.o
    0x08000244   0x00000024   Code   RO         6240    .text               mc_w.l(memcpya.o)
    0x08000268   0x00000026   Code   RO         6242    .text               mc_w.l(memseta.o)
    0x0800028e   0x0000001c   Code   RO         6244    .text               mc_w.l(strcat.o)
    0x080002aa   0x00000018   Code   RO         6246    .text               mc_w.l(strncpy.o)
    0x080002c2   0x00000010   Code   RO         6248    .text               mc_w.l(strlen.o)
    0x080002d2   0x0000001c   Code   RO         6250    .text               mc_w.l(strcmp.o)
    0x080002ee   0x0000001e   Code   RO         6254    .text               mc_w.l(strncmp.o)
    0x0800030c   0x000000b0   Code   RO         6519    .text               mf_w.l(fadd.o)
    0x080003bc   0x0000014c   Code   RO         6521    .text               mf_w.l(dadd.o)
    0x08000508   0x000000e0   Code   RO         6523    .text               mf_w.l(dmul.o)
    0x080005e8   0x000000de   Code   RO         6525    .text               mf_w.l(ddiv.o)
    0x080006c6   0x0000000a   Code   RO         6527    .text               mf_w.l(ffltui.o)
    0x080006d0   0x0000002c   Code   RO         6533    .text               mf_w.l(f2d.o)
    0x080006fc   0x00000028   Code   RO         6537    .text               mf_w.l(cdrcmple.o)
    0x08000724   0x00000038   Code   RO         6539    .text               mf_w.l(d2f.o)
    0x0800075c   0x0000002c   Code   RO         6549    .text               mc_w.l(uidiv.o)
    0x08000788   0x00000062   Code   RO         6551    .text               mc_w.l(uldiv.o)
    0x080007ea   0x0000001e   Code   RO         6553    .text               mc_w.l(llshl.o)
    0x08000808   0x00000024   Code   RO         6555    .text               mc_w.l(llsshr.o)
    0x0800082c   0x00000000   Code   RO         6557    .text               mc_w.l(iusefp.o)
    0x0800082c   0x0000006c   Code   RO         6558    .text               mf_w.l(fepilogue.o)
    0x08000898   0x000000be   Code   RO         6560    .text               mf_w.l(depilogue.o)
    0x08000956   0x00000030   Code   RO         6562    .text               mf_w.l(dfixul.o)
    0x08000986   0x00000002   PAD
    0x08000988   0x00000024   Code   RO         6564    .text               mc_w.l(init.o)
    0x080009ac   0x00000020   Code   RO         6566    .text               mc_w.l(llushr.o)
    0x080009cc   0x0000005c   Code   RO         6576    .text               mc_w.l(__dczerorl2.o)
    0x08000a28   0x00000002   Code   RO          408    i.BusFault_Handler  stm32f2xx_it.o
    0x08000a2a   0x00000002   PAD
    0x08000a2c   0x00000044   Code   RO          506    i.DebugComPort_Init  serial_debug.o
    0x08000a70   0x00000002   Code   RO          409    i.DebugMon_Handler  stm32f2xx_it.o
    0x08000a72   0x00000002   PAD
    0x08000a74   0x00000178   Code   RO          666    i.DynWebPage        httpserver-netconn.o
    0x08000bec   0x00000034   Code   RO          386    i.ETH_BSP_Config    stm32f2x7_eth_bsp.o
    0x08000c20   0x0000000c   Code   RO         4716    i.ETH_DMAClearITPendingBit  stm32f2x7_eth.o
    0x08000c2c   0x00000018   Code   RO         4717    i.ETH_DMAITConfig   stm32f2x7_eth.o
    0x08000c44   0x0000001c   Code   RO         4718    i.ETH_DMAReceptionCmd  stm32f2x7_eth.o
    0x08000c60   0x00000058   Code   RO         4719    i.ETH_DMARxDescChainInit  stm32f2x7_eth.o
    0x08000cb8   0x00000012   Code   RO         4720    i.ETH_DMARxDescReceiveITConfig  stm32f2x7_eth.o
    0x08000cca   0x00000002   PAD
    0x08000ccc   0x0000001c   Code   RO         4721    i.ETH_DMATransmissionCmd  stm32f2x7_eth.o
    0x08000ce8   0x00000048   Code   RO         4724    i.ETH_DMATxDescChainInit  stm32f2x7_eth.o
    0x08000d30   0x00000008   Code   RO         4725    i.ETH_DMATxDescChecksumInsertionConfig  stm32f2x7_eth.o
    0x08000d38   0x00000018   Code   RO         4730    i.ETH_DeInit        stm32f2x7_eth.o
    0x08000d50   0x0000000a   Code   RO         4731    i.ETH_Delay         stm32f2x7_eth.o
    0x08000d5a   0x00000002   PAD
    0x08000d5c   0x00000010   Code   RO         4733    i.ETH_FlushTransmitFIFO  stm32f2x7_eth.o
    0x08000d6c   0x000000dc   Code   RO          387    i.ETH_GPIO_Config   stm32f2x7_eth_bsp.o
    0x08000e48   0x00000014   Code   RO         4739    i.ETH_GetDMAFlagStatus  stm32f2x7_eth.o
    0x08000e5c   0x00000014   Code   RO         4759    i.ETH_GetSoftwareResetStatus  stm32f2x7_eth.o
    0x08000e70   0x0000008c   Code   RO         4762    i.ETH_Get_Received_Frame_interrupt  stm32f2x7_eth.o
    0x08000efc   0x0000003c   Code   RO          410    i.ETH_IRQHandler    stm32f2xx_it.o
    0x08000f38   0x00000220   Code   RO         4764    i.ETH_Init          stm32f2x7_eth.o
    0x08001158   0x0000001c   Code   RO         4766    i.ETH_MACAddressConfig  stm32f2x7_eth.o
    0x08001174   0x0000007c   Code   RO          388    i.ETH_MACDMA_Config  stm32f2x7_eth_bsp.o
    0x080011f0   0x0000001c   Code   RO         4771    i.ETH_MACReceptionCmd  stm32f2x7_eth.o
    0x0800120c   0x0000001c   Code   RO         4772    i.ETH_MACTransmissionCmd  stm32f2x7_eth.o
    0x08001228   0x000000ac   Code   RO         4783    i.ETH_Prepare_Transmit_Descriptors  stm32f2x7_eth.o
    0x080012d4   0x00000050   Code   RO         4784    i.ETH_ReadPHYRegister  stm32f2x7_eth.o
    0x08001324   0x00000010   Code   RO         4792    i.ETH_SoftwareReset  stm32f2x7_eth.o
    0x08001334   0x00000022   Code   RO         4793    i.ETH_Start         stm32f2x7_eth.o
    0x08001356   0x00000088   Code   RO         4794    i.ETH_StructInit    stm32f2x7_eth.o
    0x080013de   0x00000002   PAD
    0x080013e0   0x0000004c   Code   RO         4796    i.ETH_WritePHYRegister  stm32f2x7_eth.o
    0x0800142c   0x0000007c   Code   RO         3920    i.GPIO_Init         stm32f2xx_gpio.o
    0x080014a8   0x00000020   Code   RO         3921    i.GPIO_PinAFConfig  stm32f2xx_gpio.o
    0x080014c8   0x00000002   Code   RO          411    i.HardFault_Handler  stm32f2xx_it.o
    0x080014ca   0x00000036   Code   RO          150    i.LCD_LED_Init      main.o
    0x08001500   0x00000068   Code   RO          316    i.LwIP_Init         netconf.o
    0x08001568   0x00000002   Code   RO          412    i.MemManage_Handler  stm32f2xx_it.o
    0x0800156a   0x00000002   Code   RO          413    i.NMI_Handler       stm32f2xx_it.o
    0x0800156c   0x00000020   Code   RO          151    i.NVIC_Config       main.o
    0x0800158c   0x00000064   Code   RO         3169    i.NVIC_Init         misc.o
    0x080015f0   0x00000014   Code   RO         3170    i.NVIC_PriorityGroupConfig  misc.o
    0x08001604   0x00000018   Code   RO         4009    i.RCC_AHB1PeriphClockCmd  stm32f2xx_rcc.o
    0x0800161c   0x00000018   Code   RO         4011    i.RCC_AHB1PeriphResetCmd  stm32f2xx_rcc.o
    0x08001634   0x00000018   Code   RO         4018    i.RCC_APB1PeriphClockCmd  stm32f2xx_rcc.o
    0x0800164c   0x00000018   Code   RO         4021    i.RCC_APB2PeriphClockCmd  stm32f2xx_rcc.o
    0x08001664   0x00000098   Code   RO         4030    i.RCC_GetClocksFreq  stm32f2xx_rcc.o
    0x080016fc   0x00000014   Code   RO         4041    i.RCC_MCO1Config    stm32f2xx_rcc.o
    0x08001710   0x000000b8   Code   RO         5231    i.STM_EVAL_COMInit  stm32_eval.o
    0x080017c8   0x00000048   Code   RO         5232    i.STM_EVAL_LEDInit  stm32_eval.o
    0x08001810   0x00000018   Code   RO         5233    i.STM_EVAL_LEDOff   stm32_eval.o
    0x08001828   0x0000001c   Code   RO         5235    i.STM_EVAL_LEDToggle  stm32_eval.o
    0x08001844   0x0000000c   Code   RO         4469    i.SYSCFG_ETH_MediaInterfaceConfig  stm32f2xx_syscfg.o
    0x08001850   0x00000084   Code   RO            1    i.SetSysClock       system_stm32f2xx.o
    0x080018d4   0x00000004   Code   RO          416    i.SysTick_Handler   stm32f2xx_it.o
    0x080018d8   0x00000050   Code   RO            3    i.SystemInit        system_stm32f2xx.o
    0x08001928   0x00000024   Code   RO          152    i.ToggleLed4        main.o
    0x0800194c   0x00000094   Code   RO          417    i.USART3_IRQHandler  stm32f2xx_it.o
    0x080019e0   0x00000014   Code   RO         2993    i.USART_Cmd         stm32f2xx_usart.o
    0x080019f4   0x0000000e   Code   RO         2996    i.USART_GetFlagStatus  stm32f2xx_usart.o
    0x08001a02   0x0000003e   Code   RO         2997    i.USART_GetITStatus  stm32f2xx_usart.o
    0x08001a40   0x00000030   Code   RO         2999    i.USART_ITConfig    stm32f2xx_usart.o
    0x08001a70   0x000000b8   Code   RO         3000    i.USART_Init        stm32f2xx_usart.o
    0x08001b28   0x00000008   Code   RO         3007    i.USART_ReceiveData  stm32f2xx_usart.o
    0x08001b30   0x00000008   Code   RO         3010    i.USART_SendData    stm32f2xx_usart.o
    0x08001b38   0x00000002   Code   RO          418    i.UsageFault_Handler  stm32f2xx_it.o
    0x08001b3a   0x00000002   PAD
    0x08001b3c   0x00000020   Code   RO         6491    i.__0printf         mc_w.l(printfa.o)
    0x08001b5c   0x00000028   Code   RO         6493    i.__0sprintf        mc_w.l(printfa.o)
    0x08001b84   0x0000000e   Code   RO         6570    i.__scatterload_copy  mc_w.l(handlers.o)
    0x08001b92   0x00000002   Code   RO         6571    i.__scatterload_null  mc_w.l(handlers.o)
    0x08001b94   0x0000000e   Code   RO         6572    i.__scatterload_zeroinit  mc_w.l(handlers.o)
    0x08001ba2   0x00000002   PAD
    0x08001ba4   0x00000158   Code   RO         6498    i._fp_digits        mc_w.l(printfa.o)
    0x08001cfc   0x00000704   Code   RO         6499    i._printf_core      mc_w.l(printfa.o)
    0x08002400   0x00000026   Code   RO         6500    i._printf_post_padding  mc_w.l(printfa.o)
    0x08002426   0x00000030   Code   RO         6501    i._printf_pre_padding  mc_w.l(printfa.o)
    0x08002456   0x0000000a   Code   RO         6503    i._sputc            mc_w.l(printfa.o)
    0x08002460   0x00000058   Code   RO          984    i.accept_function   api_msg.o
    0x080024b8   0x0000001c   Code   RO         1227    i.arp_timer         tcpip.o
    0x080024d4   0x0000001c   Code   RO         2573    i.arp_timer         ethernetif.o
    0x080024f0   0x0000001e   Code   RO         1334    i.dhcp_arp_reply    dhcp.o
    0x0800250e   0x00000002   PAD
    0x08002510   0x000000d8   Code   RO         1335    i.dhcp_bind         dhcp.o
    0x080025e8   0x00000026   Code   RO         1336    i.dhcp_check        dhcp.o
    0x0800260e   0x00000002   PAD
    0x08002610   0x00000060   Code   RO         1337    i.dhcp_coarse_tmr   dhcp.o
    0x08002670   0x00000104   Code   RO         1338    i.dhcp_create_request  dhcp.o
    0x08002774   0x0000007c   Code   RO         1339    i.dhcp_decline      dhcp.o
    0x080027f0   0x0000001c   Code   RO         1340    i.dhcp_delete_request  dhcp.o
    0x0800280c   0x000000c8   Code   RO         1341    i.dhcp_discover     dhcp.o
    0x080028d4   0x00000034   Code   RO         1342    i.dhcp_fine_tmr     dhcp.o
    0x08002908   0x00000020   Code   RO         1349    i.dhcp_option       dhcp.o
    0x08002928   0x00000010   Code   RO         1350    i.dhcp_option_byte  dhcp.o
    0x08002938   0x00000042   Code   RO         1351    i.dhcp_option_long  dhcp.o
    0x0800297a   0x00000022   Code   RO         1352    i.dhcp_option_short  dhcp.o
    0x0800299c   0x00000030   Code   RO         1353    i.dhcp_option_trailer  dhcp.o
    0x080029cc   0x00000094   Code   RO         1354    i.dhcp_rebind       dhcp.o
    0x08002a60   0x000000ac   Code   RO         1355    i.dhcp_reboot       dhcp.o
    0x08002b0c   0x000000b4   Code   RO         1357    i.dhcp_release      dhcp.o
    0x08002bc0   0x00000090   Code   RO         1358    i.dhcp_renew        dhcp.o
    0x08002c50   0x000000f0   Code   RO         1359    i.dhcp_select       dhcp.o
    0x08002d40   0x0000000e   Code   RO         1360    i.dhcp_set_state    dhcp.o
    0x08002d4e   0x00000088   Code   RO         1363    i.dhcp_timeout      dhcp.o
    0x08002dd6   0x00000002   PAD
    0x08002dd8   0x0000001c   Code   RO         1228    i.dhcp_timer_coarse  tcpip.o
    0x08002df4   0x0000001c   Code   RO         1229    i.dhcp_timer_fine   tcpip.o
    0x08002e10   0x0000005c   Code   RO          985    i.do_bind           api_msg.o
    0x08002e6c   0x00000022   Code   RO          986    i.do_close          api_msg.o
    0x08002e8e   0x00000002   PAD
    0x08002e90   0x000000a8   Code   RO          987    i.do_close_internal  api_msg.o
    0x08002f38   0x00000068   Code   RO          990    i.do_delconn        api_msg.o
    0x08002fa0   0x00000094   Code   RO          993    i.do_listen         api_msg.o
    0x08003034   0x0000001c   Code   RO          994    i.do_newconn        api_msg.o
    0x08003050   0x0000002e   Code   RO          995    i.do_recv           api_msg.o
    0x0800307e   0x00000036   Code   RO          997    i.do_write          api_msg.o
    0x080030b4   0x000000b8   Code   RO          998    i.do_writemore      api_msg.o
    0x0800316c   0x00000064   Code   RO          999    i.err_tcp           api_msg.o
    0x080031d0   0x000000de   Code   RO         2476    i.etharp_arp_input  etharp.o
    0x080032ae   0x00000002   PAD
    0x080032b0   0x000000b8   Code   RO         2479    i.etharp_output     etharp.o
    0x08003368   0x0000008c   Code   RO         2480    i.etharp_query      etharp.o
    0x080033f4   0x000000a6   Code   RO         2481    i.etharp_raw        etharp.o
    0x0800349a   0x00000002   PAD
    0x0800349c   0x00000024   Code   RO         2482    i.etharp_request    etharp.o
    0x080034c0   0x00000036   Code   RO         2483    i.etharp_send_ip    etharp.o
    0x080034f6   0x00000002   PAD
    0x080034f8   0x0000003c   Code   RO         2484    i.etharp_tmr        etharp.o
    0x08003534   0x0000004c   Code   RO         2485    i.ethernet_input    etharp.o
    0x08003580   0x00000038   Code   RO         2574    i.ethernetif_init   ethernetif.o
    0x080035b8   0x00000030   Code   RO         2575    i.ethernetif_input  ethernetif.o
    0x080035e8   0x000000e8   Code   RO         2486    i.find_entry        etharp.o
    0x080036d0   0x00000024   Code   RO          507    i.fputc             serial_debug.o
    0x080036f4   0x00000004   Code   RO          607    i.fs_close          fs.o
    0x080036f8   0x0000002c   Code   RO          608    i.fs_free           fs.o
    0x08003724   0x0000006c   Code   RO          609    i.fs_open           fs.o
    0x08003790   0x00000004   Code   RO         2333    i.htonl             inet.o
    0x08003794   0x00000004   Code   RO         2334    i.htons             inet.o
    0x08003798   0x00000024   Code   RO          667    i.http_server_netconn_init  httpserver-netconn.o
    0x080037bc   0x00000074   Code   RO          668    i.http_server_netconn_thread  httpserver-netconn.o
    0x08003830   0x00000170   Code   RO          669    i.http_server_serve  httpserver-netconn.o
    0x080039a0   0x00000066   Code   RO         2309    i.icmp_dest_unreach  icmp.o
    0x08003a06   0x00000114   Code   RO         2310    i.icmp_input        icmp.o
    0x08003b1a   0x0000000c   Code   RO         2382    i.inet_chksum       inet_chksum.o
    0x08003b26   0x00000048   Code   RO         2383    i.inet_chksum_pbuf  inet_chksum.o
    0x08003b6e   0x00000030   Code   RO         2447    i.ip_addr_isbroadcast  ip_addr.o
    0x08003b9e   0x00000002   PAD
    0x08003ba0   0x0000017c   Code   RO         2411    i.ip_input          ip.o
    0x08003d1c   0x00000034   Code   RO         2412    i.ip_output         ip.o
    0x08003d50   0x000000b0   Code   RO         2413    i.ip_output_if      ip.o
    0x08003e00   0x00000048   Code   RO         2414    i.ip_route          ip.o
    0x08003e48   0x000000cc   Code   RO         2576    i.low_level_init    ethernetif.o
    0x08003f14   0x00000088   Code   RO         2577    i.low_level_input   ethernetif.o
    0x08003f9c   0x00000070   Code   RO         2578    i.low_level_output  ethernetif.o
    0x0800400c   0x00000012   Code   RO         1514    i.lwip_init         init.o
    0x0800401e   0x0000003a   Code   RO         2385    i.lwip_standard_chksum  inet_chksum.o
    0x08004058   0x00000080   Code   RO          153    i.main              main.o
    0x080040d8   0x00000040   Code   RO         1539    i.mem_free          mem.o
    0x08004118   0x0000003c   Code   RO         1540    i.mem_init          mem.o
    0x08004154   0x000000c0   Code   RO         1541    i.mem_malloc        mem.o
    0x08004214   0x000000dc   Code   RO         1542    i.mem_realloc       mem.o
    0x080042f0   0x00000018   Code   RO         1582    i.memp_free         memp.o
    0x08004308   0x00000058   Code   RO         1583    i.memp_init         memp.o
    0x08004360   0x00000020   Code   RO         1584    i.memp_malloc       memp.o
    0x08004380   0x00000026   Code   RO         1148    i.netbuf_data       netbuf.o
    0x080043a6   0x00000022   Code   RO         1149    i.netbuf_delete     netbuf.o
    0x080043c8   0x0000001e   Code   RO         1153    i.netbuf_next       netbuf.o
    0x080043e6   0x00000028   Code   RO          888    i.netconn_accept    api_lib.o
    0x0800440e   0x00000074   Code   RO         1000    i.netconn_alloc     api_msg.o
    0x08004482   0x00000002   PAD
    0x08004484   0x0000002c   Code   RO          889    i.netconn_bind      api_lib.o
    0x080044b0   0x00000028   Code   RO          890    i.netconn_close     api_lib.o
    0x080044d8   0x00000028   Code   RO          892    i.netconn_delete    api_lib.o
    0x08004500   0x00000068   Code   RO         1001    i.netconn_free      api_msg.o
    0x08004568   0x00000028   Code   RO          895    i.netconn_listen_with_backlog  api_lib.o
    0x08004590   0x00000048   Code   RO          896    i.netconn_new_with_proto_and_callback  api_lib.o
    0x080045d8   0x000000d0   Code   RO          897    i.netconn_recv      api_lib.o
    0x080046a8   0x0000003c   Code   RO          900    i.netconn_write     api_lib.o
    0x080046e4   0x0000004c   Code   RO         1623    i.netif_add         netif.o
    0x08004730   0x0000000a   Code   RO         1625    i.netif_is_up       netif.o
    0x0800473a   0x00000020   Code   RO         1627    i.netif_set_addr    netif.o
    0x0800475a   0x00000002   PAD
    0x0800475c   0x0000000c   Code   RO         1628    i.netif_set_default  netif.o
    0x08004768   0x00000012   Code   RO         1629    i.netif_set_down    netif.o
    0x0800477a   0x00000008   Code   RO         1630    i.netif_set_gw      netif.o
    0x08004782   0x00000002   PAD
    0x08004784   0x00000068   Code   RO         1631    i.netif_set_ipaddr  netif.o
    0x080047ec   0x00000008   Code   RO         1632    i.netif_set_netmask  netif.o
    0x080047f4   0x0000001c   Code   RO         1633    i.netif_set_up      netif.o
    0x08004810   0x00000004   Code   RO         2338    i.ntohl             inet.o
    0x08004814   0x00000004   Code   RO         2339    i.ntohs             inet.o
    0x08004818   0x00000110   Code   RO         1702    i.pbuf_alloc        pbuf.o
    0x08004928   0x00000028   Code   RO         1703    i.pbuf_cat          pbuf.o
    0x08004950   0x00000012   Code   RO         1704    i.pbuf_chain        pbuf.o
    0x08004962   0x00000012   Code   RO         1705    i.pbuf_clen         pbuf.o
    0x08004974   0x00000090   Code   RO         1707    i.pbuf_copy         pbuf.o
    0x08004a04   0x00000044   Code   RO         1710    i.pbuf_free         pbuf.o
    0x08004a48   0x00000060   Code   RO         1711    i.pbuf_header       pbuf.o
    0x08004aa8   0x00000050   Code   RO         1712    i.pbuf_realloc      pbuf.o
    0x08004af8   0x0000000c   Code   RO         1713    i.pbuf_ref          pbuf.o
    0x08004b04   0x00000090   Code   RO         1002    i.pcb_new           api_msg.o
    0x08004b94   0x00000054   Code   RO         1543    i.plug_holes        mem.o
    0x08004be8   0x0000001c   Code   RO         1003    i.poll_tcp          api_msg.o
    0x08004c04   0x00000060   Code   RO         5875    i.prvCheckTasksWaitingTermination  tasks.o
    0x08004c64   0x0000002a   Code   RO         6141    i.prvCopyDataFromQueue  queue.o
    0x08004c8e   0x0000005a   Code   RO         6142    i.prvCopyDataToQueue  queue.o
    0x08004ce8   0x00000018   Code   RO         5876    i.prvIdleTask       tasks.o
    0x08004d00   0x00000088   Code   RO         5877    i.prvListTaskWithinSingleList  tasks.o
    0x08004d88   0x00000064   Code   RO         6143    i.prvUnlockQueue    queue.o
    0x08004dec   0x000000b0   Code   RO         5836    i.pvPortMalloc      heap_2.o
    0x08004e9c   0x0000001c   Code   RO         5783    i.pxPortInitialiseStack  port.o
    0x08004eb8   0x0000000a   Code   RO         1789    i.raw_bind          raw.o
    0x08004ec2   0x00000002   PAD
    0x08004ec4   0x0000006c   Code   RO         1791    i.raw_input         raw.o
    0x08004f30   0x0000002c   Code   RO         1792    i.raw_new           raw.o
    0x08004f5c   0x00000006   Code   RO         1793    i.raw_recv          raw.o
    0x08004f62   0x00000002   PAD
    0x08004f64   0x0000002c   Code   RO         1794    i.raw_remove        raw.o
    0x08004f90   0x00000072   Code   RO         1004    i.recv_raw          api_msg.o
    0x08005002   0x00000040   Code   RO         1005    i.recv_tcp          api_msg.o
    0x08005042   0x00000068   Code   RO         1006    i.recv_udp          api_msg.o
    0x080050aa   0x00000042   Code   RO         1007    i.sent_tcp          api_msg.o
    0x080050ec   0x00000044   Code   RO         1008    i.setup_tcp         api_msg.o
    0x08005130   0x0000004c   Code   RO         2617    i.sys_arch_mbox_fetch  sys_arch.o
    0x0800517c   0x0000001c   Code   RO         2618    i.sys_arch_mbox_tryfetch  sys_arch.o
    0x08005198   0x00000042   Code   RO         2620    i.sys_arch_sem_wait  sys_arch.o
    0x080051da   0x00000002   PAD
    0x080051dc   0x00000030   Code   RO         2621    i.sys_arch_timeouts  sys_arch.o
    0x0800520c   0x00000028   Code   RO         2624    i.sys_init          sys_arch.o
    0x08005234   0x00000060   Code   RO         1852    i.sys_mbox_fetch    sys.o
    0x08005294   0x00000012   Code   RO         2625    i.sys_mbox_free     sys_arch.o
    0x080052a6   0x00000008   Code   RO         2626    i.sys_mbox_new      sys_arch.o
    0x080052ae   0x0000001a   Code   RO         2627    i.sys_mbox_post     sys_arch.o
    0x080052c8   0x0000001a   Code   RO         2628    i.sys_mbox_trypost  sys_arch.o
    0x080052e2   0x00000004   Code   RO         2629    i.sys_sem_free      sys_arch.o
    0x080052e6   0x00000032   Code   RO         2630    i.sys_sem_new       sys_arch.o
    0x08005318   0x0000000a   Code   RO         2631    i.sys_sem_signal    sys_arch.o
    0x08005322   0x00000002   PAD
    0x08005324   0x00000050   Code   RO         2632    i.sys_thread_new    sys_arch.o
    0x08005374   0x00000062   Code   RO         1856    i.sys_timeout       sys.o
    0x080053d6   0x0000004e   Code   RO         1857    i.sys_untimeout     sys.o
    0x08005424   0x00000094   Code   RO         1907    i.tcp_abandon       tcp.o
    0x080054b8   0x00000004   Code   RO         1908    i.tcp_accept        tcp.o
    0x080054bc   0x00000006   Code   RO         1909    i.tcp_accept_null   tcp.o
    0x080054c2   0x00000002   PAD
    0x080054c4   0x000000f4   Code   RO         1910    i.tcp_alloc         tcp.o
    0x080055b8   0x00000004   Code   RO         1911    i.tcp_arg           tcp.o
    0x080055bc   0x000000c0   Code   RO         1912    i.tcp_bind          tcp.o
    0x0800567c   0x000000a0   Code   RO         1913    i.tcp_close         tcp.o
    0x0800571c   0x00000020   Code   RO         1916    i.tcp_eff_send_mss  tcp.o
    0x0800573c   0x00000342   Code   RO         2138    i.tcp_enqueue       tcp_out.o
    0x08005a7e   0x00000006   Code   RO         1917    i.tcp_err           tcp.o
    0x08005a84   0x0000005c   Code   RO         1918    i.tcp_fasttmr       tcp.o
    0x08005ae0   0x000002f8   Code   RO         2090    i.tcp_input         tcp_in.o
    0x08005dd8   0x00000046   Code   RO         2139    i.tcp_keepalive     tcp_out.o
    0x08005e1e   0x00000002   PAD
    0x08005e20   0x000000ec   Code   RO         2091    i.tcp_listen_input  tcp_in.o
    0x08005f0c   0x00000084   Code   RO         1919    i.tcp_listen_with_backlog  tcp.o
    0x08005f90   0x00000006   Code   RO         1920    i.tcp_new           tcp.o
    0x08005f96   0x00000002   PAD
    0x08005f98   0x00000060   Code   RO         1921    i.tcp_new_port      tcp.o
    0x08005ff8   0x00000010   Code   RO         1922    i.tcp_next_iss      tcp.o
    0x08006008   0x000001b4   Code   RO         2140    i.tcp_output        tcp_out.o
    0x080061bc   0x000000b4   Code   RO         2141    i.tcp_output_segment  tcp_out.o
    0x08006270   0x0000007c   Code   RO         2142    i.tcp_output_set_header  tcp_out.o
    0x080062ec   0x0000007c   Code   RO         2092    i.tcp_parseopt      tcp_in.o
    0x08006368   0x00000030   Code   RO         1923    i.tcp_pcb_purge     tcp.o
    0x08006398   0x0000005c   Code   RO         1924    i.tcp_pcb_remove    tcp.o
    0x080063f4   0x0000000a   Code   RO         1925    i.tcp_poll          tcp.o
    0x080063fe   0x00000002   PAD
    0x08006400   0x00000354   Code   RO         2093    i.tcp_process       tcp_in.o
    0x08006754   0x0000043c   Code   RO         2094    i.tcp_receive       tcp_in.o
    0x08006b90   0x00000006   Code   RO         1926    i.tcp_recv          tcp.o
    0x08006b96   0x00000024   Code   RO         1927    i.tcp_recv_null     tcp.o
    0x08006bba   0x0000003c   Code   RO         1928    i.tcp_recved        tcp.o
    0x08006bf6   0x0000004e   Code   RO         2143    i.tcp_rexmit        tcp_out.o
    0x08006c44   0x00000056   Code   RO         2144    i.tcp_rexmit_fast   tcp_out.o
    0x08006c9a   0x0000002e   Code   RO         2145    i.tcp_rexmit_rto    tcp_out.o
    0x08006cc8   0x0000009c   Code   RO         2146    i.tcp_rst           tcp_out.o
    0x08006d64   0x00000020   Code   RO         1929    i.tcp_seg_free      tcp.o
    0x08006d84   0x0000001a   Code   RO         1930    i.tcp_segs_free     tcp.o
    0x08006d9e   0x00000016   Code   RO         2147    i.tcp_send_ctrl     tcp_out.o
    0x08006db4   0x00000056   Code   RO         2148    i.tcp_send_empty_ack  tcp_out.o
    0x08006e0a   0x00000006   Code   RO         1931    i.tcp_sent          tcp.o
    0x08006e10   0x00000228   Code   RO         1933    i.tcp_slowtmr       tcp.o
    0x08007038   0x00000034   Code   RO         1233    i.tcp_timer_needed  tcpip.o
    0x0800706c   0x0000006c   Code   RO         2095    i.tcp_timewait_input  tcp_in.o
    0x080070d8   0x00000020   Code   RO         1934    i.tcp_tmr           tcp.o
    0x080070f8   0x00000036   Code   RO         1935    i.tcp_update_rcv_ann_wnd  tcp.o
    0x0800712e   0x0000002e   Code   RO         2149    i.tcp_write         tcp_out.o
    0x0800715c   0x00000090   Code   RO         2150    i.tcp_zero_window_probe  tcp_out.o
    0x080071ec   0x0000002c   Code   RO          546    i.tcpecho_init      tcpecho.o
    0x08007218   0x0000010c   Code   RO          547    i.tcpecho_thread    tcpecho.o
    0x08007324   0x00000034   Code   RO         1234    i.tcpip_apimsg      tcpip.o
    0x08007358   0x0000003c   Code   RO         1236    i.tcpip_init        tcpip.o
    0x08007394   0x00000048   Code   RO         1237    i.tcpip_input       tcpip.o
    0x080073dc   0x00000038   Code   RO         1238    i.tcpip_tcp_timer   tcpip.o
    0x08007414   0x000000a4   Code   RO         1239    i.tcpip_thread      tcpip.o
    0x080074b8   0x0000005c   Code   RO         2220    i.udp_bind          udp.o
    0x08007514   0x00000164   Code   RO         2223    i.udp_input         udp.o
    0x08007678   0x0000001a   Code   RO         2224    i.udp_new           udp.o
    0x08007692   0x00000006   Code   RO         2225    i.udp_recv          udp.o
    0x08007698   0x0000002c   Code   RO         2226    i.udp_remove        udp.o
    0x080076c4   0x000000b0   Code   RO         2229    i.udp_sendto_if     udp.o
    0x08007774   0x00000070   Code   RO         2487    i.update_arp_entry  etharp.o
    0x080077e4   0x00000034   Code   RO          567    i.usart_tcpsend_init  usart_tcpsend.o
    0x08007818   0x000000d8   Code   RO          568    i.usart_tcpsend_thread  usart_tcpsend.o
    0x080078f0   0x00000012   Code   RO         6144    i.uxQueueMessagesWaiting  queue.o
    0x08007902   0x00000016   Code   RO         6105    i.vListInitialise   list.o
    0x08007918   0x00000006   Code   RO         6106    i.vListInitialiseItem  list.o
    0x0800791e   0x00000030   Code   RO         6107    i.vListInsert       list.o
    0x0800794e   0x0000001c   Code   RO         6108    i.vListInsertEnd    list.o
    0x0800796a   0x00000024   Code   RO         6109    i.vListRemove       list.o
    0x0800798e   0x00000002   PAD
    0x08007990   0x00000014   Code   RO         5785    i.vPortEnterCritical  port.o
    0x080079a4   0x00000014   Code   RO         5786    i.vPortExitCritical  port.o
    0x080079b8   0x0000003c   Code   RO         5837    i.vPortFree         heap_2.o
    0x080079f4   0x00000010   Code   RO         5787    i.vPortYieldFromISR  port.o
    0x08007a04   0x00000014   Code   RO         6146    i.vQueueDelete      queue.o
    0x08007a18   0x00000048   Code   RO         5881    i.vTaskDelay        tasks.o
    0x08007a60   0x0000007c   Code   RO         5884    i.vTaskIncrementTick  tasks.o
    0x08007adc   0x00000084   Code   RO         5885    i.vTaskList         tasks.o
    0x08007b60   0x0000000c   Code   RO         5886    i.vTaskMissedYield  tasks.o
    0x08007b6c   0x0000003c   Code   RO         5887    i.vTaskPlaceOnEventList  tasks.o
    0x08007ba8   0x00000048   Code   RO         5888    i.vTaskPriorityDisinherit  tasks.o
    0x08007bf0   0x00000064   Code   RO         5889    i.vTaskPriorityInherit  tasks.o
    0x08007c54   0x00000010   Code   RO         5891    i.vTaskSetTimeOutState  tasks.o
    0x08007c64   0x00000044   Code   RO         5892    i.vTaskStartScheduler  tasks.o
    0x08007ca8   0x00000010   Code   RO         5894    i.vTaskSuspendAll   tasks.o
    0x08007cb8   0x00000088   Code   RO         5895    i.vTaskSwitchContext  tasks.o
    0x08007d40   0x0000003c   Code   RO         5788    i.xPortStartScheduler  port.o
    0x08007d7c   0x00000020   Code   RO         5789    i.xPortSysTickHandler  port.o
    0x08007d9c   0x0000005e   Code   RO         6147    i.xQueueCreate      queue.o
    0x08007dfa   0x00000012   Code   RO         6148    i.xQueueCreateCountingSemaphore  queue.o
    0x08007e0c   0x00000108   Code   RO         6150    i.xQueueGenericReceive  queue.o
    0x08007f14   0x000000d2   Code   RO         6151    i.xQueueGenericSend  queue.o
    0x08007fe6   0x00000054   Code   RO         6152    i.xQueueGenericSendFromISR  queue.o
    0x0800803a   0x00000002   PAD
    0x0800803c   0x00000048   Code   RO         5896    i.xTaskCheckForTimeOut  tasks.o
    0x08008084   0x00000160   Code   RO         5897    i.xTaskGenericCreate  tasks.o
    0x080081e4   0x0000000c   Code   RO         5898    i.xTaskGetCurrentTaskHandle  tasks.o
    0x080081f0   0x00000018   Code   RO         5899    i.xTaskGetTickCount  tasks.o
    0x08008208   0x00000060   Code   RO         5901    i.xTaskRemoveFromEventList  tasks.o
    0x08008268   0x000000b0   Code   RO         5902    i.xTaskResumeAll    tasks.o
    0x08008318   0x00000c57   Data   RO          612    .constdata          fs.o
    0x08008f6f   0x00000aba   Data   RO          613    .constdata          fs.o
    0x08009a29   0x00002287   Data   RO          614    .constdata          fs.o
    0x0800bcb0   0x000004db   Data   RO          615    .constdata          fs.o
    0x0800c18b   0x000026c8   Data   RO          616    .constdata          fs.o
    0x0800e853   0x00000001   PAD
    0x0800e854   0x00000014   Data   RO          617    .constdata          fs.o
    0x0800e868   0x00000014   Data   RO          618    .constdata          fs.o
    0x0800e87c   0x00000014   Data   RO          619    .constdata          fs.o
    0x0800e890   0x00000014   Data   RO          620    .constdata          fs.o
    0x0800e8a4   0x00000014   Data   RO          621    .constdata          fs.o
    0x0800e8b8   0x0000063c   Data   RO          670    .constdata          httpserver-netconn.o
    0x0800eef4   0x00000030   Data   RO         1586    .constdata          memp.o
    0x0800ef24   0x00000014   Data   RO         1936    .constdata          tcp.o
    0x0800ef38   0x00000004   Data   RO         2448    .constdata          ip_addr.o
    0x0800ef3c   0x00000004   Data   RO         2449    .constdata          ip_addr.o
    0x0800ef40   0x0000000c   Data   RO         2489    .constdata          etharp.o
    0x0800ef4c   0x00000050   Data   RO         5242    .constdata          stm32_eval.o
    0x0800ef9c   0x00000068   Data   RO         1937    .conststring        tcp.o
    0x0800f004   0x00000020   Data   RO         6568    Region$$Table       anon$$obj.o


    Execution Region RW_IRAM1 (Base: 0x20000000, Size: 0x0000d108, Max: 0x00020000, ABSOLUTE, COMPRESSED[0x00000060])

    Base Addr    Size         Type   Attr      Idx    E Section Name        Object

    0x20000000   0x00000004   Data   RW          154    .data               main.o
    0x20000004   0x00000006   Data   RW          421    .data               stm32f2xx_it.o
    0x2000000a   0x00000002   PAD
    0x2000000c   0x00000008   Data   RW          548    .data               tcpecho.o
    0x20000014   0x00000004   Data   RW          671    .data               httpserver-netconn.o
    0x20000018   0x00000010   Data   RW         1242    .data               tcpip.o
    0x20000028   0x00000004   Data   RW         1365    .data               dhcp.o
    0x2000002c   0x00000010   Data   RW         1545    .data               mem.o
    0x2000003c   0x0000000c   Data   RW         1634    .data               netif.o
    0x20000048   0x00000004   Data   RW         1797    .data               raw.o
    0x2000004c   0x0000004c   Data   RW         1938    .data               tcp.o
    0x20000098   0x0000001c   Data   RW         2097    .data               tcp_in.o
    0x200000b4   0x00000004   Data   RW         2230    .data               udp.o
    0x200000b8   0x0000000c   Data   RW         2415    .data               ip.o
    0x200000c4   0x00000001   Data   RW         2490    .data               etharp.o
    0x200000c5   0x00000003   PAD
    0x200000c8   0x0000000c   Data   RW         2579    .data               ethernetif.o
    0x200000d4   0x00000002   Data   RW         2634    .data               sys_arch.o
    0x200000d6   0x00000010   Data   RW         4053    .data               stm32f2xx_rcc.o
    0x200000e6   0x00000002   PAD
    0x200000e8   0x0000000c   Data   RW         4802    .data               stm32f2x7_eth.o
    0x200000f4   0x0000002c   Data   RW         5243    .data               stm32_eval.o
    0x20000120   0x00000004   Data   RW         5790    .data               port.o
    0x20000124   0x00000018   Data   RW         5841    .data               heap_2.o
    0x2000013c   0x0000004c   Data   RW         5904    .data               tasks.o
    0x20000188   0x00000004   Data   RW         6548    .data               mc_w.l(stdout.o)
    0x2000018c   0x00000034   Zero   RW          319    .bss                netconf.o
    0x200001c0   0x00000064   Zero   RW          419    .bss                stm32f2xx_it.o
    0x20000224   0x000000f0   Zero   RW          611    .bss                fs.o
    0x20000314   0x00001414   Zero   RW         1544    .bss                mem.o
    0x20001728   0x00003b13   Zero   RW         1585    .bss                memp.o
    0x2000523b   0x00000001   PAD
    0x2000523c   0x00000014   Zero   RW         2096    .bss                tcp_in.o
    0x20005250   0x000000a0   Zero   RW         2488    .bss                etharp.o
    0x200052f0   0x00000030   Zero   RW         2633    .bss                sys_arch.o
    0x20005320   0x000000a0   Zero   RW         4797    .bss                stm32f2x7_eth.o
    0x200053c0   0x000000a0   Zero   RW         4798    .bss                stm32f2x7_eth.o
    0x20005460   0x00001dc4   Zero   RW         4799    .bss                stm32f2x7_eth.o
    0x20007224   0x00001dc4   Zero   RW         4800    .bss                stm32f2x7_eth.o
    0x20008fe8   0x0000000c   Zero   RW         4801    .bss                stm32f2x7_eth.o
    0x20008ff4   0x00000004   PAD
    0x20008ff8   0x00003c00   Zero   RW         5840    .bss                heap_2.o
    0x2000cbf8   0x0000010e   Zero   RW         5903    .bss                tasks.o
    0x2000cd06   0x00000002   PAD
    0x2000cd08   0x00000400   Zero   RW          142    STACK               startup_stm32f2xx.o


==============================================================================

Image component sizes


      Code (inc. data)   RO Data    RW Data    ZI Data      Debug   Object Name

       544         36          0          0          0      11055   api_lib.o
      1854         42          0          0          0      15843   api_msg.o
      2274         60          0          4          0      16459   dhcp.o
      1282         32         12          1        160      12292   etharp.o
       584         78          0         12          0       6386   ethernetif.o
       156         14      26015          0        240       5074   fs.o
       236         12          0         24      15360       5131   heap_2.o
       896        470       1596          4          0       3612   httpserver-netconn.o
       378          0          0          0          0       2789   icmp.o
        16          0          0          0          0       3268   inet.o
       142          0          0          0          0       3017   inet_chksum.o
        18          0          0          0          0        568   init.o
       680         24          0         12          0       7624   ip.o
        48          0          8          0          0       5933   ip_addr.o
       140          0          0          0          0       3617   list.o
       250         26          0          4          0      64572   main.o
       620         28          0         16       5140       5489   mem.o
       144         20         48          0      15123       3626   memp.o
       120         18          0          0          0       1783   misc.o
       102          0          0          0          0       2604   netbuf.o
       104         18          0          0         52      20563   netconf.o
       296         20          0         12          0       8422   netif.o
       748          0          0          0          0       8049   pbuf.o
       312         46          0          4          0       6205   port.o
       940          0          0          0          0      10421   queue.o
       212         16          0          4          0       4449   raw.o
       104         26          0          0          0       1108   serial_debug.o
        36          8        388          0       1024        824   startup_stm32f2xx.o
       308         34         80         44          0       4633   stm32_eval.o
      1650        166          0         12      15572      18350   stm32f2x7_eth.o
       396         18          0          0          0       2241   stm32f2x7_eth_bsp.o
       156          0          0          0          0       2039   stm32f2xx_gpio.o
       224         18          0          6        100       9613   stm32f2xx_it.o
       268         46          0         16          0       6269   stm32f2xx_rcc.o
        12          6          0          0          0        646   stm32f2xx_syscfg.o
       344         10          0          0          0       6137   stm32f2xx_usart.o
       272          0          0          0          0       3371   sys.o
       480         26          0          2         48      10811   sys_arch.o
       212         32          0          0          0     253189   system_stm32f2xx.o
      1796        172          0         76        270      19403   tasks.o
      2092         86        124         76          0      28034   tcp.o
      3164         86          0         28         20      15552   tcp_in.o
      2308         14          0          0          0      13250   tcp_out.o
       312         96          0          8          0       2275   tcpecho.o
       540         96          0         16          0       7989   tcpip.o
       700         14          0          4          0      15139   udp.o
         0          0          0          0          0       1972   udpecho.o
       268         64          0          0          0       1249   usart_tcpsend.o

    ----------------------------------------------------------------------
     28792       1978      28304        392      53116     662945   Object Totals
         0          0         32          0          0          0   (incl. Generated)
        54          0          1          7          7          0   (incl. Padding)

    ----------------------------------------------------------------------

      Code (inc. data)   RO Data    RW Data    ZI Data      Debug   Library Member Name

        92          0          0          0          0          0   __dczerorl2.o
         0          0          0          0          0          0   entry.o
         8          4          0          0          0          0   entry2.o
         4          0          0          0          0          0   entry5.o
         0          0          0          0          0          0   entry7b.o
         8          4          0          0          0          0   entry8.o
        30          0          0          0          0          0   handlers.o
        36          8          0          0          0         68   init.o
         0          0          0          0          0          0   iusefp.o
        30          0          0          0          0         68   llshl.o
        36          0          0          0          0         68   llsshr.o
        32          0          0          0          0         68   llushr.o
        36          0          0          0          0         68   memcpya.o
        38          0          0          0          0        108   memseta.o
      2308         94          0          0          0        596   printfa.o
         0          0          0          4          0          0   stdout.o
        28          0          0          0          0         68   strcat.o
        28          0          0          0          0         76   strcmp.o
        16          0          0          0          0         68   strlen.o
        30          0          0          0          0         80   strncmp.o
        24          0          0          0          0         76   strncpy.o
        44          0          0          0          0         80   uidiv.o
        98          0          0          0          0         92   uldiv.o
        40          2          0          0          0         68   cdrcmple.o
        56          0          0          0          0         88   d2f.o
       332          0          0          0          0        148   dadd.o
       222          0          0          0          0        100   ddiv.o
       190          0          0          0          0        176   depilogue.o
        48          0          0          0          0         68   dfixul.o
       224          0          0          0          0         96   dmul.o
        44          0          0          0          0         68   f2d.o
       176          0          0          0          0        140   fadd.o
       108          0          0          0          0        168   fepilogue.o
        10          0          0          0          0         68   ffltui.o

    ----------------------------------------------------------------------
      4380        112          0          4          0       2772   Library Totals
         4          0          0          0          0          0   (incl. Padding)

    ----------------------------------------------------------------------

      Code (inc. data)   RO Data    RW Data    ZI Data      Debug   Library Name

      2926        110          0          4          0       1584   mc_w.l
      1450          2          0          0          0       1188   mf_w.l

    ----------------------------------------------------------------------
      4380        112          0          4          0       2772   Library Totals

    ----------------------------------------------------------------------

==============================================================================


      Code (inc. data)   RO Data    RW Data    ZI Data      Debug   

     33172       2090      28304        396      53116     648141   Grand Totals
     33172       2090      28304         96      53116     648141   ELF Image Totals (compressed)
     33172       2090      28304         96          0          0   ROM Totals

==============================================================================

    Total RO  Size (Code + RO Data)                61476 (  60.04kB)
    Total RW  Size (RW Data + ZI Data)             53512 (  52.26kB)
    Total ROM Size (Code + RO Data + RW Data)      61572 (  60.13kB)

==============================================================================

