ARM Linker, 5.03 [Build 24] [MDK-ARM Lite]

==============================================================================

Section Cross References

    system_stm32f2xx.o(i.SystemCoreClockUpdate) refers to system_stm32f2xx.o(.data) for .data
    system_stm32f2xx.o(i.SystemInit) refers to system_stm32f2xx.o(i.SetSysClock) for SetSysClock
    startup_stm32f2xx.o(RESET) refers to startup_stm32f2xx.o(STACK) for __initial_sp
    startup_stm32f2xx.o(RESET) refers to startup_stm32f2xx.o(.text) for Reset_Handler
    startup_stm32f2xx.o(RESET) refers to stm32f2xx_it.o(i.NMI_Handler) for NMI_Handler
    startup_stm32f2xx.o(RESET) refers to stm32f2xx_it.o(i.HardFault_Handler) for HardFault_Handler
    startup_stm32f2xx.o(RESET) refers to stm32f2xx_it.o(i.MemManage_Handler) for MemManage_Handler
    startup_stm32f2xx.o(RESET) refers to stm32f2xx_it.o(i.BusFault_Handler) for BusFault_Handler
    startup_stm32f2xx.o(RESET) refers to stm32f2xx_it.o(i.UsageFault_Handler) for UsageFault_Handler
    startup_stm32f2xx.o(RESET) refers to stm32f2xx_it.o(i.SVC_Handler) for SVC_Handler
    startup_stm32f2xx.o(RESET) refers to stm32f2xx_it.o(i.DebugMon_Handler) for DebugMon_Handler
    startup_stm32f2xx.o(RESET) refers to stm32f2xx_it.o(i.PendSV_Handler) for PendSV_Handler
    startup_stm32f2xx.o(RESET) refers to stm32f2xx_it.o(i.SysTick_Handler) for SysTick_Handler
    startup_stm32f2xx.o(.text) refers to system_stm32f2xx.o(i.SystemInit) for SystemInit
    startup_stm32f2xx.o(.text) refers to entry.o(.ARM.Collect$$$$00000000) for __main
    main.o(i.Delay) refers to main.o(.data) for .data
    main.o(i.LCD_LED_Init) refers to stm32_eval.o(i.STM_EVAL_LEDInit) for STM_EVAL_LEDInit
    main.o(i.Time_Update) refers to main.o(.data) for .data
    main.o(i.main) refers to serial_debug.o(i.DebugComPort_Init) for DebugComPort_Init
    main.o(i.main) refers to stm32_eval.o(i.STM_EVAL_LEDInit) for STM_EVAL_LEDInit
    main.o(i.main) refers to stm32f2x7_eth_bsp.o(i.ETH_BSP_Config) for ETH_BSP_Config
    main.o(i.main) refers to netconf.o(i.LwIP_Init) for LwIP_Init
    main.o(i.main) refers to httpd.o(i.httpd_init) for httpd_init
    main.o(i.main) refers to stm32f2x7_eth.o(i.ETH_CheckFrameReceived) for ETH_CheckFrameReceived
    main.o(i.main) refers to netconf.o(i.LwIP_Pkt_Handle) for LwIP_Pkt_Handle
    main.o(i.main) refers to netconf.o(i.LwIP_Periodic_Handle) for LwIP_Periodic_Handle
    main.o(i.main) refers to main.o(.data) for .data
    netconf.o(i.LwIP_Init) refers to mem.o(i.mem_init) for mem_init
    netconf.o(i.LwIP_Init) refers to memp.o(i.memp_init) for memp_init
    netconf.o(i.LwIP_Init) refers to inet.o(i.htonl) for htonl
    netconf.o(i.LwIP_Init) refers to netif.o(i.netif_add) for netif_add
    netconf.o(i.LwIP_Init) refers to netif.o(i.netif_set_default) for netif_set_default
    netconf.o(i.LwIP_Init) refers to netif.o(i.netif_set_up) for netif_set_up
    netconf.o(i.LwIP_Init) refers to etharp.o(i.ethernet_input) for ethernet_input
    netconf.o(i.LwIP_Init) refers to ethernetif.o(i.ethernetif_init) for ethernetif_init
    netconf.o(i.LwIP_Init) refers to netconf.o(.bss) for .bss
    netconf.o(i.LwIP_Periodic_Handle) refers to tcp.o(i.tcp_tmr) for tcp_tmr
    netconf.o(i.LwIP_Periodic_Handle) refers to etharp.o(i.etharp_tmr) for etharp_tmr
    netconf.o(i.LwIP_Periodic_Handle) refers to netconf.o(.data) for .data
    netconf.o(i.LwIP_Pkt_Handle) refers to ethernetif.o(i.ethernetif_input) for ethernetif_input
    netconf.o(i.LwIP_Pkt_Handle) refers to netconf.o(.bss) for .bss
    stm32f2x7_eth_bsp.o(i.ETH_BSP_Config) refers to stm32f2x7_eth_bsp.o(i.ETH_GPIO_Config) for ETH_GPIO_Config
    stm32f2x7_eth_bsp.o(i.ETH_BSP_Config) refers to stm32f2x7_eth_bsp.o(i.ETH_MACDMA_Config) for ETH_MACDMA_Config
    stm32f2x7_eth_bsp.o(i.ETH_BSP_Config) refers to misc.o(i.SysTick_CLKSourceConfig) for SysTick_CLKSourceConfig
    stm32f2x7_eth_bsp.o(i.ETH_BSP_Config) refers to stm32f2xx_rcc.o(i.RCC_GetClocksFreq) for RCC_GetClocksFreq
    stm32f2x7_eth_bsp.o(i.ETH_GPIO_Config) refers to stm32f2xx_rcc.o(i.RCC_AHB1PeriphClockCmd) for RCC_AHB1PeriphClockCmd
    stm32f2x7_eth_bsp.o(i.ETH_GPIO_Config) refers to stm32f2xx_rcc.o(i.RCC_APB2PeriphClockCmd) for RCC_APB2PeriphClockCmd
    stm32f2x7_eth_bsp.o(i.ETH_GPIO_Config) refers to stm32f2xx_gpio.o(i.GPIO_Init) for GPIO_Init
    stm32f2x7_eth_bsp.o(i.ETH_GPIO_Config) refers to stm32f2xx_rcc.o(i.RCC_MCO1Config) for RCC_MCO1Config
    stm32f2x7_eth_bsp.o(i.ETH_GPIO_Config) refers to stm32f2xx_syscfg.o(i.SYSCFG_ETH_MediaInterfaceConfig) for SYSCFG_ETH_MediaInterfaceConfig
    stm32f2x7_eth_bsp.o(i.ETH_GPIO_Config) refers to stm32f2xx_gpio.o(i.GPIO_PinAFConfig) for GPIO_PinAFConfig
    stm32f2x7_eth_bsp.o(i.ETH_MACDMA_Config) refers to stm32f2xx_rcc.o(i.RCC_AHB1PeriphClockCmd) for RCC_AHB1PeriphClockCmd
    stm32f2x7_eth_bsp.o(i.ETH_MACDMA_Config) refers to stm32f2x7_eth.o(i.ETH_DeInit) for ETH_DeInit
[...]
    i.dhcp_option_long                       0x080017d0   Section        0  dhcp.o(i.dhcp_option_long)
    dhcp_option_long                         0x080017d1   Thumb Code    66  dhcp.o(i.dhcp_option_long)
    i.dhcp_option_trailer                    0x08001812   Section        0  dhcp.o(i.dhcp_option_trailer)
    dhcp_option_trailer                      0x08001813   Thumb Code    48  dhcp.o(i.dhcp_option_trailer)
    i.dhcp_set_state                         0x08001842   Section        0  dhcp.o(i.dhcp_set_state)
    dhcp_set_state                           0x08001843   Thumb Code    14  dhcp.o(i.dhcp_set_state)
    i.etharp_arp_input                       0x08001850   Section        0  etharp.o(i.etharp_arp_input)
    i.etharp_ip_input                        0x0800192e   Section        0  etharp.o(i.etharp_ip_input)
    i.etharp_output                          0x0800195c   Section        0  etharp.o(i.etharp_output)
    i.etharp_query                           0x08001a14   Section        0  etharp.o(i.etharp_query)
    i.etharp_raw                             0x08001b14   Section        0  etharp.o(i.etharp_raw)
    etharp_raw                               0x08001b15   Thumb Code   166  etharp.o(i.etharp_raw)
    i.etharp_request                         0x08001bbc   Section        0  etharp.o(i.etharp_request)
    i.etharp_send_ip                         0x08001be0   Section        0  etharp.o(i.etharp_send_ip)
    etharp_send_ip                           0x08001be1   Thumb Code    54  etharp.o(i.etharp_send_ip)
    i.etharp_tmr                             0x08001c18   Section        0  etharp.o(i.etharp_tmr)
    i.ethernet_input                         0x08001c6c   Section        0  etharp.o(i.ethernet_input)
    i.ethernetif_init                        0x08001cc0   Section        0  ethernetif.o(i.ethernetif_init)
    i.ethernetif_input                       0x08001ce8   Section        0  ethernetif.o(i.ethernetif_input)
    i.extract_uri_parameters                 0x08001d10   Section        0  httpd.o(i.extract_uri_parameters)
    extract_uri_parameters                   0x08001d11   Thumb Code   106  httpd.o(i.extract_uri_parameters)
    i.find_entry                             0x08001d7c   Section        0  etharp.o(i.find_entry)
    find_entry                               0x08001d7d   Thumb Code   330  etharp.o(i.find_entry)
    i.free_etharp_q                          0x08001ed0   Section        0  etharp.o(i.free_etharp_q)
    free_etharp_q                            0x08001ed1   Thumb Code    30  etharp.o(i.free_etharp_q)
    i.fs_bytes_left                          0x08001eee   Section        0  fs.o(i.fs_bytes_left)
    i.fs_close                               0x08001ef6   Section        0  fs.o(i.fs_close)
    i.fs_free                                0x08001efc   Section        0  fs.o(i.fs_free)
    fs_free                                  0x08001efd   Thumb Code    38  fs.o(i.fs_free)
    i.fs_open                                0x08001f28   Section        0  fs.o(i.fs_open)
    i.fs_read                                0x08001f94   Section        0  fs.o(i.fs_read)
    i.get_tag_insert                         0x08001fc8   Section        0  httpd.o(i.get_tag_insert)
    get_tag_insert                           0x08001fc9   Thumb Code   144  httpd.o(i.get_tag_insert)
    i.htonl                                  0x08002078   Section        0  inet.o(i.htonl)
    i.htons                                  0x0800207c   Section        0  inet.o(i.htons)
    i.http_accept                            0x08002080   Section        0  httpd.o(i.http_accept)
    http_accept                              0x08002081   Thumb Code    84  httpd.o(i.http_accept)
    i.http_close_conn                        0x080020e4   Section        0  httpd.o(i.http_close_conn)
    http_close_conn                          0x080020e5   Thumb Code    78  httpd.o(i.http_close_conn)
    i.http_err                               0x08002138   Section        0  httpd.o(i.http_err)
    http_err                                 0x08002139   Thumb Code    10  httpd.o(i.http_err)
    i.http_find_file                         0x08002144   Section        0  httpd.o(i.http_find_file)
    http_find_file                           0x08002145   Thumb Code   254  httpd.o(i.http_find_file)
    i.http_get_404_file                      0x0800224c   Section        0  httpd.o(i.http_get_404_file)
    http_get_404_file                        0x0800224d   Thumb Code    46  httpd.o(i.http_get_404_file)
    i.http_init_file                         0x080022a0   Section        0  httpd.o(i.http_init_file)
    http_init_file                           0x080022a1   Thumb Code    86  httpd.o(i.http_init_file)
    i.http_parse_request                     0x08002300   Section        0  httpd.o(i.http_parse_request)
    http_parse_request                       0x08002301   Thumb Code   210  httpd.o(i.http_parse_request)
    i.http_poll                              0x080023e8   Section        0  httpd.o(i.http_poll)
    http_poll                                0x080023e9   Thumb Code    50  httpd.o(i.http_poll)
    i.http_recv                              0x0800241a   Section        0  httpd.o(i.http_recv)
    http_recv                                0x0800241b   Thumb Code   110  httpd.o(i.http_recv)
    i.http_send_data                         0x08002488   Section        0  httpd.o(i.http_send_data)
    http_send_data                           0x08002489   Thumb Code   902  httpd.o(i.http_send_data)
    i.http_sent                              0x08002814   Section        0  httpd.o(i.http_sent)
    http_sent                                0x08002815   Thumb Code    22  httpd.o(i.http_sent)
    i.http_set_cgi_handlers                  0x0800282c   Section        0  httpd.o(i.http_set_cgi_handlers)
    i.http_set_ssi_handler                   0x08002838   Section        0  httpd.o(i.http_set_ssi_handler)
    i.http_state_free                        0x08002848   Section        0  httpd.o(i.http_state_free)
    http_state_free                          0x08002849   Thumb Code    40  httpd.o(i.http_state_free)
    i.http_write                             0x08002870   Section        0  httpd.o(i.http_write)
    http_write                               0x08002871   Thumb Code    60  httpd.o(i.http_write)
    i.httpd_cgi_init                         0x080028ac   Section        0  httpd_cgi_ssi.o(i.httpd_cgi_init)
    i.httpd_init                             0x080028c8   Section        0  httpd.o(i.httpd_init)
    i.httpd_ssi_init                         0x08002910   Section        0  httpd_cgi_ssi.o(i.httpd_ssi_init)
    i.icmp_dest_unreach                      0x08002924   Section        0  icmp.o(i.icmp_dest_unreach)
    i.icmp_input                             0x0800292c   Section        0  icmp.o(i.icmp_input)
    i.icmp_send_response                     0x08002a40   Section        0  icmp.o(i.icmp_send_response)
    icmp_send_response                       0x08002a41   Thumb Code   102  icmp.o(i.icmp_send_response)
    i.icmp_time_exceeded                     0x08002aa6   Section        0  icmp.o(i.icmp_time_exceeded)
    i.inet_chksum                            0x08002aae   Section        0  inet_chksum.o(i.inet_chksum)
    i.inet_chksum_pbuf                       0x08002aba   Section        0  inet_chksum.o(i.inet_chksum_pbuf)
    i.ip_addr_isbroadcast                    0x08002b02   Section        0  ip_addr.o(i.ip_addr_isbroadcast)
    i.ip_frag                                0x08002b34   Section        0  ip_frag.o(i.ip_frag)
    i.ip_input                               0x08002c60   Section        0  ip.o(i.ip_input)
    i.ip_output                              0x08002dec   Section        0  ip.o(i.ip_output)
    i.ip_output_if                           0x08002e20   Section        0  ip.o(i.ip_output_if)
    i.ip_reass                               0x08002eec   Section        0  ip_frag.o(i.ip_reass)
    i.ip_reass_chain_frag_into_datagram_and_validate 0x08003080   Section        0  ip_frag.o(i.ip_reass_chain_frag_into_datagram_and_validate)
    ip_reass_chain_frag_into_datagram_and_validate 0x08003081   Thumb Code   244  ip_frag.o(i.ip_reass_chain_frag_into_datagram_and_validate)
    i.ip_reass_dequeue_datagram              0x08003178   Section        0  ip_frag.o(i.ip_reass_dequeue_datagram)
    ip_reass_dequeue_datagram                0x08003179   Thumb Code    30  ip_frag.o(i.ip_reass_dequeue_datagram)
    i.ip_reass_free_complete_datagram        0x0800319c   Section        0  ip_frag.o(i.ip_reass_free_complete_datagram)
    ip_reass_free_complete_datagram          0x0800319d   Thumb Code   106  ip_frag.o(i.ip_reass_free_complete_datagram)
    i.ip_reass_remove_oldest_datagram        0x0800320c   Section        0  ip_frag.o(i.ip_reass_remove_oldest_datagram)
    ip_reass_remove_oldest_datagram          0x0800320d   Thumb Code   104  ip_frag.o(i.ip_reass_remove_oldest_datagram)
    i.ip_route                               0x08003278   Section        0  ip.o(i.ip_route)
    i.low_level_init                         0x080032c0   Section        0  ethernetif.o(i.low_level_init)
    low_level_init                           0x080032c1   Thumb Code   100  ethernetif.o(i.low_level_init)
    i.low_level_input                        0x08003334   Section        0  ethernetif.o(i.low_level_input)
    low_level_input                          0x08003335   Thumb Code   120  ethernetif.o(i.low_level_input)
    i.low_level_output                       0x080033b4   Section        0  ethernetif.o(i.low_level_output)
    low_level_output                         0x080033b5   Thumb Code    44  ethernetif.o(i.low_level_output)
    i.lwip_standard_chksum                   0x080033e4   Section        0  inet_chksum.o(i.lwip_standard_chksum)
    lwip_standard_chksum                     0x080033e5   Thumb Code    58  inet_chksum.o(i.lwip_standard_chksum)
    i.main                                   0x08003420   Section        0  main.o(i.main)
    i.mem_free                               0x08003468   Section        0  mem.o(i.mem_free)
    i.mem_init                               0x08003494   Section        0  mem.o(i.mem_init)
    i.mem_malloc                             0x080034c8   Section        0  mem.o(i.mem_malloc)
    i.mem_realloc                            0x08003570   Section        0  mem.o(i.mem_realloc)
    i.memp_free                              0x08003634   Section        0  memp.o(i.memp_free)
    i.memp_init                              0x0800364c   Section        0  memp.o(i.memp_init)
    i.memp_malloc                            0x080036a4   Section        0  memp.o(i.memp_malloc)
    i.netif_add                              0x080036c4   Section        0  netif.o(i.netif_add)
    i.netif_is_up                            0x0800370c   Section        0  netif.o(i.netif_is_up)
    i.netif_set_addr                         0x08003716   Section        0  netif.o(i.netif_set_addr)
    i.netif_set_default                      0x08003738   Section        0  netif.o(i.netif_set_default)
    i.netif_set_gw                           0x08003744   Section        0  netif.o(i.netif_set_gw)
    i.netif_set_ipaddr                       0x0800374c   Section        0  netif.o(i.netif_set_ipaddr)
    i.netif_set_netmask                      0x080037b4   Section        0  netif.o(i.netif_set_netmask)
    i.netif_set_up                           0x080037bc   Section        0  netif.o(i.netif_set_up)
    i.ntohl                                  0x080037d8   Section        0  inet.o(i.ntohl)
    i.ntohs                                  0x080037dc   Section        0  inet.o(i.ntohs)
    i.pbuf_alloc                             0x080037e0   Section        0  pbuf.o(i.pbuf_alloc)
    i.pbuf_cat                               0x080038f0   Section        0  pbuf.o(i.pbuf_cat)
    i.pbuf_chain                             0x08003918   Section        0  pbuf.o(i.pbuf_chain)
    i.pbuf_clen                              0x0800392a   Section        0  pbuf.o(i.pbuf_clen)
    i.pbuf_copy                              0x0800393c   Section        0  pbuf.o(i.pbuf_copy)
    i.pbuf_copy_partial                      0x080039cc   Section        0  pbuf.o(i.pbuf_copy_partial)
    i.pbuf_free                              0x08003a34   Section        0  pbuf.o(i.pbuf_free)
    i.pbuf_header                            0x08003a78   Section        0  pbuf.o(i.pbuf_header)
    i.pbuf_realloc                           0x08003ad8   Section        0  pbuf.o(i.pbuf_realloc)
    i.pbuf_ref                               0x08003b26   Section        0  pbuf.o(i.pbuf_ref)
    i.plug_holes                             0x08003b34   Section        0  mem.o(i.plug_holes)
    plug_holes                               0x08003b35   Thumb Code    78  mem.o(i.plug_holes)
    i.raw_input                              0x08003b88   Section        0  raw.o(i.raw_input)
    i.strnstr                                0x08003bf0   Section        0  httpd.o(i.strnstr)
    strnstr                                  0x08003bf1   Thumb Code    64  httpd.o(i.strnstr)
    i.tcp_abandon                            0x08003c30   Section        0  tcp.o(i.tcp_abandon)
    i.tcp_accept                             0x08003cc4   Section        0  tcp.o(i.tcp_accept)
    i.tcp_accept_null                        0x08003cc8   Section        0  tcp.o(i.tcp_accept_null)
    tcp_accept_null                          0x08003cc9   Thumb Code     6  tcp.o(i.tcp_accept_null)
    i.tcp_alloc                              0x08003cd0   Section        0  tcp.o(i.tcp_alloc)
    i.tcp_arg                                0x08003dc8   Section        0  tcp.o(i.tcp_arg)
    i.tcp_bind                               0x08003dcc   Section        0  tcp.o(i.tcp_bind)
    i.tcp_close                              0x08003e88   Section        0  tcp.o(i.tcp_close)
    i.tcp_eff_send_mss                       0x08003f20   Section        0  tcp.o(i.tcp_eff_send_mss)
    i.tcp_enqueue                            0x08003f40   Section        0  tcp_out.o(i.tcp_enqueue)
    i.tcp_err                                0x0800427e   Section        0  tcp.o(i.tcp_err)
    i.tcp_fasttmr                            0x08004284   Section        0  tcp.o(i.tcp_fasttmr)
    i.tcp_input                              0x080042e0   Section        0  tcp_in.o(i.tcp_input)
    i.tcp_keepalive                          0x080045d0   Section        0  tcp_out.o(i.tcp_keepalive)
    i.tcp_listen_input                       0x08004618   Section        0  tcp_in.o(i.tcp_listen_input)
    tcp_listen_input                         0x08004619   Thumb Code   222  tcp_in.o(i.tcp_listen_input)
    i.tcp_listen_with_backlog                0x08004700   Section        0  tcp.o(i.tcp_listen_with_backlog)
    i.tcp_new                                0x08004780   Section        0  tcp.o(i.tcp_new)
    i.tcp_new_port                           0x08004788   Section        0  tcp.o(i.tcp_new_port)
    tcp_new_port                             0x08004789   Thumb Code    92  tcp.o(i.tcp_new_port)
    i.tcp_next_iss                           0x080047e8   Section        0  tcp.o(i.tcp_next_iss)
    i.tcp_output                             0x080047f8   Section        0  tcp_out.o(i.tcp_output)
    i.tcp_output_segment                     0x080049a4   Section        0  tcp_out.o(i.tcp_output_segment)
    tcp_output_segment                       0x080049a5   Thumb Code   170  tcp_out.o(i.tcp_output_segment)
    i.tcp_output_set_header                  0x08004a58   Section        0  tcp_out.o(i.tcp_output_set_header)
    tcp_output_set_header                    0x08004a59   Thumb Code   124  tcp_out.o(i.tcp_output_set_header)
    i.tcp_parseopt                           0x08004ad4   Section        0  tcp_in.o(i.tcp_parseopt)
    tcp_parseopt                             0x08004ad5   Thumb Code   122  tcp_in.o(i.tcp_parseopt)
    i.tcp_pcb_purge                          0x08004b54   Section        0  tcp.o(i.tcp_pcb_purge)
    i.tcp_pcb_remove                         0x08004b84   Section        0  tcp.o(i.tcp_pcb_remove)
    i.tcp_poll                               0x08004be0   Section        0  tcp.o(i.tcp_poll)
    i.tcp_process                            0x08004bec   Section        0  tcp_in.o(i.tcp_process)
    tcp_process                              0x08004bed   Thumb Code   826  tcp_in.o(i.tcp_process)
    i.tcp_receive                            0x08004f3c   Section        0  tcp_in.o(i.tcp_receive)
    tcp_receive                              0x08004f3d   Thumb Code  1080  tcp_in.o(i.tcp_receive)
    i.tcp_recv                               0x08005374   Section        0  tcp.o(i.tcp_recv)
    i.tcp_recv_null                          0x0800537a   Section        0  tcp.o(i.tcp_recv_null)
    i.tcp_recved                             0x0800539e   Section        0  tcp.o(i.tcp_recved)
    i.tcp_rexmit                             0x080053da   Section        0  tcp_out.o(i.tcp_rexmit)
    i.tcp_rexmit_fast                        0x08005422   Section        0  tcp_out.o(i.tcp_rexmit_fast)
    i.tcp_rexmit_rto                         0x0800547c   Section        0  tcp_out.o(i.tcp_rexmit_rto)
    i.tcp_rst                                0x080054aa   Section        0  tcp_out.o(i.tcp_rst)
    i.tcp_seg_free                           0x08005546   Section        0  tcp.o(i.tcp_seg_free)
    i.tcp_segs_free                          0x08005566   Section        0  tcp.o(i.tcp_segs_free)
    i.tcp_send_ctrl                          0x08005580   Section        0  tcp_out.o(i.tcp_send_ctrl)
    i.tcp_send_empty_ack                     0x08005596   Section        0  tcp_out.o(i.tcp_send_empty_ack)
    i.tcp_sent                               0x080055ec   Section        0  tcp.o(i.tcp_sent)
    i.tcp_setprio                            0x080055f2   Section        0  tcp.o(i.tcp_setprio)
    i.tcp_slowtmr                            0x080055f8   Section        0  tcp.o(i.tcp_slowtmr)
    i.tcp_timewait_input                     0x08005824   Section        0  tcp_in.o(i.tcp_timewait_input)
    tcp_timewait_input                       0x08005825   Thumb Code   100  tcp_in.o(i.tcp_timewait_input)
    i.tcp_tmr                                0x08005890   Section        0  tcp.o(i.tcp_tmr)
    i.tcp_update_rcv_ann_wnd                 0x080058b0   Section        0  tcp.o(i.tcp_update_rcv_ann_wnd)
    i.tcp_write                              0x080058e4   Section        0  tcp_out.o(i.tcp_write)
    i.tcp_zero_window_probe                  0x08005912   Section        0  tcp_out.o(i.tcp_zero_window_probe)
    i.udp_bind                               0x080059a4   Section        0  udp.o(i.udp_bind)
    i.udp_input                              0x08005a00   Section        0  udp.o(i.udp_input)
    i.udp_sendto_if                          0x08005b90   Section        0  udp.o(i.udp_sendto_if)
    i.update_arp_entry                       0x08005c40   Section        0  etharp.o(i.update_arp_entry)
    update_arp_entry                         0x08005c41   Thumb Code   162  etharp.o(i.update_arp_entry)
    .constdata                               0x08005ce8   Section     3159  fs.o(.constdata)
    data__STM32F2x7_files_logo_jpg           0x08005ce8   Data        3159  fs.o(.constdata)
    .constdata                               0x0800693f   Section     2746  fs.o(.constdata)
    data__STM32F2x7_files_ST_gif             0x0800693f   Data        2746  fs.o(.constdata)
    .constdata                               0x080073f9   Section     8839  fs.o(.constdata)
    data__STM32F2x7_files_stm32_jpeg         0x080073f9   Data        8839  fs.o(.constdata)
    .constdata                               0x08009680   Section     1243  fs.o(.constdata)
    data__404_html                           0x08009680   Data        1243  fs.o(.constdata)
    .constdata                               0x08009b5b   Section    10727  fs.o(.constdata)
    data__index_html                         0x08009b5b   Data       10727  fs.o(.constdata)
    .constdata                               0x0800c542   Section     4046  fs.o(.constdata)
    data__STM32F2x7ADC_shtml                 0x0800c542   Data        4046  fs.o(.constdata)
    .constdata                               0x0800d510   Section     4072  fs.o(.constdata)
    data__STM32F2x7LED_html                  0x0800d510   Data        4072  fs.o(.constdata)
    .constdata                               0x0800e4f8   Section       20  fs.o(.constdata)
    .constdata                               0x0800e50c   Section       20  fs.o(.constdata)
    .constdata                               0x0800e520   Section       20  fs.o(.constdata)
    .constdata                               0x0800e534   Section       20  fs.o(.constdata)
    .constdata                               0x0800e548   Section       20  fs.o(.constdata)
    .constdata                               0x0800e55c   Section       20  fs.o(.constdata)
    .constdata                               0x0800e570   Section       20  fs.o(.constdata)
    .constdata                               0x0800e584   Section        8  httpd_cgi_ssi.o(.constdata)
    .constdata                               0x0800e58c   Section       48  httpd.o(.constdata)
    .constdata                               0x0800e5bc   Section       36  memp.o(.constdata)
    memp_sizes                               0x0800e5bc   Data          18  memp.o(.constdata)
    memp_num                                 0x0800e5ce   Data          18  memp.o(.constdata)
    .constdata                               0x0800e5e0   Section       20  tcp.o(.constdata)
    .constdata                               0x0800e5f4   Section        4  ip_addr.o(.constdata)
    .constdata                               0x0800e5f8   Section        4  ip_addr.o(.constdata)
    .constdata                               0x0800e5fc   Section       12  etharp.o(.constdata)
    .constdata                               0x0800e608   Section       80  stm32_eval.o(.constdata)
    .conststring                             0x0800e658   Section        2  httpd_cgi_ssi.o(.conststring)
    .conststring                             0x0800e65a   Section       10  httpd_cgi_ssi.o(.conststring)
    .conststring                             0x0800e664   Section       74  httpd.o(.conststring)
    .conststring                             0x0800e6ae   Section      104  tcp.o(.conststring)
    .data                                    0x20000000   Section        8  main.o(.data)
    .data                                    0x20000008   Section        8  netconf.o(.data)
    .data                                    0x20000010   Section       16  httpd_cgi_ssi.o(.data)
    .data                                    0x20000020   Section        4  httpd_cgi_ssi.o(.data)
    .data                                    0x20000024   Section       36  httpd.o(.data)
    .data                                    0x20000048   Section        4  dhcp.o(.data)
    xid                                      0x20000048   Data           4  dhcp.o(.data)
    .data                                    0x2000004c   Section       16  mem.o(.data)
    mem_sem                                  0x2000004c   Data           1  mem.o(.data)
    ram                                      0x20000050   Data           4  mem.o(.data)
    ram_end                                  0x20000054   Data           4  mem.o(.data)
    lfree                                    0x20000058   Data           4  mem.o(.data)
    .data                                    0x2000005c   Section       12  netif.o(.data)
    netifnum                                 0x2000005c   Data           1  netif.o(.data)
    .data                                    0x20000068   Section        4  raw.o(.data)
    raw_pcbs                                 0x20000068   Data           4  raw.o(.data)
    .data                                    0x2000006c   Section       76  tcp.o(.data)
    tcp_timer                                0x2000006c   Data           1  tcp.o(.data)
    port                                     0x2000006e   Data           2  tcp.o(.data)
    iss                                      0x20000070   Data           4  tcp.o(.data)
    .data                                    0x200000b8   Section       28  tcp_in.o(.data)
    flags                                    0x200000b8   Data           1  tcp_in.o(.data)
    recv_flags                               0x200000b9   Data           1  tcp_in.o(.data)
    tcplen                                   0x200000ba   Data           2  tcp_in.o(.data)
    tcphdr                                   0x200000bc   Data           4  tcp_in.o(.data)
    iphdr                                    0x200000c0   Data           4  tcp_in.o(.data)
    seqno                                    0x200000c4   Data           4  tcp_in.o(.data)
    ackno                                    0x200000c8   Data           4  tcp_in.o(.data)
    recv_data                                0x200000cc   Data           4  tcp_in.o(.data)
    .data                                    0x200000d4   Section        4  udp.o(.data)
    .data                                    0x200000d8   Section       12  ip.o(.data)
    ip_id                                    0x200000d8   Data           2  ip.o(.data)
    .data                                    0x200000e4   Section        8  ip_frag.o(.data)
    ip_reass_pbufcount                       0x200000e4   Data           2  ip_frag.o(.data)
    reassdatagrams                           0x200000e8   Data           4  ip_frag.o(.data)
    .data                                    0x200000ec   Section        1  etharp.o(.data)
    etharp_cached_entry                      0x200000ec   Data           1  etharp.o(.data)
    .data                                    0x200000ed   Section       16  stm32f2xx_rcc.o(.data)
    APBAHBPrescTable                         0x200000ed   Data          16  stm32f2xx_rcc.o(.data)
    .data                                    0x20000100   Section       12  stm32f2x7_eth.o(.data)
    .data                                    0x2000010c   Section       44  stm32_eval.o(.data)
    .bss                                     0x20000138   Section       52  netconf.o(.bss)
    .bss                                     0x2000016c   Section      240  fs.o(.bss)
    .bss                                     0x2000025c   Section     1024  httpd.o(.bss)
    httpd_req_buf                            0x2000025c   Data        1024  httpd.o(.bss)
    .bss                                     0x2000065c   Section    10260  mem.o(.bss)
    ram_heap                                 0x2000065c   Data       10260  mem.o(.bss)
    .bss                                     0x20002e70   Section     9271  memp.o(.bss)
    memp_tab                                 0x20002e70   Data          36  memp.o(.bss)
    memp_memory                              0x20002e94   Data        9235  memp.o(.bss)
    .bss                                     0x200052a8   Section       20  tcp_in.o(.bss)
    inseg                                    0x200052a8   Data          20  tcp_in.o(.bss)
    .bss                                     0x200052bc   Section     1504  ip_frag.o(.bss)
    buf                                      0x200052bc   Data        1504  ip_frag.o(.bss)
    .bss                                     0x2000589c   Section      200  etharp.o(.bss)
    arp_table                                0x2000589c   Data         200  etharp.o(.bss)
    .bss                                     0x20005964   Section      128  stm32f2x7_eth.o(.bss)
    .bss                                     0x200059e4   Section       64  stm32f2x7_eth.o(.bss)
    .bss                                     0x20005a24   Section     6096  stm32f2x7_eth.o(.bss)
    .bss                                     0x200071f4   Section     3048  stm32f2x7_eth.o(.bss)
    .bss                                     0x20007ddc   Section       12  stm32f2x7_eth.o(.bss)
    STACK                                    0x20007de8   Section     1024  startup_stm32f2xx.o(STACK)

    Global Symbols

    Symbol Name                              Value     Ov Type        Size  Object(Section)

    BuildAttributes$$THM_ISAv4$P$D$K$B$S$PE$A:L22UL41UL21$X:L11$S22US41US21$IEEE1$IW$USESV6$~STKCKD$USESV7$~SHL$OSPACE$ROPI$EBA8$MICROLIB$REQ8$PRES8$EABIv2 0x00000000   Number         0  anon$$obj.o ABSOLUTE
    __ARM_use_no_argv                        0x00000000   Number         0  main.o ABSOLUTE
    __cpp_initialize__aeabi_                  - Undefined Weak Reference
    __cxa_finalize                            - Undefined Weak Reference
    _clock_init                               - Undefined Weak Reference
    _microlib_exit                            - Undefined Weak Reference
    __Vectors_Size                           0x00000184   Number         0  startup_stm32f2xx.o ABSOLUTE
    __Vectors                                0x08000000   Data           4  startup_stm32f2xx.o(RESET)
    __Vectors_End                            0x08000184   Data           0  startup_stm32f2xx.o(RESET)
    __main                                   0x08000185   Thumb Code     0  entry.o(.ARM.Collect$$$$00000000)
    _main_stk                                0x08000185   Thumb Code     0  entry2.o(.ARM.Collect$$$$00000001)
    _main_scatterload                        0x08000189   Thumb Code     0  entry5.o(.ARM.Collect$$$$00000004)
    __main_after_scatterload                 0x0800018d   Thumb Code     0  entry5.o(.ARM.Collect$$$$00000004)
    _main_clock                              0x0800018d   Thumb Code     0  entry7b.o(.ARM.Collect$$$$00000008)
    _main_cpp_init                           0x0800018d   Thumb Code     0  entry8b.o(.ARM.Collect$$$$0000000A)
    _main_init                               0x0800018d   Thumb Code     0  entry9a.o(.ARM.Collect$$$$0000000B)
    __rt_final_cpp                           0x08000195   Thumb Code     0  entry10a.o(.ARM.Collect$$$$0000000D)
    __rt_final_exit                          0x08000195   Thumb Code     0  entry11a.o(.ARM.Collect$$$$0000000F)
    Reset_Handler                            0x08000199   Thumb Code     8  startup_stm32f2xx.o(.text)
    ADC_IRQHandler                           0x080001b3   Thumb Code     0  startup_stm32f2xx.o(.text)
    CAN1_RX0_IRQHandler                      0x080001b3   Thumb Code     0  startup_stm32f2xx.o(.text)
    CAN1_RX1_IRQHandler                      0x080001b3   Thumb Code     0  startup_stm32f2xx.o(.text)
    CAN1_SCE_IRQHandler                      0x080001b3   Thumb Code     0  startup_stm32f2xx.o(.text)
    CAN1_TX_IRQHandler                       0x080001b3   Thumb Code     0  startup_stm32f2xx.o(.text)
    CAN2_RX0_IRQHandler                      0x080001b3   Thumb Code     0  startup_stm32f2xx.o(.text)
    CAN2_RX1_IRQHandler                      0x080001b3   Thumb Code     0  startup_stm32f2xx.o(.text)
    CAN2_SCE_IRQHandler                      0x080001b3   Thumb Code     0  startup_stm32f2xx.o(.text)
    CAN2_TX_IRQHandler                       0x080001b3   Thumb Code     0  startup_stm32f2xx.o(.text)
    CRYP_IRQHandler                          0x080001b3   Thumb Code     0  startup_stm32f2xx.o(.text)
    DCMI_IRQHandler                          0x080001b3   Thumb Code     0  startup_stm32f2xx.o(.text)
    DMA1_Stream0_IRQHandler                  0x080001b3   Thumb Code     0  startup_stm32f2xx.o(.text)
    DMA1_Stream1_IRQHandler                  0x080001b3   Thumb Code     0  startup_stm32f2xx.o(.text)
    DMA1_Stream2_IRQHandler                  0x080001b3   Thumb Code     0  startup_stm32f2xx.o(.text)
    DMA1_Stream3_IRQHandler                  0x080001b3   Thumb Code     0  startup_stm32f2xx.o(.text)
    DMA1_Stream4_IRQHandler                  0x080001b3   Thumb Code     0  startup_stm32f2xx.o(.text)
    DMA1_Stream5_IRQHandler                  0x080001b3   Thumb Code     0  startup_stm32f2xx.o(.text)
    DMA1_Stream6_IRQHandler                  0x080001b3   Thumb Code     0  startup_stm32f2xx.o(.text)
    DMA1_Stream7_IRQHandler                  0x080001b3   Thumb Code     0  startup_stm32f2xx.o(.text)
    DMA2_Stream0_IRQHandler                  0x080001b3   Thumb Code     0  startup_stm32f2xx.o(.text)
    DMA2_Stream1_IRQHandler                  0x080001b3   Thumb Code     0  startup_stm32f2xx.o(.text)
    DMA2_Stream2_IRQHandler                  0x080001b3   Thumb Code     0  startup_stm32f2xx.o(.text)
    DMA2_Stream3_IRQHandler                  0x080001b3   Thumb Code     0  startup_stm32f2xx.o(.text)
    DMA2_Stream4_IRQHandler                  0x080001b3   Thumb Code     0  startup_stm32f2xx.o(.text)
    DMA2_Stream5_IRQHandler                  0x080001b3   Thumb Code     0  startup_stm32f2xx.o(.text)
    DMA2_Stream6_IRQHandler                  0x080001b3   Thumb Code     0  startup_stm32f2xx.o(.text)
    DMA2_Stream7_IRQHandler                  0x080001b3   Thumb Code     0  startup_stm32f2xx.o(.text)
    ETH_IRQHandler                           0x080001b3   Thumb Code     0  startup_stm32f2xx.o(.text)
    ETH_WKUP_IRQHandler                      0x080001b3   Thumb Code     0  startup_stm32f2xx.o(.text)
    EXTI0_IRQHandler                         0x080001b3   Thumb Code     0  startup_stm32f2xx.o(.text)
    EXTI15_10_IRQHandler                     0x080001b3   Thumb Code     0  startup_stm32f2xx.o(.text)
    EXTI1_IRQHandler                         0x080001b3   Thumb Code     0  startup_stm32f2xx.o(.text)
    EXTI2_IRQHandler                         0x080001b3   Thumb Code     0  startup_stm32f2xx.o(.text)
    EXTI3_IRQHandler                         0x080001b3   Thumb Code     0  startup_stm32f2xx.o(.text)
    EXTI4_IRQHandler                         0x080001b3   Thumb Code     0  startup_stm32f2xx.o(.text)
    EXTI9_5_IRQHandler                       0x080001b3   Thumb Code     0  startup_stm32f2xx.o(.text)
    FLASH_IRQHandler                         0x080001b3   Thumb Code     0  startup_stm32f2xx.o(.text)
    FSMC_IRQHandler                          0x080001b3   Thumb Code     0  startup_stm32f2xx.o(.text)
    HASH_RNG_IRQHandler                      0x080001b3   Thumb Code     0  startup_stm32f2xx.o(.text)
    I2C1_ER_IRQHandler                       0x080001b3   Thumb Code     0  startup_stm32f2xx.o(.text)
    I2C1_EV_IRQHandler                       0x080001b3   Thumb Code     0  startup_stm32f2xx.o(.text)
    I2C2_ER_IRQHandler                       0x080001b3   Thumb Code     0  startup_stm32f2xx.o(.text)
    I2C2_EV_IRQHandler                       0x080001b3   Thumb Code     0  startup_stm32f2xx.o(.text)
    I2C3_ER_IRQHandler                       0x080001b3   Thumb Code     0  startup_stm32f2xx.o(.text)
    I2C3_EV_IRQHandler                       0x080001b3   Thumb Code     0  startup_stm32f2xx.o(.text)
    OTG_FS_IRQHandler                        0x080001b3   Thumb Code     0  startup_stm32f2xx.o(.text)
    OTG_FS_WKUP_IRQHandler                   0x080001b3   Thumb Code     0  startup_stm32f2xx.o(.text)
    OTG_HS_EP1_IN_IRQHandler                 0x080001b3   Thumb Code     0  startup_stm32f2xx.o(.text)
    OTG_HS_EP1_OUT_IRQHandler                0x080001b3   Thumb Code     0  startup_stm32f2xx.o(.text)
    OTG_HS_IRQHandler                        0x080001b3   Thumb Code     0  startup_stm32f2xx.o(.text)
    OTG_HS_WKUP_IRQHandler                   0x080001b3   Thumb Code     0  startup_stm32f2xx.o(.text)
    PVD_IRQHandler                           0x080001b3   Thumb Code     0  startup_stm32f2xx.o(.text)
    RCC_IRQHandler                           0x080001b3   Thumb Code     0  startup_stm32f2xx.o(.text)
    RTC_Alarm_IRQHandler                     0x080001b3   Thumb Code     0  startup_stm32f2xx.o(.text)
    RTC_WKUP_IRQHandler                      0x080001b3   Thumb Code     0  startup_stm32f2xx.o(.text)
    SDIO_IRQHandler                          0x080001b3   Thumb Code     0  startup_stm32f2xx.o(.text)
    SPI1_IRQHandler                          0x080001b3   Thumb Code     0  startup_stm32f2xx.o(.text)
    SPI2_IRQHandler                          0x080001b3   Thumb Code     0  startup_stm32f2xx.o(.text)
    SPI3_IRQHandler                          0x080001b3   Thumb Code     0  startup_stm32f2xx.o(.text)
    TAMP_STAMP_IRQHandler                    0x080001b3   Thumb Code     0  startup_stm32f2xx.o(.text)
    TIM1_BRK_TIM9_IRQHandler                 0x080001b3   Thumb Code     0  startup_stm32f2xx.o(.text)
    TIM1_CC_IRQHandler                       0x080001b3   Thumb Code     0  startup_stm32f2xx.o(.text)
    TIM1_TRG_COM_TIM11_IRQHandler            0x080001b3   Thumb Code     0  startup_stm32f2xx.o(.text)
    TIM1_UP_TIM10_IRQHandler                 0x080001b3   Thumb Code     0  startup_stm32f2xx.o(.text)
    TIM2_IRQHandler                          0x080001b3   Thumb Code     0  startup_stm32f2xx.o(.text)
    TIM3_IRQHandler                          0x080001b3   Thumb Code     0  startup_stm32f2xx.o(.text)
    TIM4_IRQHandler                          0x080001b3   Thumb Code     0  startup_stm32f2xx.o(.text)
    TIM5_IRQHandler                          0x080001b3   Thumb Code     0  startup_stm32f2xx.o(.text)
    TIM6_DAC_IRQHandler                      0x080001b3   Thumb Code     0  startup_stm32f2xx.o(.text)
    TIM7_IRQHandler                          0x080001b3   Thumb Code     0  startup_stm32f2xx.o(.text)
    TIM8_BRK_TIM12_IRQHandler                0x080001b3   Thumb Code     0  startup_stm32f2xx.o(.text)
    TIM8_CC_IRQHandler                       0x080001b3   Thumb Code     0  startup_stm32f2xx.o(.text)
    TIM8_TRG_COM_TIM14_IRQHandler            0x080001b3   Thumb Code     0  startup_stm32f2xx.o(.text)
    TIM8_UP_TIM13_IRQHandler                 0x080001b3   Thumb Code     0  startup_stm32f2xx.o(.text)
    UART4_IRQHandler                         0x080001b3   Thumb Code     0  startup_stm32f2xx.o(.text)
    UART5_IRQHandler                         0x080001b3   Thumb Code     0  startup_stm32f2xx.o(.text)
    USART1_IRQHandler                        0x080001b3   Thumb Code     0  startup_stm32f2xx.o(.text)
    USART2_IRQHandler                        0x080001b3   Thumb Code     0  startup_stm32f2xx.o(.text)
    USART3_IRQHandler                        0x080001b3   Thumb Code     0  startup_stm32f2xx.o(.text)
    USART6_IRQHandler                        0x080001b3   Thumb Code     0  startup_stm32f2xx.o(.text)
    WWDG_IRQHandler                          0x080001b3   Thumb Code     0  startup_stm32f2xx.o(.text)
    __aeabi_memcpy                           0x080001bd   Thumb Code    36  memcpya.o(.text)
    __aeabi_memcpy4                          0x080001bd   Thumb Code     0  memcpya.o(.text)
    __aeabi_memcpy8                          0x080001bd   Thumb Code     0  memcpya.o(.text)
    __aeabi_memset                           0x080001e1   Thumb Code    14  memseta.o(.text)
    __aeabi_memset4                          0x080001e1   Thumb Code     0  memseta.o(.text)
    __aeabi_memset8                          0x080001e1   Thumb Code     0  memseta.o(.text)
    __aeabi_memclr                           0x080001ef   Thumb Code     4  memseta.o(.text)
    __aeabi_memclr4                          0x080001ef   Thumb Code     0  memseta.o(.text)
    __aeabi_memclr8                          0x080001ef   Thumb Code     0  memseta.o(.text)
    _memset$wrapper                          0x080001f3   Thumb Code    18  memseta.o(.text)
    strstr                                   0x08000205   Thumb Code    36  strstr.o(.text)
    strchr                                   0x08000229   Thumb Code    20  strchr.o(.text)
    strlen                                   0x0800023d   Thumb Code    14  strlen.o(.text)
    strcmp                                   0x0800024b   Thumb Code    28  strcmp.o(.text)
    strncmp                                  0x08000267   Thumb Code    30  strncmp.o(.text)
    __aeabi_dmul                             0x08000285   Thumb Code   228  dmul.o(.text)
    __aeabi_ui2d                             0x08000369   Thumb Code    26  dfltui.o(.text)
    __aeabi_d2uiz                            0x08000383   Thumb Code    50  dfixui.o(.text)
    __aeabi_llsr                             0x080003b5   Thumb Code    32  llushr.o(.text)
    _ll_ushift_r                             0x080003b5   Thumb Code     0  llushr.o(.text)
    __I$use$fp                               0x080003d5   Thumb Code     0  iusefp.o(.text)
    _double_round                            0x080003d5   Thumb Code    26  depilogue.o(.text)
    _double_epilogue                         0x080003ef   Thumb Code   164  depilogue.o(.text)
    __scatterload                            0x08000495   Thumb Code    28  init.o(.text)
    __scatterload_rt2                        0x08000495   Thumb Code     0  init.o(.text)
    __aeabi_llsl                             0x080004b9   Thumb Code    30  llshl.o(.text)
    _ll_shift_l                              0x080004b9   Thumb Code     0  llshl.o(.text)
    __decompress                             0x080004d7   Thumb Code     0  __dczerorl2.o(.text)
    __decompress1                            0x080004d7   Thumb Code    92  __dczerorl2.o(.text)
    ADC_Cmd                                  0x08000533   Thumb Code    20  stm32f2xx_adc.o(i.ADC_Cmd)
    ADC_CommonInit                           0x08000549   Thumb Code    30  stm32f2xx_adc.o(i.ADC_CommonInit)
    ADC_GetConversionValue                   0x080005f1   Thumb Code     6  stm32f2xx_adc.o(i.ADC_GetConversionValue)
    ADC_Handler                              0x080005f9   Thumb Code   132  httpd_cgi_ssi.o(i.ADC_Handler)
    ADC_Init                                 0x0800068d   Thumb Code    66  stm32f2xx_adc.o(i.ADC_Init)
    ADC_RegularChannelConfig                 0x080006d9   Thumb Code   116  stm32f2xx_adc.o(i.ADC_RegularChannelConfig)
    ADC_SoftwareStartConv                    0x0800074d   Thumb Code    10  stm32f2xx_adc.o(i.ADC_SoftwareStartConv)
    ADC_StructInit                           0x08000757   Thumb Code    20  stm32f2xx_adc.o(i.ADC_StructInit)
    BusFault_Handler                         0x0800076b   Thumb Code     2  stm32f2xx_it.o(i.BusFault_Handler)
    DebugComPort_Init                        0x0800076d   Thumb Code    42  serial_debug.o(i.DebugComPort_Init)
    DebugMon_Handler                         0x08000797   Thumb Code     2  stm32f2xx_it.o(i.DebugMon_Handler)
    ETH_BSP_Config                           0x08000799   Thumb Code    64  stm32f2x7_eth_bsp.o(i.ETH_BSP_Config)
    ETH_CheckFrameReceived                   0x080007dd   Thumb Code    96  stm32f2x7_eth.o(i.ETH_CheckFrameReceived)
    ETH_DMAReceptionCmd                      0x08000841   Thumb Code    22  stm32f2x7_eth.o(i.ETH_DMAReceptionCmd)
    ETH_DMARxDescChainInit                   0x0800085d   Thumb Code    74  stm32f2x7_eth.o(i.ETH_DMARxDescChainInit)
    ETH_DMATransmissionCmd                   0x080008b5   Thumb Code    22  stm32f2x7_eth.o(i.ETH_DMATransmissionCmd)
    ETH_DMATxDescChainInit                   0x080008d1   Thumb Code    62  stm32f2x7_eth.o(i.ETH_DMATxDescChainInit)
    ETH_DMATxDescChecksumInsertionConfig     0x08000919   Thumb Code     8  stm32f2x7_eth.o(i.ETH_DMATxDescChecksumInsertionConfig)
    ETH_DeInit                               0x08000921   Thumb Code    24  stm32f2x7_eth.o(i.ETH_DeInit)
    ETH_FlushTransmitFIFO                    0x0800094d   Thumb Code    12  stm32f2x7_eth.o(i.ETH_FlushTransmitFIFO)
    ETH_GetSoftwareResetStatus               0x08000a39   Thumb Code    14  stm32f2x7_eth.o(i.ETH_GetSoftwareResetStatus)
    ETH_Get_Received_Frame                   0x08000a4d   Thumb Code    42  stm32f2x7_eth.o(i.ETH_Get_Received_Frame)
    ETH_Init                                 0x08000a7d   Thumb Code   506  stm32f2x7_eth.o(i.ETH_Init)
    ETH_MACAddressConfig                     0x08000ca9   Thumb Code    22  stm32f2x7_eth.o(i.ETH_MACAddressConfig)
    ETH_MACReceptionCmd                      0x08000d35   Thumb Code    22  stm32f2x7_eth.o(i.ETH_MACReceptionCmd)
    ETH_MACTransmissionCmd                   0x08000d51   Thumb Code    22  stm32f2x7_eth.o(i.ETH_MACTransmissionCmd)
    ETH_Prepare_Transmit_Descriptors         0x08000d6d   Thumb Code   164  stm32f2x7_eth.o(i.ETH_Prepare_Transmit_Descriptors)
    ETH_ReadPHYRegister                      0x08000e19   Thumb Code    80  stm32f2x7_eth.o(i.ETH_ReadPHYRegister)
    ETH_SoftwareReset                        0x08000e71   Thumb Code    12  stm32f2x7_eth.o(i.ETH_SoftwareReset)
    ETH_Start                                0x08000e81   Thumb Code    34  stm32f2x7_eth.o(i.ETH_Start)
    ETH_StructInit                           0x08000ea3   Thumb Code   136  stm32f2x7_eth.o(i.ETH_StructInit)
    ETH_WritePHYRegister                     0x08000f2d   Thumb Code    76  stm32f2x7_eth.o(i.ETH_WritePHYRegister)
    GPIO_Init                                0x08000f81   Thumb Code   162  stm32f2xx_gpio.o(i.GPIO_Init)
    GPIO_PinAFConfig                         0x08001023   Thumb Code    32  stm32f2xx_gpio.o(i.GPIO_PinAFConfig)
    HardFault_Handler                        0x08001043   Thumb Code     2  stm32f2xx_it.o(i.HardFault_Handler)
    LEDS_CGI_Handler                         0x08001045   Thumb Code   130  httpd_cgi_ssi.o(i.LEDS_CGI_Handler)
    LwIP_Init                                0x080010f1   Thumb Code    78  netconf.o(i.LwIP_Init)
    LwIP_Periodic_Handle                     0x08001151   Thumb Code    50  netconf.o(i.LwIP_Periodic_Handle)
    LwIP_Pkt_Handle                          0x08001189   Thumb Code     6  netconf.o(i.LwIP_Pkt_Handle)
    MemManage_Handler                        0x08001195   Thumb Code     2  stm32f2xx_it.o(i.MemManage_Handler)
    NMI_Handler                              0x08001197   Thumb Code     2  stm32f2xx_it.o(i.NMI_Handler)
    PendSV_Handler                           0x08001199   Thumb Code     2  stm32f2xx_it.o(i.PendSV_Handler)
    RCC_AHB1PeriphClockCmd                   0x0800119d   Thumb Code    18  stm32f2xx_rcc.o(i.RCC_AHB1PeriphClockCmd)
    RCC_AHB1PeriphResetCmd                   0x080011b5   Thumb Code    18  stm32f2xx_rcc.o(i.RCC_AHB1PeriphResetCmd)
    RCC_APB1PeriphClockCmd                   0x080011cd   Thumb Code    18  stm32f2xx_rcc.o(i.RCC_APB1PeriphClockCmd)
    RCC_APB2PeriphClockCmd                   0x080011e5   Thumb Code    18  stm32f2xx_rcc.o(i.RCC_APB2PeriphClockCmd)
    RCC_GetClocksFreq                        0x080011fd   Thumb Code   132  stm32f2xx_rcc.o(i.RCC_GetClocksFreq)
    RCC_MCO1Config                           0x08001291   Thumb Code    16  stm32f2xx_rcc.o(i.RCC_MCO1Config)
    STM_EVAL_COMInit                         0x080012a5   Thumb Code   176  stm32_eval.o(i.STM_EVAL_COMInit)
    STM_EVAL_LEDInit                         0x0800135d   Thumb Code    62  stm32_eval.o(i.STM_EVAL_LEDInit)
    STM_EVAL_LEDOff                          0x080013a5   Thumb Code    16  stm32_eval.o(i.STM_EVAL_LEDOff)
    STM_EVAL_LEDOn                           0x080013bd   Thumb Code    16  stm32_eval.o(i.STM_EVAL_LEDOn)
    SVC_Handler                              0x080013d5   Thumb Code     2  stm32f2xx_it.o(i.SVC_Handler)
    SYSCFG_ETH_MediaInterfaceConfig          0x080013d9   Thumb Code     6  stm32f2xx_syscfg.o(i.SYSCFG_ETH_MediaInterfaceConfig)
    SysTick_CLKSourceConfig                  0x0800147d   Thumb Code    24  misc.o(i.SysTick_CLKSourceConfig)
    SysTick_Handler                          0x08001495   Thumb Code     4  stm32f2xx_it.o(i.SysTick_Handler)
    SystemInit                               0x08001499   Thumb Code    62  system_stm32f2xx.o(i.SystemInit)
    Time_Update                              0x080014e9   Thumb Code    10  main.o(i.Time_Update)
    USART_Cmd                                0x080014f9   Thumb Code    20  stm32f2xx_usart.o(i.USART_Cmd)
    USART_Init                               0x0800150d   Thumb Code   174  stm32f2xx_usart.o(i.USART_Init)
    UsageFault_Handler                       0x080015c5   Thumb Code     2  stm32f2xx_it.o(i.UsageFault_Handler)
    __scatterload_copy                       0x080015c7   Thumb Code    14  handlers.o(i.__scatterload_copy)
    __scatterload_null                       0x080015d5   Thumb Code     2  handlers.o(i.__scatterload_null)
    __scatterload_zeroinit                   0x080015d7   Thumb Code    14  handlers.o(i.__scatterload_zeroinit)
    dhcp_arp_reply                           0x080015e5   Thumb Code    30  dhcp.o(i.dhcp_arp_reply)
    etharp_arp_input                         0x08001851   Thumb Code   222  etharp.o(i.etharp_arp_input)
    etharp_ip_input                          0x0800192f   Thumb Code    44  etharp.o(i.etharp_ip_input)
    etharp_output                            0x0800195d   Thumb Code   178  etharp.o(i.etharp_output)
    etharp_query                             0x08001a15   Thumb Code   252  etharp.o(i.etharp_query)
    etharp_request                           0x08001bbd   Thumb Code    32  etharp.o(i.etharp_request)
    etharp_tmr                               0x08001c19   Thumb Code    80  etharp.o(i.etharp_tmr)
    ethernet_input                           0x08001c6d   Thumb Code    84  etharp.o(i.ethernet_input)
    ethernetif_init                          0x08001cc1   Thumb Code    30  ethernetif.o(i.ethernetif_init)
    ethernetif_input                         0x08001ce9   Thumb Code    38  ethernetif.o(i.ethernetif_input)
    fs_bytes_left                            0x08001eef   Thumb Code     8  fs.o(i.fs_bytes_left)
    fs_close                                 0x08001ef7   Thumb Code     4  fs.o(i.fs_close)
    fs_open                                  0x08001f29   Thumb Code   100  fs.o(i.fs_open)
    fs_read                                  0x08001f95   Thumb Code    50  fs.o(i.fs_read)
    htonl                                    0x08002079   Thumb Code     4  inet.o(i.htonl)
    htons                                    0x0800207d   Thumb Code     4  inet.o(i.htons)
    http_set_cgi_handlers                    0x0800282d   Thumb Code     8  httpd.o(i.http_set_cgi_handlers)
    http_set_ssi_handler                     0x08002839   Thumb Code    10  httpd.o(i.http_set_ssi_handler)
    httpd_cgi_init                           0x080028ad   Thumb Code    20  httpd_cgi_ssi.o(i.httpd_cgi_init)
    httpd_init                               0x080028c9   Thumb Code    62  httpd.o(i.httpd_init)
    httpd_ssi_init                           0x08002911   Thumb Code    12  httpd_cgi_ssi.o(i.httpd_ssi_init)
    icmp_dest_unreach                        0x08002925   Thumb Code     8  icmp.o(i.icmp_dest_unreach)
    icmp_input                               0x0800292d   Thumb Code   276  icmp.o(i.icmp_input)
    icmp_time_exceeded                       0x08002aa7   Thumb Code     8  icmp.o(i.icmp_time_exceeded)
    inet_chksum                              0x08002aaf   Thumb Code    12  inet_chksum.o(i.inet_chksum)
    inet_chksum_pbuf                         0x08002abb   Thumb Code    72  inet_chksum.o(i.inet_chksum_pbuf)
    ip_addr_isbroadcast                      0x08002b03   Thumb Code    48  ip_addr.o(i.ip_addr_isbroadcast)
    ip_frag                                  0x08002b35   Thumb Code   294  ip_frag.o(i.ip_frag)
    ip_input                                 0x08002c61   Thumb Code   386  ip.o(i.ip_input)
    ip_output                                0x08002ded   Thumb Code    52  ip.o(i.ip_output)
    ip_output_if                             0x08002e21   Thumb Code   200  ip.o(i.ip_output_if)
    ip_reass                                 0x08002eed   Thumb Code   398  ip_frag.o(i.ip_reass)
    ip_route                                 0x08003279   Thumb Code    62  ip.o(i.ip_route)
    main                                     0x08003421   Thumb Code    66  main.o(i.main)
    mem_free                                 0x08003469   Thumb Code    38  mem.o(i.mem_free)
    mem_init                                 0x08003495   Thumb Code    44  mem.o(i.mem_init)
    mem_malloc                               0x080034c9   Thumb Code   164  mem.o(i.mem_malloc)
    mem_realloc                              0x08003571   Thumb Code   190  mem.o(i.mem_realloc)
    memp_free                                0x08003635   Thumb Code    18  memp.o(i.memp_free)
    memp_init                                0x0800364d   Thumb Code    78  memp.o(i.memp_init)
    memp_malloc                              0x080036a5   Thumb Code    28  memp.o(i.memp_malloc)
    netif_add                                0x080036c5   Thumb Code    68  netif.o(i.netif_add)
    netif_is_up                              0x0800370d   Thumb Code    10  netif.o(i.netif_is_up)
    netif_set_addr                           0x08003717   Thumb Code    32  netif.o(i.netif_set_addr)
    netif_set_default                        0x08003739   Thumb Code     6  netif.o(i.netif_set_default)
    netif_set_gw                             0x08003745   Thumb Code     8  netif.o(i.netif_set_gw)
    netif_set_ipaddr                         0x0800374d   Thumb Code    96  netif.o(i.netif_set_ipaddr)
    netif_set_netmask                        0x080037b5   Thumb Code     8  netif.o(i.netif_set_netmask)
    netif_set_up                             0x080037bd   Thumb Code    28  netif.o(i.netif_set_up)
    ntohl                                    0x080037d9   Thumb Code     4  inet.o(i.ntohl)
    ntohs                                    0x080037dd   Thumb Code     4  inet.o(i.ntohs)
    pbuf_alloc                               0x080037e1   Thumb Code   272  pbuf.o(i.pbuf_alloc)
    pbuf_cat                                 0x080038f1   Thumb Code    40  pbuf.o(i.pbuf_cat)
    pbuf_chain                               0x08003919   Thumb Code    18  pbuf.o(i.pbuf_chain)
    pbuf_clen                                0x0800392b   Thumb Code    18  pbuf.o(i.pbuf_clen)
    pbuf_copy                                0x0800393d   Thumb Code   144  pbuf.o(i.pbuf_copy)
    pbuf_copy_partial                        0x080039cd   Thumb Code   104  pbuf.o(i.pbuf_copy_partial)
    pbuf_free                                0x08003a35   Thumb Code    68  pbuf.o(i.pbuf_free)
    pbuf_header                              0x08003a79   Thumb Code    96  pbuf.o(i.pbuf_header)
    pbuf_realloc                             0x08003ad9   Thumb Code    78  pbuf.o(i.pbuf_realloc)
    pbuf_ref                                 0x08003b27   Thumb Code    12  pbuf.o(i.pbuf_ref)
    raw_input                                0x08003b89   Thumb Code   100  raw.o(i.raw_input)
    tcp_abandon                              0x08003c31   Thumb Code   144  tcp.o(i.tcp_abandon)
    tcp_accept                               0x08003cc5   Thumb Code     4  tcp.o(i.tcp_accept)
    tcp_alloc                                0x08003cd1   Thumb Code   234  tcp.o(i.tcp_alloc)
    tcp_arg                                  0x08003dc9   Thumb Code     4  tcp.o(i.tcp_arg)
    tcp_bind                                 0x08003dcd   Thumb Code   182  tcp.o(i.tcp_bind)
    tcp_close                                0x08003e89   Thumb Code   148  tcp.o(i.tcp_close)
    tcp_eff_send_mss                         0x08003f21   Thumb Code    32  tcp.o(i.tcp_eff_send_mss)
    tcp_enqueue                              0x08003f41   Thumb Code   830  tcp_out.o(i.tcp_enqueue)
    tcp_err                                  0x0800427f   Thumb Code     6  tcp.o(i.tcp_err)
    tcp_fasttmr                              0x08004285   Thumb Code    86  tcp.o(i.tcp_fasttmr)
    tcp_input                                0x080042e1   Thumb Code   732  tcp_in.o(i.tcp_input)
    tcp_keepalive                            0x080045d1   Thumb Code    70  tcp_out.o(i.tcp_keepalive)
    tcp_listen_with_backlog                  0x08004701   Thumb Code   118  tcp.o(i.tcp_listen_with_backlog)
    tcp_new                                  0x08004781   Thumb Code     6  tcp.o(i.tcp_new)
    tcp_next_iss                             0x080047e9   Thumb Code    12  tcp.o(i.tcp_next_iss)
    tcp_output                               0x080047f9   Thumb Code   424  tcp_out.o(i.tcp_output)
    tcp_pcb_purge                            0x08004b55   Thumb Code    48  tcp.o(i.tcp_pcb_purge)
    tcp_pcb_remove                           0x08004b85   Thumb Code    86  tcp.o(i.tcp_pcb_remove)
    tcp_poll                                 0x08004be1   Thumb Code    10  tcp.o(i.tcp_poll)
    tcp_recv                                 0x08005375   Thumb Code     6  tcp.o(i.tcp_recv)
    tcp_recv_null                            0x0800537b   Thumb Code    36  tcp.o(i.tcp_recv_null)
    tcp_recved                               0x0800539f   Thumb Code    60  tcp.o(i.tcp_recved)
    tcp_rexmit                               0x080053db   Thumb Code    72  tcp_out.o(i.tcp_rexmit)
    tcp_rexmit_fast                          0x08005423   Thumb Code    90  tcp_out.o(i.tcp_rexmit_fast)
    tcp_rexmit_rto                           0x0800547d   Thumb Code    46  tcp_out.o(i.tcp_rexmit_rto)
    tcp_rst                                  0x080054ab   Thumb Code   156  tcp_out.o(i.tcp_rst)
    tcp_seg_free                             0x08005547   Thumb Code    32  tcp.o(i.tcp_seg_free)
    tcp_segs_free                            0x08005567   Thumb Code    26  tcp.o(i.tcp_segs_free)
    tcp_send_ctrl                            0x08005581   Thumb Code    22  tcp_out.o(i.tcp_send_ctrl)
    tcp_send_empty_ack                       0x08005597   Thumb Code    86  tcp_out.o(i.tcp_send_empty_ack)
    tcp_sent                                 0x080055ed   Thumb Code     6  tcp.o(i.tcp_sent)
    tcp_setprio                              0x080055f3   Thumb Code     4  tcp.o(i.tcp_setprio)
    tcp_slowtmr                              0x080055f9   Thumb Code   540  tcp.o(i.tcp_slowtmr)
    tcp_tmr                                  0x08005891   Thumb Code    28  tcp.o(i.tcp_tmr)
    tcp_update_rcv_ann_wnd                   0x080058b1   Thumb Code    52  tcp.o(i.tcp_update_rcv_ann_wnd)
    tcp_write                                0x080058e5   Thumb Code    46  tcp_out.o(i.tcp_write)
    tcp_zero_window_probe                    0x08005913   Thumb Code   144  tcp_out.o(i.tcp_zero_window_probe)
    udp_bind                                 0x080059a5   Thumb Code    86  udp.o(i.udp_bind)
    udp_input                                0x08005a01   Thumb Code   396  udp.o(i.udp_input)
    udp_sendto_if                            0x08005b91   Thumb Code   176  udp.o(i.udp_sendto_if)
    file__STM32F2x7_files_logo_jpg           0x0800e4f8   Data          20  fs.o(.constdata)
    file__STM32F2x7_files_ST_gif             0x0800e50c   Data          20  fs.o(.constdata)
    file__STM32F2x7_files_stm32_jpeg         0x0800e520   Data          20  fs.o(.constdata)
    file__404_html                           0x0800e534   Data          20  fs.o(.constdata)
    file__index_html                         0x0800e548   Data          20  fs.o(.constdata)
    file__STM32F2x7ADC_shtml                 0x0800e55c   Data          20  fs.o(.constdata)
    file__STM32F2x7LED_html                  0x0800e570   Data          20  fs.o(.constdata)
    LEDS_CGI                                 0x0800e584   Data           8  httpd_cgi_ssi.o(.constdata)
    g_pcTagLeadIn                            0x0800e58c   Data           4  httpd.o(.constdata)
    g_pcTagLeadOut                           0x0800e590   Data           4  httpd.o(.constdata)
    g_psDefaultFilenames                     0x0800e594   Data          40  httpd.o(.constdata)
    tcp_persist_backoff                      0x0800e5e0   Data           7  tcp.o(.constdata)
    tcp_backoff                              0x0800e5e7   Data          13  tcp.o(.constdata)
    ip_addr_any                              0x0800e5f4   Data           4  ip_addr.o(.constdata)
    ip_addr_broadcast                        0x0800e5f8   Data           4  ip_addr.o(.constdata)
    ethbroadcast                             0x0800e5fc   Data           6  etharp.o(.constdata)
    ethzero                                  0x0800e602   Data           6  etharp.o(.constdata)
    COM_TX_PIN_SOURCE                        0x0800e608   Data           1  stm32_eval.o(.constdata)
    COM_RX_PIN_SOURCE                        0x0800e609   Data           1  stm32_eval.o(.constdata)
    COM_TX_AF                                0x0800e60a   Data           1  stm32_eval.o(.constdata)
    COM_RX_AF                                0x0800e60b   Data           1  stm32_eval.o(.constdata)
    COM_TX_PIN                               0x0800e60c   Data           2  stm32_eval.o(.constdata)
    COM_RX_PIN                               0x0800e60e   Data           2  stm32_eval.o(.constdata)
    BUTTON_PORT_SOURCE                       0x0800e610   Data           3  stm32_eval.o(.constdata)
    BUTTON_PIN_SOURCE                        0x0800e613   Data           3  stm32_eval.o(.constdata)
    BUTTON_IRQn                              0x0800e616   Data           3  stm32_eval.o(.constdata)
    COM_USART_CLK                            0x0800e61c   Data           4  stm32_eval.o(.constdata)
    COM_TX_PORT_CLK                          0x0800e620   Data           4  stm32_eval.o(.constdata)
    COM_RX_PORT_CLK                          0x0800e624   Data           4  stm32_eval.o(.constdata)
    BUTTON_PIN                               0x0800e628   Data           6  stm32_eval.o(.constdata)
    BUTTON_EXTI_LINE                         0x0800e62e   Data           6  stm32_eval.o(.constdata)
    GPIO_PIN                                 0x0800e634   Data           8  stm32_eval.o(.constdata)
    GPIO_CLK                                 0x0800e63c   Data          16  stm32_eval.o(.constdata)
    BUTTON_CLK                               0x0800e64c   Data          12  stm32_eval.o(.constdata)
    Region$$Table$$Base                      0x0800e718   Number         0  anon$$obj.o(Region$$Table)
    Region$$Table$$Limit                     0x0800e738   Number         0  anon$$obj.o(Region$$Table)
    LocalTime                                0x20000000   Data           4  main.o(.data)
    timingdelay                              0x20000004   Data           4  main.o(.data)
    TCPTimer                                 0x20000008   Data           4  netconf.o(.data)
    ARPTimer                                 0x2000000c   Data           4  netconf.o(.data)
    ADC_not_configured                       0x20000010   Data           4  httpd_cgi_ssi.o(.data)
    TAGS                                     0x20000014   Data           4  httpd_cgi_ssi.o(.data)
    CGI_TAB                                  0x20000018   Data           8  httpd_cgi_ssi.o(.data)
    TAGCHAR                                  0x20000020   Data           4  httpd_cgi_ssi.o(.data)
    g_pfnSSIHandler                          0x20000024   Data           4  httpd.o(.data)
    g_iNumTags                               0x20000028   Data           4  httpd.o(.data)
    g_ppcTags                                0x2000002c   Data           4  httpd.o(.data)
    g_pCGIs                                  0x20000030   Data           4  httpd.o(.data)
    g_iNumCGIs                               0x20000034   Data           4  httpd.o(.data)
    g_pcSSIExtensions                        0x20000038   Data          16  httpd.o(.data)
    netif_list                               0x20000060   Data           4  netif.o(.data)
    netif_default                            0x20000064   Data           4  netif.o(.data)
    tcp_ticks                                0x20000074   Data           4  tcp.o(.data)
    tcp_bound_pcbs                           0x20000078   Data           4  tcp.o(.data)
    tcp_listen_pcbs                          0x2000007c   Data           4  tcp.o(.data)
    tcp_active_pcbs                          0x20000080   Data           4  tcp.o(.data)
    tcp_tw_pcbs                              0x20000084   Data           4  tcp.o(.data)
    tcp_tmp_pcb                              0x20000088   Data           4  tcp.o(.data)
    tcp_state_str                            0x2000008c   Data          44  tcp.o(.data)
    tcp_input_pcb                            0x200000d0   Data           4  tcp_in.o(.data)
    udp_pcbs                                 0x200000d4   Data           4  udp.o(.data)
    current_netif                            0x200000dc   Data           4  ip.o(.data)
    current_header                           0x200000e0   Data           4  ip.o(.data)
    DMATxDescToSet                           0x20000100   Data           4  stm32f2x7_eth.o(.data)
    DMARxDescToGet                           0x20000104   Data           4  stm32f2x7_eth.o(.data)
    DMA_RX_FRAME_infos                       0x20000108   Data           4  stm32f2x7_eth.o(.data)
    COM_USART                                0x2000010c   Data           4  stm32_eval.o(.data)
    COM_TX_PORT                              0x20000110   Data           4  stm32_eval.o(.data)
    COM_RX_PORT                              0x20000114   Data           4  stm32_eval.o(.data)
    NVIC_InitStructure                       0x20000118   Data           4  stm32_eval.o(.data)
    GPIO_PORT                                0x2000011c   Data          16  stm32_eval.o(.data)
    BUTTON_PORT                              0x2000012c   Data          12  stm32_eval.o(.data)
    netif                                    0x20000138   Data          52  netconf.o(.bss)
    fs_memory                                0x2000016c   Data         240  fs.o(.bss)
    DMARxDscrTab                             0x20005964   Data         128  stm32f2x7_eth.o(.bss)
    DMATxDscrTab                             0x200059e4   Data          64  stm32f2x7_eth.o(.bss)
    Rx_Buff                                  0x20005a24   Data        6096  stm32f2x7_eth.o(.bss)
    Tx_Buff                                  0x200071f4   Data        3048  stm32f2x7_eth.o(.bss)
    RX_Frame_Descriptor                      0x20007ddc   Data          12  stm32f2x7_eth.o(.bss)
    __initial_sp                             0x200081e8   Data           0  startup_stm32f2xx.o(STACK)



==============================================================================

Memory Map of the image

  Image Entry point : 0x08000185

  Load Region LR_IROM1 (Base: 0x08000000, Size: 0x0000e870, Max: 0x00100000, ABSOLUTE, COMPRESSED[0x0000e7a4])

    Execution Region ER_IROM1 (Base: 0x08000000, Size: 0x0000e738, Max: 0x00100000, ABSOLUTE)

    Base Addr    Size         Type   Attr      Idx    E Section Name        Object

    0x08000000   0x00000184   Data   RO          144    RESET               startup_stm32f2xx.o
    0x08000184   0x00000000   Code   RO         4615  * .ARM.Collect$$$$00000000  mc_w.l(entry.o)
    0x08000184   0x00000004   Code   RO         4646    .ARM.Collect$$$$00000001  mc_w.l(entry2.o)
    0x08000188   0x00000004   Code   RO         4649    .ARM.Collect$$$$00000004  mc_w.l(entry5.o)
    0x0800018c   0x00000000   Code   RO         4651    .ARM.Collect$$$$00000008  mc_w.l(entry7b.o)
    0x0800018c   0x00000000   Code   RO         4653    .ARM.Collect$$$$0000000A  mc_w.l(entry8b.o)
    0x0800018c   0x00000008   Code   RO         4654    .ARM.Collect$$$$0000000B  mc_w.l(entry9a.o)
    0x08000194   0x00000000   Code   RO         4656    .ARM.Collect$$$$0000000D  mc_w.l(entry10a.o)
    0x08000194   0x00000000   Code   RO         4658    .ARM.Collect$$$$0000000F  mc_w.l(entry11a.o)
    0x08000194   0x00000004   Code   RO         4647    .ARM.Collect$$$$00002712  mc_w.l(entry2.o)
    0x08000198   0x00000024   Code   RO          145    .text               startup_stm32f2xx.o
    0x080001bc   0x00000024   Code   RO         4618    .text               mc_w.l(memcpya.o)
    0x080001e0   0x00000024   Code   RO         4620    .text               mc_w.l(memseta.o)
    0x08000204   0x00000024   Code   RO         4622    .text               mc_w.l(strstr.o)
    0x08000228   0x00000014   Code   RO         4624    .text               mc_w.l(strchr.o)
    0x0800023c   0x0000000e   Code   RO         4626    .text               mc_w.l(strlen.o)
    0x0800024a   0x0000001c   Code   RO         4628    .text               mc_w.l(strcmp.o)
    0x08000266   0x0000001e   Code   RO         4630    .text               mc_w.l(strncmp.o)
    0x08000284   0x000000e4   Code   RO         4634    .text               mf_w.l(dmul.o)
    0x08000368   0x0000001a   Code   RO         4638    .text               mf_w.l(dfltui.o)
    0x08000382   0x00000032   Code   RO         4640    .text               mf_w.l(dfixui.o)
    0x080003b4   0x00000020   Code   RO         4660    .text               mc_w.l(llushr.o)
    0x080003d4   0x00000000   Code   RO         4662    .text               mc_w.l(iusefp.o)
    0x080003d4   0x000000be   Code   RO         4663    .text               mf_w.l(depilogue.o)
    0x08000492   0x00000002   PAD
    0x08000494   0x00000024   Code   RO         4665    .text               mc_w.l(init.o)
    0x080004b8   0x0000001e   Code   RO         4667    .text               mc_w.l(llshl.o)
    0x080004d6   0x0000005c   Code   RO         4677    .text               mc_w.l(__dczerorl2.o)
    0x08000532   0x00000014   Code   RO         2230    i.ADC_Cmd           stm32f2xx_adc.o
    0x08000546   0x00000002   PAD
    0x08000548   0x00000028   Code   RO         2231    i.ADC_CommonInit    stm32f2xx_adc.o
    0x08000570   0x00000080   Code   RO          482    i.ADC_Configuration  httpd_cgi_ssi.o
    0x080005f0   0x00000006   Code   RO         2242    i.ADC_GetConversionValue  stm32f2xx_adc.o
    0x080005f6   0x00000002   PAD
    0x080005f8   0x00000094   Code   RO          483    i.ADC_Handler       httpd_cgi_ssi.o
    0x0800068c   0x0000004c   Code   RO         2250    i.ADC_Init          stm32f2xx_adc.o
    0x080006d8   0x00000074   Code   RO         2255    i.ADC_RegularChannelConfig  stm32f2xx_adc.o
    0x0800074c   0x0000000a   Code   RO         2257    i.ADC_SoftwareStartConv  stm32f2xx_adc.o
    0x08000756   0x00000014   Code   RO         2259    i.ADC_StructInit    stm32f2xx_adc.o
    0x0800076a   0x00000002   Code   RO          337    i.BusFault_Handler  stm32f2xx_it.o
    0x0800076c   0x0000002a   Code   RO          464    i.DebugComPort_Init  serial_debug.o
    0x08000796   0x00000002   Code   RO          338    i.DebugMon_Handler  stm32f2xx_it.o
    0x08000798   0x00000044   Code   RO          311    i.ETH_BSP_Config    stm32f2x7_eth_bsp.o
    0x080007dc   0x00000064   Code   RO         3733    i.ETH_CheckFrameReceived  stm32f2x7_eth.o
    0x08000840   0x0000001c   Code   RO         3737    i.ETH_DMAReceptionCmd  stm32f2x7_eth.o
    0x0800085c   0x00000058   Code   RO         3738    i.ETH_DMARxDescChainInit  stm32f2x7_eth.o
    0x080008b4   0x0000001c   Code   RO         3740    i.ETH_DMATransmissionCmd  stm32f2x7_eth.o
    0x080008d0   0x00000048   Code   RO         3743    i.ETH_DMATxDescChainInit  stm32f2x7_eth.o
    0x08000918   0x00000008   Code   RO         3744    i.ETH_DMATxDescChecksumInsertionConfig  stm32f2x7_eth.o
    0x08000920   0x00000018   Code   RO         3749    i.ETH_DeInit        stm32f2x7_eth.o
    0x08000938   0x00000012   Code   RO         3750    i.ETH_Delay         stm32f2x7_eth.o
    0x0800094a   0x00000002   PAD
    0x0800094c   0x00000010   Code   RO         3752    i.ETH_FlushTransmitFIFO  stm32f2x7_eth.o
    0x0800095c   0x000000dc   Code   RO          312    i.ETH_GPIO_Config   stm32f2x7_eth_bsp.o
    0x08000a38   0x00000014   Code   RO         3778    i.ETH_GetSoftwareResetStatus  stm32f2x7_eth.o
    0x08000a4c   0x00000030   Code   RO         3780    i.ETH_Get_Received_Frame  stm32f2x7_eth.o
    0x08000a7c   0x0000022c   Code   RO         3783    i.ETH_Init          stm32f2x7_eth.o
    0x08000ca8   0x0000001c   Code   RO         3785    i.ETH_MACAddressConfig  stm32f2x7_eth.o
    0x08000cc4   0x00000070   Code   RO          313    i.ETH_MACDMA_Config  stm32f2x7_eth_bsp.o
    0x08000d34   0x0000001c   Code   RO         3790    i.ETH_MACReceptionCmd  stm32f2x7_eth.o
    0x08000d50   0x0000001c   Code   RO         3791    i.ETH_MACTransmissionCmd  stm32f2x7_eth.o
    0x08000d6c   0x000000ac   Code   RO         3802    i.ETH_Prepare_Transmit_Descriptors  stm32f2x7_eth.o
    0x08000e18   0x00000058   Code   RO         3803    i.ETH_ReadPHYRegister  stm32f2x7_eth.o
    0x08000e70   0x00000010   Code   RO         3811    i.ETH_SoftwareReset  stm32f2x7_eth.o
    0x08000e80   0x00000022   Code   RO         3812    i.ETH_Start         stm32f2x7_eth.o
    0x08000ea2   0x00000088   Code   RO         3813    i.ETH_StructInit    stm32f2x7_eth.o
    0x08000f2a   0x00000002   PAD
    0x08000f2c   0x00000054   Code   RO         3815    i.ETH_WritePHYRegister  stm32f2x7_eth.o
    0x08000f80   0x000000a2   Code   RO         2939    i.GPIO_Init         stm32f2xx_gpio.o
    0x08001022   0x00000020   Code   RO         2940    i.GPIO_PinAFConfig  stm32f2xx_gpio.o
    0x08001042   0x00000002   Code   RO          339    i.HardFault_Handler  stm32f2xx_it.o
    0x08001044   0x000000ac   Code   RO          484    i.LEDS_CGI_Handler  httpd_cgi_ssi.o
    0x080010f0   0x00000060   Code   RO          231    i.LwIP_Init         netconf.o
    0x08001150   0x00000038   Code   RO          232    i.LwIP_Periodic_Handle  netconf.o
    0x08001188   0x0000000c   Code   RO          233    i.LwIP_Pkt_Handle   netconf.o
    0x08001194   0x00000002   Code   RO          340    i.MemManage_Handler  stm32f2xx_it.o
    0x08001196   0x00000002   Code   RO          341    i.NMI_Handler       stm32f2xx_it.o
    0x08001198   0x00000002   Code   RO          342    i.PendSV_Handler    stm32f2xx_it.o
    0x0800119a   0x00000002   PAD
    0x0800119c   0x00000018   Code   RO         3028    i.RCC_AHB1PeriphClockCmd  stm32f2xx_rcc.o
    0x080011b4   0x00000018   Code   RO         3030    i.RCC_AHB1PeriphResetCmd  stm32f2xx_rcc.o
    0x080011cc   0x00000018   Code   RO         3037    i.RCC_APB1PeriphClockCmd  stm32f2xx_rcc.o
    0x080011e4   0x00000018   Code   RO         3040    i.RCC_APB2PeriphClockCmd  stm32f2xx_rcc.o
    0x080011fc   0x00000094   Code   RO         3049    i.RCC_GetClocksFreq  stm32f2xx_rcc.o
    0x08001290   0x00000014   Code   RO         3060    i.RCC_MCO1Config    stm32f2xx_rcc.o
    0x080012a4   0x000000b8   Code   RO         4253    i.STM_EVAL_COMInit  stm32_eval.o
    0x0800135c   0x00000048   Code   RO         4254    i.STM_EVAL_LEDInit  stm32_eval.o
    0x080013a4   0x00000018   Code   RO         4255    i.STM_EVAL_LEDOff   stm32_eval.o
    0x080013bc   0x00000018   Code   RO         4256    i.STM_EVAL_LEDOn    stm32_eval.o
    0x080013d4   0x00000002   Code   RO          343    i.SVC_Handler       stm32f2xx_it.o
    0x080013d6   0x00000002   PAD
    0x080013d8   0x0000000c   Code   RO         3488    i.SYSCFG_ETH_MediaInterfaceConfig  stm32f2xx_syscfg.o
    0x080013e4   0x00000098   Code   RO            1    i.SetSysClock       system_stm32f2xx.o
    0x0800147c   0x00000018   Code   RO         2192    i.SysTick_CLKSourceConfig  misc.o
    0x08001494   0x00000004   Code   RO          344    i.SysTick_Handler   stm32f2xx_it.o
    0x08001498   0x00000050   Code   RO            3    i.SystemInit        system_stm32f2xx.o
    0x080014e8   0x00000010   Code   RO          152    i.Time_Update       main.o
    0x080014f8   0x00000014   Code   RO         2012    i.USART_Cmd         stm32f2xx_usart.o
    0x0800150c   0x000000b8   Code   RO         2019    i.USART_Init        stm32f2xx_usart.o
    0x080015c4   0x00000002   Code   RO          345    i.UsageFault_Handler  stm32f2xx_it.o
    0x080015c6   0x0000000e   Code   RO         4671    i.__scatterload_copy  mc_w.l(handlers.o)
    0x080015d4   0x00000002   Code   RO         4672    i.__scatterload_null  mc_w.l(handlers.o)
    0x080015d6   0x0000000e   Code   RO         4673    i.__scatterload_zeroinit  mc_w.l(handlers.o)
    0x080015e4   0x0000001e   Code   RO          706    i.dhcp_arp_reply    dhcp.o
    0x08001602   0x00000002   PAD
    0x08001604   0x00000104   Code   RO          710    i.dhcp_create_request  dhcp.o
    0x08001708   0x0000007c   Code   RO          711    i.dhcp_decline      dhcp.o
    0x08001784   0x0000001c   Code   RO          712    i.dhcp_delete_request  dhcp.o
    0x080017a0   0x00000020   Code   RO          721    i.dhcp_option       dhcp.o
    0x080017c0   0x00000010   Code   RO          722    i.dhcp_option_byte  dhcp.o
    0x080017d0   0x00000042   Code   RO          723    i.dhcp_option_long  dhcp.o
    0x08001812   0x00000030   Code   RO          725    i.dhcp_option_trailer  dhcp.o
    0x08001842   0x0000000e   Code   RO          732    i.dhcp_set_state    dhcp.o
    0x08001850   0x000000de   Code   RO         1873    i.etharp_arp_input  etharp.o
    0x0800192e   0x0000002c   Code   RO         1875    i.etharp_ip_input   etharp.o
    0x0800195a   0x00000002   PAD
    0x0800195c   0x000000b8   Code   RO         1876    i.etharp_output     etharp.o
    0x08001a14   0x00000100   Code   RO         1877    i.etharp_query      etharp.o
    0x08001b14   0x000000a6   Code   RO         1878    i.etharp_raw        etharp.o
    0x08001bba   0x00000002   PAD
    0x08001bbc   0x00000024   Code   RO         1879    i.etharp_request    etharp.o
    0x08001be0   0x00000036   Code   RO         1880    i.etharp_send_ip    etharp.o
    0x08001c16   0x00000002   PAD
    0x08001c18   0x00000054   Code   RO         1881    i.etharp_tmr        etharp.o
    0x08001c6c   0x00000054   Code   RO         1882    i.ethernet_input    etharp.o
    0x08001cc0   0x00000028   Code   RO         1974    i.ethernetif_init   ethernetif.o
    0x08001ce8   0x00000026   Code   RO         1975    i.ethernetif_input  ethernetif.o
    0x08001d0e   0x00000002   PAD
    0x08001d10   0x0000006a   Code   RO          539    i.extract_uri_parameters  httpd.o
    0x08001d7a   0x00000002   PAD
    0x08001d7c   0x00000154   Code   RO         1883    i.find_entry        etharp.o
    0x08001ed0   0x0000001e   Code   RO         1884    i.free_etharp_q     etharp.o
    0x08001eee   0x00000008   Code   RO          400    i.fs_bytes_left     fs.o
    0x08001ef6   0x00000004   Code   RO          401    i.fs_close          fs.o
    0x08001efa   0x00000002   PAD
    0x08001efc   0x0000002c   Code   RO          402    i.fs_free           fs.o
    0x08001f28   0x0000006c   Code   RO          403    i.fs_open           fs.o
    0x08001f94   0x00000032   Code   RO          404    i.fs_read           fs.o
    0x08001fc6   0x00000002   PAD
    0x08001fc8   0x000000b0   Code   RO          540    i.get_tag_insert    httpd.o
    0x08002078   0x00000004   Code   RO         1679    i.htonl             inet.o
    0x0800207c   0x00000004   Code   RO         1680    i.htons             inet.o
    0x08002080   0x00000064   Code   RO          541    i.http_accept       httpd.o
    0x080020e4   0x00000054   Code   RO          542    i.http_close_conn   httpd.o
    0x08002138   0x0000000a   Code   RO          543    i.http_err          httpd.o
    0x08002142   0x00000002   PAD
    0x08002144   0x00000108   Code   RO          544    i.http_find_file    httpd.o
    0x0800224c   0x00000054   Code   RO          545    i.http_get_404_file  httpd.o
    0x080022a0   0x00000060   Code   RO          546    i.http_init_file    httpd.o
    0x08002300   0x000000e8   Code   RO          547    i.http_parse_request  httpd.o
    0x080023e8   0x00000032   Code   RO          548    i.http_poll         httpd.o
    0x0800241a   0x0000006e   Code   RO          549    i.http_recv         httpd.o
    0x08002488   0x0000038c   Code   RO          550    i.http_send_data    httpd.o
    0x08002814   0x00000016   Code   RO          551    i.http_sent         httpd.o
    0x0800282a   0x00000002   PAD
    0x0800282c   0x0000000c   Code   RO          552    i.http_set_cgi_handlers  httpd.o
    0x08002838   0x00000010   Code   RO          553    i.http_set_ssi_handler  httpd.o
    0x08002848   0x00000028   Code   RO          554    i.http_state_free   httpd.o
    0x08002870   0x0000003c   Code   RO          555    i.http_write        httpd.o
    0x080028ac   0x0000001c   Code   RO          485    i.httpd_cgi_init    httpd_cgi_ssi.o
    0x080028c8   0x00000048   Code   RO          556    i.httpd_init        httpd.o
    0x08002910   0x00000014   Code   RO          486    i.httpd_ssi_init    httpd_cgi_ssi.o
    0x08002924   0x00000008   Code   RO         1644    i.icmp_dest_unreach  icmp.o
    0x0800292c   0x00000114   Code   RO         1645    i.icmp_input        icmp.o
    0x08002a40   0x00000066   Code   RO         1646    i.icmp_send_response  icmp.o
    0x08002aa6   0x00000008   Code   RO         1647    i.icmp_time_exceeded  icmp.o
    0x08002aae   0x0000000c   Code   RO         1728    i.inet_chksum       inet_chksum.o
    0x08002aba   0x00000048   Code   RO         1729    i.inet_chksum_pbuf  inet_chksum.o
    0x08002b02   0x00000030   Code   RO         1803    i.ip_addr_isbroadcast  ip_addr.o
    0x08002b32   0x00000002   PAD
    0x08002b34   0x0000012c   Code   RO         1826    i.ip_frag           ip_frag.o
    0x08002c60   0x0000018c   Code   RO         1764    i.ip_input          ip.o
    0x08002dec   0x00000034   Code   RO         1765    i.ip_output         ip.o
    0x08002e20   0x000000cc   Code   RO         1766    i.ip_output_if      ip.o
    0x08002eec   0x00000194   Code   RO         1827    i.ip_reass          ip_frag.o
    0x08003080   0x000000f8   Code   RO         1828    i.ip_reass_chain_frag_into_datagram_and_validate  ip_frag.o
    0x08003178   0x00000024   Code   RO         1829    i.ip_reass_dequeue_datagram  ip_frag.o
    0x0800319c   0x00000070   Code   RO         1830    i.ip_reass_free_complete_datagram  ip_frag.o
    0x0800320c   0x0000006c   Code   RO         1831    i.ip_reass_remove_oldest_datagram  ip_frag.o
    0x08003278   0x00000048   Code   RO         1767    i.ip_route          ip.o
    0x080032c0   0x00000074   Code   RO         1976    i.low_level_init    ethernetif.o
    0x08003334   0x00000080   Code   RO         1977    i.low_level_input   ethernetif.o
    0x080033b4   0x00000030   Code   RO         1978    i.low_level_output  ethernetif.o
    0x080033e4   0x0000003a   Code   RO         1731    i.lwip_standard_chksum  inet_chksum.o
    0x0800341e   0x00000002   PAD
    0x08003420   0x00000048   Code   RO          153    i.main              main.o
    0x08003468   0x0000002c   Code   RO          923    i.mem_free          mem.o
    0x08003494   0x00000034   Code   RO          924    i.mem_init          mem.o
    0x080034c8   0x000000a8   Code   RO          925    i.mem_malloc        mem.o
    0x08003570   0x000000c4   Code   RO          926    i.mem_realloc       mem.o
    0x08003634   0x00000018   Code   RO          966    i.memp_free         memp.o
    0x0800364c   0x00000058   Code   RO          967    i.memp_init         memp.o
    0x080036a4   0x00000020   Code   RO          968    i.memp_malloc       memp.o
    0x080036c4   0x00000048   Code   RO         1008    i.netif_add         netif.o
    0x0800370c   0x0000000a   Code   RO         1010    i.netif_is_up       netif.o
    0x08003716   0x00000020   Code   RO         1012    i.netif_set_addr    netif.o
    0x08003736   0x00000002   PAD
    0x08003738   0x0000000c   Code   RO         1013    i.netif_set_default  netif.o
    0x08003744   0x00000008   Code   RO         1015    i.netif_set_gw      netif.o
    0x0800374c   0x00000068   Code   RO         1016    i.netif_set_ipaddr  netif.o
    0x080037b4   0x00000008   Code   RO         1017    i.netif_set_netmask  netif.o
    0x080037bc   0x0000001c   Code   RO         1018    i.netif_set_up      netif.o
    0x080037d8   0x00000004   Code   RO         1684    i.ntohl             inet.o
    0x080037dc   0x00000004   Code   RO         1685    i.ntohs             inet.o
    0x080037e0   0x00000110   Code   RO         1087    i.pbuf_alloc        pbuf.o
    0x080038f0   0x00000028   Code   RO         1088    i.pbuf_cat          pbuf.o
    0x08003918   0x00000012   Code   RO         1089    i.pbuf_chain        pbuf.o
    0x0800392a   0x00000012   Code   RO         1090    i.pbuf_clen         pbuf.o
    0x0800393c   0x00000090   Code   RO         1092    i.pbuf_copy         pbuf.o
    0x080039cc   0x00000068   Code   RO         1093    i.pbuf_copy_partial  pbuf.o
    0x08003a34   0x00000044   Code   RO         1095    i.pbuf_free         pbuf.o
    0x08003a78   0x00000060   Code   RO         1096    i.pbuf_header       pbuf.o
    0x08003ad8   0x0000004e   Code   RO         1097    i.pbuf_realloc      pbuf.o
    0x08003b26   0x0000000c   Code   RO         1098    i.pbuf_ref          pbuf.o
    0x08003b32   0x00000002   PAD
    0x08003b34   0x00000054   Code   RO          927    i.plug_holes        mem.o
    0x08003b88   0x00000068   Code   RO         1176    i.raw_input         raw.o
    0x08003bf0   0x00000040   Code   RO          557    i.strnstr           httpd.o
    0x08003c30   0x00000094   Code   RO         1242    i.tcp_abandon       tcp.o
    0x08003cc4   0x00000004   Code   RO         1243    i.tcp_accept        tcp.o
    0x08003cc8   0x00000006   Code   RO         1244    i.tcp_accept_null   tcp.o
    0x08003cce   0x00000002   PAD
    0x08003cd0   0x000000f8   Code   RO         1245    i.tcp_alloc         tcp.o
    0x08003dc8   0x00000004   Code   RO         1246    i.tcp_arg           tcp.o
    0x08003dcc   0x000000bc   Code   RO         1247    i.tcp_bind          tcp.o
    0x08003e88   0x00000098   Code   RO         1248    i.tcp_close         tcp.o
    0x08003f20   0x00000020   Code   RO         1251    i.tcp_eff_send_mss  tcp.o
    0x08003f40   0x0000033e   Code   RO         1473    i.tcp_enqueue       tcp_out.o
    0x0800427e   0x00000006   Code   RO         1252    i.tcp_err           tcp.o
    0x08004284   0x0000005c   Code   RO         1253    i.tcp_fasttmr       tcp.o
    0x080042e0   0x000002f0   Code   RO         1425    i.tcp_input         tcp_in.o
    0x080045d0   0x00000046   Code   RO         1474    i.tcp_keepalive     tcp_out.o
    0x08004616   0x00000002   PAD
    0x08004618   0x000000e8   Code   RO         1426    i.tcp_listen_input  tcp_in.o
    0x08004700   0x00000080   Code   RO         1254    i.tcp_listen_with_backlog  tcp.o
    0x08004780   0x00000006   Code   RO         1255    i.tcp_new           tcp.o
    0x08004786   0x00000002   PAD
    0x08004788   0x00000060   Code   RO         1256    i.tcp_new_port      tcp.o
    0x080047e8   0x00000010   Code   RO         1257    i.tcp_next_iss      tcp.o
    0x080047f8   0x000001ac   Code   RO         1475    i.tcp_output        tcp_out.o
    0x080049a4   0x000000b4   Code   RO         1476    i.tcp_output_segment  tcp_out.o
    0x08004a58   0x0000007c   Code   RO         1477    i.tcp_output_set_header  tcp_out.o
    0x08004ad4   0x00000080   Code   RO         1427    i.tcp_parseopt      tcp_in.o
    0x08004b54   0x00000030   Code   RO         1258    i.tcp_pcb_purge     tcp.o
    0x08004b84   0x0000005c   Code   RO         1259    i.tcp_pcb_remove    tcp.o
    0x08004be0   0x0000000a   Code   RO         1260    i.tcp_poll          tcp.o
    0x08004bea   0x00000002   PAD
    0x08004bec   0x00000350   Code   RO         1428    i.tcp_process       tcp_in.o
    0x08004f3c   0x00000438   Code   RO         1429    i.tcp_receive       tcp_in.o
    0x08005374   0x00000006   Code   RO         1261    i.tcp_recv          tcp.o
    0x0800537a   0x00000024   Code   RO         1262    i.tcp_recv_null     tcp.o
    0x0800539e   0x0000003c   Code   RO         1263    i.tcp_recved        tcp.o
    0x080053da   0x00000048   Code   RO         1478    i.tcp_rexmit        tcp_out.o
    0x08005422   0x0000005a   Code   RO         1479    i.tcp_rexmit_fast   tcp_out.o
    0x0800547c   0x0000002e   Code   RO         1480    i.tcp_rexmit_rto    tcp_out.o
    0x080054aa   0x0000009c   Code   RO         1481    i.tcp_rst           tcp_out.o
    0x08005546   0x00000020   Code   RO         1264    i.tcp_seg_free      tcp.o
    0x08005566   0x0000001a   Code   RO         1265    i.tcp_segs_free     tcp.o
    0x08005580   0x00000016   Code   RO         1482    i.tcp_send_ctrl     tcp_out.o
    0x08005596   0x00000056   Code   RO         1483    i.tcp_send_empty_ack  tcp_out.o
    0x080055ec   0x00000006   Code   RO         1266    i.tcp_sent          tcp.o
    0x080055f2   0x00000004   Code   RO         1267    i.tcp_setprio       tcp.o
    0x080055f6   0x00000002   PAD
    0x080055f8   0x0000022c   Code   RO         1268    i.tcp_slowtmr       tcp.o
    0x08005824   0x0000006c   Code   RO         1430    i.tcp_timewait_input  tcp_in.o
    0x08005890   0x00000020   Code   RO         1269    i.tcp_tmr           tcp.o
    0x080058b0   0x00000034   Code   RO         1270    i.tcp_update_rcv_ann_wnd  tcp.o
    0x080058e4   0x0000002e   Code   RO         1484    i.tcp_write         tcp_out.o
    0x08005912   0x00000090   Code   RO         1485    i.tcp_zero_window_probe  tcp_out.o
    0x080059a2   0x00000002   PAD
    0x080059a4   0x0000005c   Code   RO         1555    i.udp_bind          udp.o
    0x08005a00   0x00000190   Code   RO         1558    i.udp_input         udp.o
    0x08005b90   0x000000b0   Code   RO         1564    i.udp_sendto_if     udp.o
    0x08005c40   0x000000a8   Code   RO         1885    i.update_arp_entry  etharp.o
    0x08005ce8   0x00000c57   Data   RO          406    .constdata          fs.o
    0x0800693f   0x00000aba   Data   RO          407    .constdata          fs.o
    0x080073f9   0x00002287   Data   RO          408    .constdata          fs.o
    0x08009680   0x000004db   Data   RO          409    .constdata          fs.o
    0x08009b5b   0x000029e7   Data   RO          410    .constdata          fs.o
    0x0800c542   0x00000fce   Data   RO          411    .constdata          fs.o
    0x0800d510   0x00000fe8   Data   RO          412    .constdata          fs.o
    0x0800e4f8   0x00000014   Data   RO          413    .constdata          fs.o
    0x0800e50c   0x00000014   Data   RO          414    .constdata          fs.o
    0x0800e520   0x00000014   Data   RO          415    .constdata          fs.o
    0x0800e534   0x00000014   Data   RO          416    .constdata          fs.o
    0x0800e548   0x00000014   Data   RO          417    .constdata          fs.o
    0x0800e55c   0x00000014   Data   RO          418    .constdata          fs.o
    0x0800e570   0x00000014   Data   RO          419    .constdata          fs.o
    0x0800e584   0x00000008   Data   RO          487    .constdata          httpd_cgi_ssi.o
    0x0800e58c   0x00000030   Data   RO          559    .constdata          httpd.o
    0x0800e5bc   0x00000024   Data   RO          970    .constdata          memp.o
    0x0800e5e0   0x00000014   Data   RO         1271    .constdata          tcp.o
    0x0800e5f4   0x00000004   Data   RO         1804    .constdata          ip_addr.o
    0x0800e5f8   0x00000004   Data   RO         1805    .constdata          ip_addr.o
    0x0800e5fc   0x0000000c   Data   RO         1887    .constdata          etharp.o
    0x0800e608   0x00000050   Data   RO         4264    .constdata          stm32_eval.o
    0x0800e658   0x00000002   Data   RO          488    .conststring        httpd_cgi_ssi.o
    0x0800e65a   0x0000000a   Data   RO          489    .conststring        httpd_cgi_ssi.o
    0x0800e664   0x0000004a   Data   RO          560    .conststring        httpd.o
    0x0800e6ae   0x00000068   Data   RO         1272    .conststring        tcp.o
    0x0800e716   0x00000002   PAD
    0x0800e718   0x00000020   Data   RO         4669    Region$$Table       anon$$obj.o


    Execution Region RW_IRAM1 (Base: 0x20000000, Size: 0x000081e8, Max: 0x00020000, ABSOLUTE, COMPRESSED[0x0000006c])

    Base Addr    Size         Type   Attr      Idx    E Section Name        Object

    0x20000000   0x00000008   Data   RW          154    .data               main.o
    0x20000008   0x00000008   Data   RW          235    .data               netconf.o
    0x20000010   0x00000010   Data   RW          490    .data               httpd_cgi_ssi.o
    0x20000020   0x00000004   Data   RW          491    .data               httpd_cgi_ssi.o
    0x20000024   0x00000024   Data   RW          561    .data               httpd.o
    0x20000048   0x00000004   Data   RW          737    .data               dhcp.o
    0x2000004c   0x00000010   Data   RW          929    .data               mem.o
    0x2000005c   0x0000000c   Data   RW         1019    .data               netif.o
    0x20000068   0x00000004   Data   RW         1182    .data               raw.o
    0x2000006c   0x0000004c   Data   RW         1273    .data               tcp.o
    0x200000b8   0x0000001c   Data   RW         1432    .data               tcp_in.o
    0x200000d4   0x00000004   Data   RW         1565    .data               udp.o
    0x200000d8   0x0000000c   Data   RW         1768    .data               ip.o
    0x200000e4   0x00000008   Data   RW         1834    .data               ip_frag.o
    0x200000ec   0x00000001   Data   RW         1888    .data               etharp.o
    0x200000ed   0x00000010   Data   RW         3072    .data               stm32f2xx_rcc.o
    0x200000fd   0x00000003   PAD
    0x20000100   0x0000000c   Data   RW         3821    .data               stm32f2x7_eth.o
    0x2000010c   0x0000002c   Data   RW         4265    .data               stm32_eval.o
    0x20000138   0x00000034   Zero   RW          234    .bss                netconf.o
    0x2000016c   0x000000f0   Zero   RW          405    .bss                fs.o
    0x2000025c   0x00000400   Zero   RW          558    .bss                httpd.o
    0x2000065c   0x00002814   Zero   RW          928    .bss                mem.o
    0x20002e70   0x00002437   Zero   RW          969    .bss                memp.o
    0x200052a7   0x00000001   PAD
    0x200052a8   0x00000014   Zero   RW         1431    .bss                tcp_in.o
    0x200052bc   0x000005e0   Zero   RW         1833    .bss                ip_frag.o
    0x2000589c   0x000000c8   Zero   RW         1886    .bss                etharp.o
    0x20005964   0x00000080   Zero   RW         3816    .bss                stm32f2x7_eth.o
    0x200059e4   0x00000040   Zero   RW         3817    .bss                stm32f2x7_eth.o
    0x20005a24   0x000017d0   Zero   RW         3818    .bss                stm32f2x7_eth.o
    0x200071f4   0x00000be8   Zero   RW         3819    .bss                stm32f2x7_eth.o
    0x20007ddc   0x0000000c   Zero   RW         3820    .bss                stm32f2x7_eth.o
    0x20007de8   0x00000400   Zero   RW          142    STACK               startup_stm32f2xx.o

