ARM Linker, 4.1 [Build 894] [Professional][RL-ARM]

==============================================================================

Section Cross References

    system_stm32f2xx.o(i.SystemCoreClockUpdate) refers to system_stm32f2xx.o(.data) for .data
    system_stm32f2xx.o(i.SystemInit) refers to system_stm32f2xx.o(i.SetSysClock) for SetSysClock
    startup_stm32f2xx.o(RESET) refers to startup_stm32f2xx.o(STACK) for __initial_sp
    startup_stm32f2xx.o(RESET) refers to startup_stm32f2xx.o(.text) for Reset_Handler
    startup_stm32f2xx.o(RESET) refers to stm32f2xx_it.o(i.NMI_Handler) for NMI_Handler
    startup_stm32f2xx.o(RESET) refers to stm32f2xx_it.o(i.HardFault_Handler) for HardFault_Handler
    startup_stm32f2xx.o(RESET) refers to stm32f2xx_it.o(i.MemManage_Handler) for MemManage_Handler
    startup_stm32f2xx.o(RESET) refers to stm32f2xx_it.o(i.BusFault_Handler) for BusFault_Handler
    startup_stm32f2xx.o(RESET) refers to stm32f2xx_it.o(i.UsageFault_Handler) for UsageFault_Handler
    startup_stm32f2xx.o(RESET) refers to stm32f2xx_it.o(i.SVC_Handler) for SVC_Handler
    startup_stm32f2xx.o(RESET) refers to stm32f2xx_it.o(i.DebugMon_Handler) for DebugMon_Handler
    startup_stm32f2xx.o(RESET) refers to stm32f2xx_it.o(i.PendSV_Handler) for PendSV_Handler
    startup_stm32f2xx.o(RESET) refers to stm32f2xx_it.o(i.SysTick_Handler) for SysTick_Handler
    startup_stm32f2xx.o(RESET) refers to stm32f2xx_it.o(i.SDIO_IRQHandler) for SDIO_IRQHandler
    startup_stm32f2xx.o(.text) refers to system_stm32f2xx.o(i.SystemInit) for SystemInit
    startup_stm32f2xx.o(.text) refers to entry.o(.ARM.Collect$$$$00000000) for __main
    main.o(i.Delay) refers to main.o(.data) for .data
    main.o(i.LCD_LED_Init) refers to stm32_eval.o(i.STM_EVAL_LEDInit) for STM_EVAL_LEDInit
    main.o(i.Time_Update) refers to main.o(.data) for .data
    main.o(i.main) refers to main.o(i.LCD_LED_Init) for LCD_LED_Init
    main.o(i.main) refers to stm32f2x7_eth_bsp.o(i.ETH_BSP_Config) for ETH_BSP_Config
    main.o(i.main) refers to netconf.o(i.LwIP_Init) for LwIP_Init
    main.o(i.main) refers to tftpserver.o(i.tftpd_init) for tftpd_init
    main.o(i.main) refers to stm32f2x7_eth.o(i.ETH_CheckFrameReceived) for ETH_CheckFrameReceived
    main.o(i.main) refers to netconf.o(i.LwIP_Pkt_Handle) for LwIP_Pkt_Handle
    main.o(i.main) refers to netconf.o(i.LwIP_Periodic_Handle) for LwIP_Periodic_Handle
    main.o(i.main) refers to main.o(.data) for .data
    netconf.o(i.LwIP_Init) refers to mem.o(i.mem_init) for mem_init
    netconf.o(i.LwIP_Init) refers to memp.o(i.memp_init) for memp_init
    netconf.o(i.LwIP_Init) refers to inet.o(i.htonl) for htonl
    netconf.o(i.LwIP_Init) refers to netif.o(i.netif_add) for netif_add
    netconf.o(i.LwIP_Init) refers to netif.o(i.netif_set_default) for netif_set_default
    netconf.o(i.LwIP_Init) refers to netif.o(i.netif_set_up) for netif_set_up
    netconf.o(i.LwIP_Init) refers to etharp.o(i.ethernet_input) for ethernet_input
    netconf.o(i.LwIP_Init) refers to ethernetif.o(i.ethernetif_init) for ethernetif_init
    netconf.o(i.LwIP_Init) refers to netconf.o(.bss) for .bss
    netconf.o(i.LwIP_Periodic_Handle) refers to tcp.o(i.tcp_tmr) for tcp_tmr
    netconf.o(i.LwIP_Periodic_Handle) refers to etharp.o(i.etharp_tmr) for etharp_tmr
    netconf.o(i.LwIP_Periodic_Handle) refers to netconf.o(.data) for .data
    netconf.o(i.LwIP_Pkt_Handle) refers to ethernetif.o(i.ethernetif_input) for ethernetif_input
    netconf.o(i.LwIP_Pkt_Handle) refers to netconf.o(.bss) for .bss
    stm32f2x7_eth_bsp.o(i.ETH_BSP_Config) refers to stm32f2x7_eth_bsp.o(i.ETH_GPIO_Config) for ETH_GPIO_Config
    stm32f2x7_eth_bsp.o(i.ETH_BSP_Config) refers to stm32f2x7_eth_bsp.o(i.ETH_MACDMA_Config) for ETH_MACDMA_Config
    stm32f2x7_eth_bsp.o(i.ETH_BSP_Config) refers to misc.o(i.SysTick_CLKSourceConfig) for SysTick_CLKSourceConfig
    stm32f2x7_eth_bsp.o(i.ETH_BSP_Config) refers to stm32f2xx_rcc.o(i.RCC_GetClocksFreq) for RCC_GetClocksFreq
    stm32f2x7_eth_bsp.o(i.ETH_GPIO_Config) refers to stm32f2xx_rcc.o(i.RCC_AHB1PeriphClockCmd) for RCC_AHB1PeriphClockCmd
    stm32f2x7_eth_bsp.o(i.ETH_GPIO_Config) refers to stm32f2xx_rcc.o(i.RCC_APB2PeriphClockCmd) for RCC_APB2PeriphClockCmd
    stm32f2x7_eth_bsp.o(i.ETH_GPIO_Config) refers to stm32f2xx_gpio.o(i.GPIO_Init) for GPIO_Init
    stm32f2x7_eth_bsp.o(i.ETH_GPIO_Config) refers to stm32f2xx_rcc.o(i.RCC_MCO1Config) for RCC_MCO1Config
    stm32f2x7_eth_bsp.o(i.ETH_GPIO_Config) refers to stm32f2xx_syscfg.o(i.SYSCFG_ETH_MediaInterfaceConfig) for SYSCFG_ETH_MediaInterfaceConfig
    stm32f2x7_eth_bsp.o(i.ETH_GPIO_Config) refers to stm32f2xx_gpio.o(i.GPIO_PinAFConfig) for GPIO_PinAFConfig
    stm32f2x7_eth_bsp.o(i.ETH_MACDMA_Config) refers to stm32f2xx_rcc.o(i.RCC_AHB1PeriphClockCmd) for RCC_AHB1PeriphClockCmd
    stm32f2x7_eth_bsp.o(i.ETH_MACDMA_Config) refers to stm32f2x7_eth.o(i.ETH_DeInit) for ETH_DeInit
[...]
    i.tcp_enqueue                            0x08004e88   Section        0  tcp_out.o(i.tcp_enqueue)
    i.tcp_fasttmr                            0x080051cc   Section        0  tcp.o(i.tcp_fasttmr)
    i.tcp_input                              0x08005228   Section        0  tcp_in.o(i.tcp_input)
    i.tcp_keepalive                          0x08005520   Section        0  tcp_out.o(i.tcp_keepalive)
    i.tcp_listen_input                       0x08005568   Section        0  tcp_in.o(i.tcp_listen_input)
    tcp_listen_input                         0x08005569   Thumb Code   222  tcp_in.o(i.tcp_listen_input)
    i.tcp_next_iss                           0x08005650   Section        0  tcp.o(i.tcp_next_iss)
    i.tcp_output                             0x08005660   Section        0  tcp_out.o(i.tcp_output)
    i.tcp_output_segment                     0x08005814   Section        0  tcp_out.o(i.tcp_output_segment)
    tcp_output_segment                       0x08005815   Thumb Code   170  tcp_out.o(i.tcp_output_segment)
    i.tcp_output_set_header                  0x080058c8   Section        0  tcp_out.o(i.tcp_output_set_header)
    tcp_output_set_header                    0x080058c9   Thumb Code   124  tcp_out.o(i.tcp_output_set_header)
    i.tcp_parseopt                           0x08005944   Section        0  tcp_in.o(i.tcp_parseopt)
    tcp_parseopt                             0x08005945   Thumb Code   120  tcp_in.o(i.tcp_parseopt)
    i.tcp_pcb_purge                          0x080059c0   Section        0  tcp.o(i.tcp_pcb_purge)
    i.tcp_pcb_remove                         0x080059f0   Section        0  tcp.o(i.tcp_pcb_remove)
    i.tcp_process                            0x08005a4c   Section        0  tcp_in.o(i.tcp_process)
    tcp_process                              0x08005a4d   Thumb Code   826  tcp_in.o(i.tcp_process)
    i.tcp_receive                            0x08005d9c   Section        0  tcp_in.o(i.tcp_receive)
    tcp_receive                              0x08005d9d   Thumb Code  1084  tcp_in.o(i.tcp_receive)
    i.tcp_recv_null                          0x080061d8   Section        0  tcp.o(i.tcp_recv_null)
    i.tcp_recved                             0x080061fc   Section        0  tcp.o(i.tcp_recved)
    i.tcp_rexmit                             0x08006238   Section        0  tcp_out.o(i.tcp_rexmit)
    i.tcp_rexmit_fast                        0x08006286   Section        0  tcp_out.o(i.tcp_rexmit_fast)
    i.tcp_rexmit_rto                         0x080062dc   Section        0  tcp_out.o(i.tcp_rexmit_rto)
    i.tcp_rst                                0x0800630a   Section        0  tcp_out.o(i.tcp_rst)
    i.tcp_seg_free                           0x080063a6   Section        0  tcp.o(i.tcp_seg_free)
    i.tcp_segs_free                          0x080063c6   Section        0  tcp.o(i.tcp_segs_free)
    i.tcp_send_ctrl                          0x080063e0   Section        0  tcp_out.o(i.tcp_send_ctrl)
    i.tcp_send_empty_ack                     0x080063f6   Section        0  tcp_out.o(i.tcp_send_empty_ack)
    i.tcp_slowtmr                            0x0800644c   Section        0  tcp.o(i.tcp_slowtmr)
    i.tcp_timewait_input                     0x08006674   Section        0  tcp_in.o(i.tcp_timewait_input)
    tcp_timewait_input                       0x08006675   Thumb Code   100  tcp_in.o(i.tcp_timewait_input)
    i.tcp_tmr                                0x080066e0   Section        0  tcp.o(i.tcp_tmr)
    i.tcp_update_rcv_ann_wnd                 0x08006700   Section        0  tcp.o(i.tcp_update_rcv_ann_wnd)
    i.tcp_zero_window_probe                  0x08006736   Section        0  tcp_out.o(i.tcp_zero_window_probe)
    i.tftp_cleanup_rd                        0x080067c8   Section        0  tftpserver.o(i.tftp_cleanup_rd)
    i.tftp_cleanup_wr                        0x0800680c   Section        0  tftpserver.o(i.tftp_cleanup_wr)
    i.tftp_construct_error_message           0x08006850   Section        0  tftpserver.o(i.tftp_construct_error_message)
    i.tftp_decode_op                         0x08006880   Section        0  tftputils.o(i.tftp_decode_op)
    i.tftp_extract_block                     0x08006884   Section        0  tftputils.o(i.tftp_extract_block)
    i.tftp_extract_filename                  0x0800688a   Section        0  tftputils.o(i.tftp_extract_filename)
    i.tftp_is_correct_ack                    0x08006890   Section        0  tftputils.o(i.tftp_is_correct_ack)
    i.tftp_process_read                      0x080068ac   Section        0  tftpserver.o(i.tftp_process_read)
    i.tftp_process_write                     0x08006924   Section        0  tftpserver.o(i.tftp_process_write)
    i.tftp_send_ack_packet                   0x08006998   Section        0  tftpserver.o(i.tftp_send_ack_packet)
    i.tftp_send_data_packet                  0x080069c8   Section        0  tftpserver.o(i.tftp_send_data_packet)
    i.tftp_send_error_message                0x08006a0e   Section        0  tftpserver.o(i.tftp_send_error_message)
    i.tftp_send_message                      0x08006a36   Section        0  tftpserver.o(i.tftp_send_message)
    i.tftp_send_next_block                   0x08006a7c   Section        0  tftpserver.o(i.tftp_send_next_block)
    i.tftp_set_block                         0x08006ab8   Section        0  tftputils.o(i.tftp_set_block)
    i.tftp_set_data_message                  0x08006ac6   Section        0  tftputils.o(i.tftp_set_data_message)
    i.tftp_set_errorcode                     0x08006acc   Section        0  tftputils.o(i.tftp_set_errorcode)
    i.tftp_set_errormsg                      0x08006ad4   Section        0  tftputils.o(i.tftp_set_errormsg)
    i.tftp_set_opcode                        0x08006ada   Section        0  tftputils.o(i.tftp_set_opcode)
    i.tftpd_init                             0x08006ae4   Section        0  tftpserver.o(i.tftpd_init)
    i.udp_bind                               0x08006b50   Section        0  udp.o(i.udp_bind)
    i.udp_disconnect                         0x08006bac   Section        0  udp.o(i.udp_disconnect)
    i.udp_input                              0x08006bc4   Section        0  udp.o(i.udp_input)
    i.udp_new                                0x08006d28   Section        0  udp.o(i.udp_new)
    i.udp_recv                               0x08006d42   Section        0  udp.o(i.udp_recv)
    i.udp_remove                             0x08006d48   Section        0  udp.o(i.udp_remove)
    i.udp_sendto                             0x08006d74   Section        0  udp.o(i.udp_sendto)
    i.udp_sendto_if                          0x08006d9c   Section        0  udp.o(i.udp_sendto_if)
    i.update_arp_entry                       0x08006e4c   Section        0  etharp.o(i.update_arp_entry)
    update_arp_entry                         0x08006e4d   Thumb Code   162  etharp.o(i.update_arp_entry)
    i.validate                               0x08006ef4   Section        0  ff.o(i.validate)
    validate                                 0x08006ef5   Thumb Code    32  ff.o(i.validate)
    i.wrq_recv_callback                      0x08006f14   Section        0  tftpserver.o(i.wrq_recv_callback)
    .constdata                               0x08006fd8   Section       36  memp.o(.constdata)
    memp_sizes                               0x08006fd8   Data          18  memp.o(.constdata)
    memp_num                                 0x08006fea   Data          18  memp.o(.constdata)
    .constdata                               0x08006ffc   Section       20  tcp.o(.constdata)
    .constdata                               0x08007010   Section        4  ip_addr.o(.constdata)
    .constdata                               0x08007014   Section        4  ip_addr.o(.constdata)
    .constdata                               0x08007018   Section       12  etharp.o(.constdata)
    .constdata                               0x08007024   Section       80  stm32_eval.o(.constdata)
    .conststring                             0x08007074   Section      125  tftpserver.o(.conststring)
    .conststring                             0x080070f1   Section      104  tcp.o(.conststring)
    .data                                    0x20000000   Section        8  main.o(.data)
    .data                                    0x20000008   Section        8  netconf.o(.data)
    .data                                    0x20000010   Section       36  tftpserver.o(.data)
    .data                                    0x20000034   Section        4  dhcp.o(.data)
    xid                                      0x20000034   Data           4  dhcp.o(.data)
    .data                                    0x20000038   Section       16  mem.o(.data)
    mem_sem                                  0x20000038   Data           1  mem.o(.data)
    ram                                      0x2000003c   Data           4  mem.o(.data)
    ram_end                                  0x20000040   Data           4  mem.o(.data)
    lfree                                    0x20000044   Data           4  mem.o(.data)
    .data                                    0x20000048   Section       12  netif.o(.data)
    netifnum                                 0x20000048   Data           1  netif.o(.data)
    .data                                    0x20000054   Section        4  raw.o(.data)
    raw_pcbs                                 0x20000054   Data           4  raw.o(.data)
    .data                                    0x20000058   Section       76  tcp.o(.data)
    tcp_timer                                0x20000058   Data           1  tcp.o(.data)
    port                                     0x2000005a   Data           2  tcp.o(.data)
    iss                                      0x2000005c   Data           4  tcp.o(.data)
    .data                                    0x200000a4   Section       28  tcp_in.o(.data)
    flags                                    0x200000a4   Data           1  tcp_in.o(.data)
    recv_flags                               0x200000a5   Data           1  tcp_in.o(.data)
    tcplen                                   0x200000a6   Data           2  tcp_in.o(.data)
    tcphdr                                   0x200000a8   Data           4  tcp_in.o(.data)
    iphdr                                    0x200000ac   Data           4  tcp_in.o(.data)
    seqno                                    0x200000b0   Data           4  tcp_in.o(.data)
    ackno                                    0x200000b4   Data           4  tcp_in.o(.data)
    recv_data                                0x200000b8   Data           4  tcp_in.o(.data)
    .data                                    0x200000c0   Section        4  udp.o(.data)
    .data                                    0x200000c4   Section       12  ip.o(.data)
    ip_id                                    0x200000c4   Data           2  ip.o(.data)
    .data                                    0x200000d0   Section        8  ip_frag.o(.data)
    ip_reass_pbufcount                       0x200000d0   Data           2  ip_frag.o(.data)
    reassdatagrams                           0x200000d4   Data           4  ip_frag.o(.data)
    .data                                    0x200000d8   Section        1  etharp.o(.data)
    etharp_cached_entry                      0x200000d8   Data           1  etharp.o(.data)
    .data                                    0x200000dc   Section        8  ff.o(.data)
    Fsid                                     0x200000dc   Data           2  ff.o(.data)
    FatFs                                    0x200000e0   Data           4  ff.o(.data)
    .data                                    0x200000e4   Section       16  stm32f2xx_rcc.o(.data)
    APBAHBPrescTable                         0x200000e4   Data          16  stm32f2xx_rcc.o(.data)
    .data                                    0x200000f4   Section       12  stm32f2x7_eth.o(.data)
    .data                                    0x20000100   Section       44  stm32_eval.o(.data)
    .data                                    0x2000012c   Section       20  stm32_eval_sdio_sd.o(.data)
    CardType                                 0x20000130   Data           4  stm32_eval_sdio_sd.o(.data)
    RCA                                      0x20000134   Data           4  stm32_eval_sdio_sd.o(.data)
    .data                                    0x20000140   Section        4  stdout.o(.data)
    .bss                                     0x20000144   Section       52  netconf.o(.bss)
    .bss                                     0x20000178   Section     2312  tftpserver.o(.bss)
    .bss                                     0x20000a80   Section    10260  mem.o(.bss)
    ram_heap                                 0x20000a80   Data       10260  mem.o(.bss)
    .bss                                     0x20003294   Section    16695  memp.o(.bss)
    memp_tab                                 0x20003294   Data          36  memp.o(.bss)
    memp_memory                              0x200032b8   Data       16659  memp.o(.bss)
    .bss                                     0x200073cc   Section       20  tcp_in.o(.bss)
    inseg                                    0x200073cc   Data          20  tcp_in.o(.bss)
    .bss                                     0x200073e0   Section     1504  ip_frag.o(.bss)
    buf                                      0x200073e0   Data        1504  ip_frag.o(.bss)
    .bss                                     0x200079c0   Section      200  etharp.o(.bss)
    arp_table                                0x200079c0   Data         200  etharp.o(.bss)
    .bss                                     0x20007a88   Section      160  stm32f2x7_eth.o(.bss)
    .bss                                     0x20007b28   Section      160  stm32f2x7_eth.o(.bss)
    .bss                                     0x20007bc8   Section     7620  stm32f2x7_eth.o(.bss)
    .bss                                     0x2000998c   Section     7620  stm32f2x7_eth.o(.bss)
    .bss                                     0x2000b750   Section       12  stm32f2x7_eth.o(.bss)
    .bss                                     0x2000b75c   Section      196  stm32_eval_sdio_sd.o(.bss)
    CSD_Tab                                  0x2000b75c   Data          16  stm32_eval_sdio_sd.o(.bss)
    CID_Tab                                  0x2000b76c   Data          16  stm32_eval_sdio_sd.o(.bss)
    SDSTATUS_Tab                             0x2000b77c   Data          16  stm32_eval_sdio_sd.o(.bss)
    STACK                                    0x2000b820   Section     1024  startup_stm32f2xx.o(STACK)

    Global Symbols

    Symbol Name                              Value     Ov Type        Size  Object(Section)

    BuildAttributes$$THM_ISAv4$P$D$K$B$S$PE$A:L22UL41UL21$X:L11$S22US41US21$IEEE1$IW$USESV6$~STKCKD$USESV7$~SHL$OSPACE$ROPI$EBA8$MICROLIB$REQ8$PRES8$EABIv2 0x00000000   Number         0  anon$$obj.o ABSOLUTE
    __ARM_use_no_argv                        0x00000000   Number         0  main.o ABSOLUTE
    _clock_init                               - Undefined Weak Reference
    __Vectors_Size                           0x00000184   Number         0  startup_stm32f2xx.o ABSOLUTE
    __Vectors                                0x08000000   Data           4  startup_stm32f2xx.o(RESET)
    __Vectors_End                            0x08000184   Data           0  startup_stm32f2xx.o(RESET)
    __main                                   0x08000185   Thumb Code     0  entry.o(.ARM.Collect$$$$00000000)
    _main_stk                                0x08000185   Thumb Code     0  entry2.o(.ARM.Collect$$$$00000001)
    _main_scatterload                        0x08000189   Thumb Code     0  entry5.o(.ARM.Collect$$$$00000004)
    __main_after_scatterload                 0x0800018d   Thumb Code     0  entry5.o(.ARM.Collect$$$$00000004)
    _main_clock                              0x0800018d   Thumb Code     0  entry7b.o(.ARM.Collect$$$$00000008)
    _main_init                               0x0800018d   Thumb Code     0  entry8.o(.ARM.Collect$$$$00000009)
    Reset_Handler                            0x08000199   Thumb Code     8  startup_stm32f2xx.o(.text)
    ADC_IRQHandler                           0x080001b3   Thumb Code     0  startup_stm32f2xx.o(.text)
    CAN1_RX0_IRQHandler                      0x080001b3   Thumb Code     0  startup_stm32f2xx.o(.text)
    CAN1_RX1_IRQHandler                      0x080001b3   Thumb Code     0  startup_stm32f2xx.o(.text)
    CAN1_SCE_IRQHandler                      0x080001b3   Thumb Code     0  startup_stm32f2xx.o(.text)
    CAN1_TX_IRQHandler                       0x080001b3   Thumb Code     0  startup_stm32f2xx.o(.text)
    CAN2_RX0_IRQHandler                      0x080001b3   Thumb Code     0  startup_stm32f2xx.o(.text)
    CAN2_RX1_IRQHandler                      0x080001b3   Thumb Code     0  startup_stm32f2xx.o(.text)
    CAN2_SCE_IRQHandler                      0x080001b3   Thumb Code     0  startup_stm32f2xx.o(.text)
    CAN2_TX_IRQHandler                       0x080001b3   Thumb Code     0  startup_stm32f2xx.o(.text)
    CRYP_IRQHandler                          0x080001b3   Thumb Code     0  startup_stm32f2xx.o(.text)
    DCMI_IRQHandler                          0x080001b3   Thumb Code     0  startup_stm32f2xx.o(.text)
    DMA1_Stream0_IRQHandler                  0x080001b3   Thumb Code     0  startup_stm32f2xx.o(.text)
    DMA1_Stream1_IRQHandler                  0x080001b3   Thumb Code     0  startup_stm32f2xx.o(.text)
    DMA1_Stream2_IRQHandler                  0x080001b3   Thumb Code     0  startup_stm32f2xx.o(.text)
    DMA1_Stream3_IRQHandler                  0x080001b3   Thumb Code     0  startup_stm32f2xx.o(.text)
    DMA1_Stream4_IRQHandler                  0x080001b3   Thumb Code     0  startup_stm32f2xx.o(.text)
    DMA1_Stream5_IRQHandler                  0x080001b3   Thumb Code     0  startup_stm32f2xx.o(.text)
    DMA1_Stream6_IRQHandler                  0x080001b3   Thumb Code     0  startup_stm32f2xx.o(.text)
    DMA1_Stream7_IRQHandler                  0x080001b3   Thumb Code     0  startup_stm32f2xx.o(.text)
    DMA2_Stream0_IRQHandler                  0x080001b3   Thumb Code     0  startup_stm32f2xx.o(.text)
    DMA2_Stream1_IRQHandler                  0x080001b3   Thumb Code     0  startup_stm32f2xx.o(.text)
    DMA2_Stream2_IRQHandler                  0x080001b3   Thumb Code     0  startup_stm32f2xx.o(.text)
    DMA2_Stream3_IRQHandler                  0x080001b3   Thumb Code     0  startup_stm32f2xx.o(.text)
    DMA2_Stream4_IRQHandler                  0x080001b3   Thumb Code     0  startup_stm32f2xx.o(.text)
    DMA2_Stream5_IRQHandler                  0x080001b3   Thumb Code     0  startup_stm32f2xx.o(.text)
    DMA2_Stream6_IRQHandler                  0x080001b3   Thumb Code     0  startup_stm32f2xx.o(.text)
    DMA2_Stream7_IRQHandler                  0x080001b3   Thumb Code     0  startup_stm32f2xx.o(.text)
    ETH_IRQHandler                           0x080001b3   Thumb Code     0  startup_stm32f2xx.o(.text)
    ETH_WKUP_IRQHandler                      0x080001b3   Thumb Code     0  startup_stm32f2xx.o(.text)
    EXTI0_IRQHandler                         0x080001b3   Thumb Code     0  startup_stm32f2xx.o(.text)
    EXTI15_10_IRQHandler                     0x080001b3   Thumb Code     0  startup_stm32f2xx.o(.text)
    EXTI1_IRQHandler                         0x080001b3   Thumb Code     0  startup_stm32f2xx.o(.text)
    EXTI2_IRQHandler                         0x080001b3   Thumb Code     0  startup_stm32f2xx.o(.text)
    EXTI3_IRQHandler                         0x080001b3   Thumb Code     0  startup_stm32f2xx.o(.text)
    EXTI4_IRQHandler                         0x080001b3   Thumb Code     0  startup_stm32f2xx.o(.text)
    EXTI9_5_IRQHandler                       0x080001b3   Thumb Code     0  startup_stm32f2xx.o(.text)
    FLASH_IRQHandler                         0x080001b3   Thumb Code     0  startup_stm32f2xx.o(.text)
    FSMC_IRQHandler                          0x080001b3   Thumb Code     0  startup_stm32f2xx.o(.text)
    HASH_RNG_IRQHandler                      0x080001b3   Thumb Code     0  startup_stm32f2xx.o(.text)
    I2C1_ER_IRQHandler                       0x080001b3   Thumb Code     0  startup_stm32f2xx.o(.text)
    I2C1_EV_IRQHandler                       0x080001b3   Thumb Code     0  startup_stm32f2xx.o(.text)
    I2C2_ER_IRQHandler                       0x080001b3   Thumb Code     0  startup_stm32f2xx.o(.text)
    I2C2_EV_IRQHandler                       0x080001b3   Thumb Code     0  startup_stm32f2xx.o(.text)
    I2C3_ER_IRQHandler                       0x080001b3   Thumb Code     0  startup_stm32f2xx.o(.text)
    I2C3_EV_IRQHandler                       0x080001b3   Thumb Code     0  startup_stm32f2xx.o(.text)
    OTG_FS_IRQHandler                        0x080001b3   Thumb Code     0  startup_stm32f2xx.o(.text)
    OTG_FS_WKUP_IRQHandler                   0x080001b3   Thumb Code     0  startup_stm32f2xx.o(.text)
    OTG_HS_EP1_IN_IRQHandler                 0x080001b3   Thumb Code     0  startup_stm32f2xx.o(.text)
    OTG_HS_EP1_OUT_IRQHandler                0x080001b3   Thumb Code     0  startup_stm32f2xx.o(.text)
    OTG_HS_IRQHandler                        0x080001b3   Thumb Code     0  startup_stm32f2xx.o(.text)
    OTG_HS_WKUP_IRQHandler                   0x080001b3   Thumb Code     0  startup_stm32f2xx.o(.text)
    PVD_IRQHandler                           0x080001b3   Thumb Code     0  startup_stm32f2xx.o(.text)
    RCC_IRQHandler                           0x080001b3   Thumb Code     0  startup_stm32f2xx.o(.text)
    RTC_Alarm_IRQHandler                     0x080001b3   Thumb Code     0  startup_stm32f2xx.o(.text)
    RTC_WKUP_IRQHandler                      0x080001b3   Thumb Code     0  startup_stm32f2xx.o(.text)
    SPI1_IRQHandler                          0x080001b3   Thumb Code     0  startup_stm32f2xx.o(.text)
    SPI2_IRQHandler                          0x080001b3   Thumb Code     0  startup_stm32f2xx.o(.text)
    SPI3_IRQHandler                          0x080001b3   Thumb Code     0  startup_stm32f2xx.o(.text)
    TAMP_STAMP_IRQHandler                    0x080001b3   Thumb Code     0  startup_stm32f2xx.o(.text)
    TIM1_BRK_TIM9_IRQHandler                 0x080001b3   Thumb Code     0  startup_stm32f2xx.o(.text)
    TIM1_CC_IRQHandler                       0x080001b3   Thumb Code     0  startup_stm32f2xx.o(.text)
    TIM1_TRG_COM_TIM11_IRQHandler            0x080001b3   Thumb Code     0  startup_stm32f2xx.o(.text)
    TIM1_UP_TIM10_IRQHandler                 0x080001b3   Thumb Code     0  startup_stm32f2xx.o(.text)
    TIM2_IRQHandler                          0x080001b3   Thumb Code     0  startup_stm32f2xx.o(.text)
    TIM3_IRQHandler                          0x080001b3   Thumb Code     0  startup_stm32f2xx.o(.text)
    TIM4_IRQHandler                          0x080001b3   Thumb Code     0  startup_stm32f2xx.o(.text)
    TIM5_IRQHandler                          0x080001b3   Thumb Code     0  startup_stm32f2xx.o(.text)
    TIM6_DAC_IRQHandler                      0x080001b3   Thumb Code     0  startup_stm32f2xx.o(.text)
    TIM7_IRQHandler                          0x080001b3   Thumb Code     0  startup_stm32f2xx.o(.text)
    TIM8_BRK_TIM12_IRQHandler                0x080001b3   Thumb Code     0  startup_stm32f2xx.o(.text)
    TIM8_CC_IRQHandler                       0x080001b3   Thumb Code     0  startup_stm32f2xx.o(.text)
    TIM8_TRG_COM_TIM14_IRQHandler            0x080001b3   Thumb Code     0  startup_stm32f2xx.o(.text)
    TIM8_UP_TIM13_IRQHandler                 0x080001b3   Thumb Code     0  startup_stm32f2xx.o(.text)
    UART4_IRQHandler                         0x080001b3   Thumb Code     0  startup_stm32f2xx.o(.text)
    UART5_IRQHandler                         0x080001b3   Thumb Code     0  startup_stm32f2xx.o(.text)
    USART1_IRQHandler                        0x080001b3   Thumb Code     0  startup_stm32f2xx.o(.text)
    USART2_IRQHandler                        0x080001b3   Thumb Code     0  startup_stm32f2xx.o(.text)
    USART3_IRQHandler                        0x080001b3   Thumb Code     0  startup_stm32f2xx.o(.text)
    USART6_IRQHandler                        0x080001b3   Thumb Code     0  startup_stm32f2xx.o(.text)
    WWDG_IRQHandler                          0x080001b3   Thumb Code     0  startup_stm32f2xx.o(.text)
    __aeabi_memcpy                           0x080001bd   Thumb Code    36  memcpya.o(.text)
    __aeabi_memcpy4                          0x080001bd   Thumb Code     0  memcpya.o(.text)
    __aeabi_memcpy8                          0x080001bd   Thumb Code     0  memcpya.o(.text)
    __aeabi_memset                           0x080001e1   Thumb Code    14  memseta.o(.text)
    __aeabi_memset4                          0x080001e1   Thumb Code     0  memseta.o(.text)
    __aeabi_memset8                          0x080001e1   Thumb Code     0  memseta.o(.text)
    __aeabi_memclr                           0x080001ef   Thumb Code     4  memseta.o(.text)
    __aeabi_memclr4                          0x080001ef   Thumb Code     0  memseta.o(.text)
    __aeabi_memclr8                          0x080001ef   Thumb Code     0  memseta.o(.text)
    _memset$wrapper                          0x080001f3   Thumb Code    20  memseta.o(.text)
    strlen                                   0x08000207   Thumb Code    16  strlen.o(.text)
    strcpy                                   0x08000217   Thumb Code    18  strcpy.o(.text)
    __scatterload                            0x08000229   Thumb Code    28  init.o(.text)
    __scatterload_rt2                        0x08000229   Thumb Code     0  init.o(.text)
    __I$use$semihosting$fputc                0x0800024d   Thumb Code     0  iusesemip.o(.text)
    __decompress                             0x0800024d   Thumb Code     0  __dczerorl2.o(.text)
    __decompress1                            0x0800024d   Thumb Code    92  __dczerorl2.o(.text)
    __semihosting_library_function           0x0800024d   Thumb Code     0  semi.o(.text)
    BusFault_Handler                         0x080002a9   Thumb Code     2  stm32f2xx_it.o(i.BusFault_Handler)
    DMA_ClearFlag                            0x08000379   Thumb Code    32  stm32f2xx_dma.o(i.DMA_ClearFlag)
    DMA_Cmd                                  0x080003a5   Thumb Code    20  stm32f2xx_dma.o(i.DMA_Cmd)
    DMA_DeInit                               0x080003b9   Thumb Code   270  stm32f2xx_dma.o(i.DMA_DeInit)
    DMA_FlowControllerConfig                 0x080004dd   Thumb Code    20  stm32f2xx_dma.o(i.DMA_FlowControllerConfig)
    DMA_GetFlagStatus                        0x080004f1   Thumb Code    40  stm32f2xx_dma.o(i.DMA_GetFlagStatus)
    DMA_Init                                 0x08000525   Thumb Code    80  stm32f2xx_dma.o(i.DMA_Init)
    DebugMon_Handler                         0x08000579   Thumb Code     2  stm32f2xx_it.o(i.DebugMon_Handler)
    ETH_BSP_Config                           0x0800057d   Thumb Code    64  stm32f2x7_eth_bsp.o(i.ETH_BSP_Config)
    ETH_CheckFrameReceived                   0x080005c1   Thumb Code    96  stm32f2x7_eth.o(i.ETH_CheckFrameReceived)
    ETH_DMAReceptionCmd                      0x08000625   Thumb Code    22  stm32f2x7_eth.o(i.ETH_DMAReceptionCmd)
    ETH_DMARxDescChainInit                   0x08000641   Thumb Code    74  stm32f2x7_eth.o(i.ETH_DMARxDescChainInit)
    ETH_DMATransmissionCmd                   0x08000699   Thumb Code    22  stm32f2x7_eth.o(i.ETH_DMATransmissionCmd)
    ETH_DMATxDescChainInit                   0x080006b5   Thumb Code    62  stm32f2x7_eth.o(i.ETH_DMATxDescChainInit)
    ETH_DMATxDescChecksumInsertionConfig     0x080006fd   Thumb Code     8  stm32f2x7_eth.o(i.ETH_DMATxDescChecksumInsertionConfig)
    ETH_DeInit                               0x08000705   Thumb Code    24  stm32f2x7_eth.o(i.ETH_DeInit)
    ETH_FlushTransmitFIFO                    0x08000729   Thumb Code    12  stm32f2x7_eth.o(i.ETH_FlushTransmitFIFO)
    ETH_GetSoftwareResetStatus               0x08000815   Thumb Code    14  stm32f2x7_eth.o(i.ETH_GetSoftwareResetStatus)
    ETH_Get_Received_Frame                   0x08000829   Thumb Code    42  stm32f2x7_eth.o(i.ETH_Get_Received_Frame)
    ETH_Init                                 0x08000859   Thumb Code   496  stm32f2x7_eth.o(i.ETH_Init)
    ETH_MACAddressConfig                     0x08000a79   Thumb Code    22  stm32f2x7_eth.o(i.ETH_MACAddressConfig)
    ETH_MACReceptionCmd                      0x08000b05   Thumb Code    22  stm32f2x7_eth.o(i.ETH_MACReceptionCmd)
    ETH_MACTransmissionCmd                   0x08000b21   Thumb Code    22  stm32f2x7_eth.o(i.ETH_MACTransmissionCmd)
    ETH_Prepare_Transmit_Descriptors         0x08000b3d   Thumb Code   164  stm32f2x7_eth.o(i.ETH_Prepare_Transmit_Descriptors)
    ETH_ReadPHYRegister                      0x08000be9   Thumb Code    70  stm32f2x7_eth.o(i.ETH_ReadPHYRegister)
    ETH_SoftwareReset                        0x08000c39   Thumb Code    12  stm32f2x7_eth.o(i.ETH_SoftwareReset)
    ETH_Start                                0x08000c49   Thumb Code    34  stm32f2x7_eth.o(i.ETH_Start)
    ETH_StructInit                           0x08000c6b   Thumb Code   136  stm32f2x7_eth.o(i.ETH_StructInit)
    ETH_WritePHYRegister                     0x08000cf5   Thumb Code    66  stm32f2x7_eth.o(i.ETH_WritePHYRegister)
    GPIO_Init                                0x08000e75   Thumb Code   124  stm32f2xx_gpio.o(i.GPIO_Init)
    GPIO_PinAFConfig                         0x08000ef1   Thumb Code    32  stm32f2xx_gpio.o(i.GPIO_PinAFConfig)
    GPIO_ReadInputDataBit                    0x08000f11   Thumb Code    14  stm32f2xx_gpio.o(i.GPIO_ReadInputDataBit)
    HardFault_Handler                        0x08000f1f   Thumb Code     2  stm32f2xx_it.o(i.HardFault_Handler)
    LCD_LED_Init                             0x08000f21   Thumb Code    30  main.o(i.LCD_LED_Init)
    LwIP_Init                                0x08000f41   Thumb Code    78  netconf.o(i.LwIP_Init)
    LwIP_Periodic_Handle                     0x08000fa1   Thumb Code    44  netconf.o(i.LwIP_Periodic_Handle)
    LwIP_Pkt_Handle                          0x08000fd1   Thumb Code     6  netconf.o(i.LwIP_Pkt_Handle)
    MemManage_Handler                        0x08000fdd   Thumb Code     2  stm32f2xx_it.o(i.MemManage_Handler)
    NMI_Handler                              0x08000fdf   Thumb Code     2  stm32f2xx_it.o(i.NMI_Handler)
    NVIC_Init                                0x08000fe1   Thumb Code    92  misc.o(i.NVIC_Init)
    NVIC_PriorityGroupConfig                 0x08001045   Thumb Code    10  misc.o(i.NVIC_PriorityGroupConfig)
    PendSV_Handler                           0x08001059   Thumb Code     2  stm32f2xx_it.o(i.PendSV_Handler)
    RCC_AHB1PeriphClockCmd                   0x0800105d   Thumb Code    18  stm32f2xx_rcc.o(i.RCC_AHB1PeriphClockCmd)
    RCC_AHB1PeriphResetCmd                   0x08001075   Thumb Code    18  stm32f2xx_rcc.o(i.RCC_AHB1PeriphResetCmd)
    RCC_APB2PeriphClockCmd                   0x0800108d   Thumb Code    18  stm32f2xx_rcc.o(i.RCC_APB2PeriphClockCmd)
    RCC_APB2PeriphResetCmd                   0x080010a5   Thumb Code    18  stm32f2xx_rcc.o(i.RCC_APB2PeriphResetCmd)
    RCC_GetClocksFreq                        0x080010bd   Thumb Code   134  stm32f2xx_rcc.o(i.RCC_GetClocksFreq)
    RCC_MCO1Config                           0x08001155   Thumb Code    16  stm32f2xx_rcc.o(i.RCC_MCO1Config)
    SDIO_ClearFlag                           0x08001229   Thumb Code     6  stm32f2xx_sdio.o(i.SDIO_ClearFlag)
    SDIO_ClearITPendingBit                   0x08001235   Thumb Code     6  stm32f2xx_sdio.o(i.SDIO_ClearITPendingBit)
    SDIO_ClockCmd                            0x08001241   Thumb Code     6  stm32f2xx_sdio.o(i.SDIO_ClockCmd)
    SDIO_DMACmd                              0x0800124d   Thumb Code     6  stm32f2xx_sdio.o(i.SDIO_DMACmd)
    SDIO_DataConfig                          0x08001259   Thumb Code    42  stm32f2xx_sdio.o(i.SDIO_DataConfig)
    SDIO_DeInit                              0x08001289   Thumb Code    24  stm32f2xx_sdio.o(i.SDIO_DeInit)
    SDIO_GetCommandResponse                  0x080012a1   Thumb Code     8  stm32f2xx_sdio.o(i.SDIO_GetCommandResponse)
    SDIO_GetFlagStatus                       0x080012ad   Thumb Code    16  stm32f2xx_sdio.o(i.SDIO_GetFlagStatus)
    SDIO_GetPowerState                       0x080012c1   Thumb Code    10  stm32f2xx_sdio.o(i.SDIO_GetPowerState)
    SDIO_GetResponse                         0x080012d1   Thumb Code     6  stm32f2xx_sdio.o(i.SDIO_GetResponse)
    SDIO_IRQHandler                          0x080012dd   Thumb Code     4  stm32f2xx_it.o(i.SDIO_IRQHandler)
    SDIO_ITConfig                            0x080012e1   Thumb Code    18  stm32f2xx_sdio.o(i.SDIO_ITConfig)
    SDIO_Init                                0x080012f9   Thumb Code    40  stm32f2xx_sdio.o(i.SDIO_Init)
    SDIO_ReadData                            0x08001325   Thumb Code     6  stm32f2xx_sdio.o(i.SDIO_ReadData)
    SDIO_SendCommand                         0x08001331   Thumb Code    36  stm32f2xx_sdio.o(i.SDIO_SendCommand)
    SDIO_SetPowerState                       0x08001359   Thumb Code    18  stm32f2xx_sdio.o(i.SDIO_SetPowerState)
    SD_DMAEndOfTransferStatus                0x08001371   Thumb Code    10  stm32_eval.o(i.SD_DMAEndOfTransferStatus)
    SD_Detect                                0x08001381   Thumb Code    20  stm32_eval_sdio_sd.o(i.SD_Detect)
    SD_EnableWideBusOperation                0x08001399   Thumb Code   106  stm32_eval_sdio_sd.o(i.SD_EnableWideBusOperation)
    SD_GetCardInfo                           0x0800140d   Thumb Code   606  stm32_eval_sdio_sd.o(i.SD_GetCardInfo)
    SD_GetState                              0x08001675   Thumb Code    34  stm32_eval_sdio_sd.o(i.SD_GetState)
    SD_GetStatus                             0x08001697   Thumb Code    26  stm32_eval_sdio_sd.o(i.SD_GetStatus)
    SD_Init                                  0x080016b1   Thumb Code    90  stm32_eval_sdio_sd.o(i.SD_Init)
    SD_InitializeCards                       0x08001711   Thumb Code   246  stm32_eval_sdio_sd.o(i.SD_InitializeCards)
    SD_LowLevel_DMA_RxConfig                 0x08001811   Thumb Code   116  stm32_eval.o(i.SD_LowLevel_DMA_RxConfig)
    SD_LowLevel_DMA_TxConfig                 0x0800188d   Thumb Code   118  stm32_eval.o(i.SD_LowLevel_DMA_TxConfig)
    SD_LowLevel_Init                         0x0800190d   Thumb Code   182  stm32_eval.o(i.SD_LowLevel_Init)
    SD_PowerON                               0x080019d1   Thumb Code   436  stm32_eval_sdio_sd.o(i.SD_PowerON)
    SD_ProcessIRQSrc                         0x08001b95   Thumb Code    58  stm32_eval_sdio_sd.o(i.SD_ProcessIRQSrc)
    SD_ReadMultiBlocks                       0x08001bd9   Thumb Code   174  stm32_eval_sdio_sd.o(i.SD_ReadMultiBlocks)
    SD_SelectDeselect                        0x08001c95   Thumb Code    40  stm32_eval_sdio_sd.o(i.SD_SelectDeselect)
    SD_SendStatus                            0x08001cc1   Thumb Code    42  stm32_eval_sdio_sd.o(i.SD_SendStatus)
    SD_WaitReadOperation                     0x08001cf5   Thumb Code    36  stm32_eval_sdio_sd.o(i.SD_WaitReadOperation)
    SD_WaitWriteOperation                    0x08001d1d   Thumb Code    44  stm32_eval_sdio_sd.o(i.SD_WaitWriteOperation)
    SD_WriteMultiBlocks                      0x08001d4d   Thumb Code   204  stm32_eval_sdio_sd.o(i.SD_WriteMultiBlocks)
    STM_EVAL_LEDInit                         0x08001e25   Thumb Code    62  stm32_eval.o(i.STM_EVAL_LEDInit)
    SVC_Handler                              0x08001e6d   Thumb Code     2  stm32f2xx_it.o(i.SVC_Handler)
    SYSCFG_ETH_MediaInterfaceConfig          0x08001e71   Thumb Code     6  stm32f2xx_syscfg.o(i.SYSCFG_ETH_MediaInterfaceConfig)
    SysTick_CLKSourceConfig                  0x08001f01   Thumb Code    24  misc.o(i.SysTick_CLKSourceConfig)
    SysTick_Handler                          0x08001f19   Thumb Code     4  stm32f2xx_it.o(i.SysTick_Handler)
    SystemInit                               0x08001f1d   Thumb Code    62  system_stm32f2xx.o(i.SystemInit)
    Time_Update                              0x08001f6d   Thumb Code    10  main.o(i.Time_Update)
    UsageFault_Handler                       0x08001f7d   Thumb Code     2  stm32f2xx_it.o(i.UsageFault_Handler)
    __0printf$bare                           0x08001f81   Thumb Code     8  printfb.o(i.__0printf$bare)
    __1printf$bare                           0x08001f81   Thumb Code     0  printfb.o(i.__0printf$bare)
    __2printf                                0x08001f81   Thumb Code     0  printfb.o(i.__0printf$bare)
    __scatterload_copy                       0x08001f91   Thumb Code    14  handlers.o(i.__scatterload_copy)
    __scatterload_null                       0x08001f9f   Thumb Code     2  handlers.o(i.__scatterload_null)
    __scatterload_zeroinit                   0x08001fa1   Thumb Code    14  handlers.o(i.__scatterload_zeroinit)
    clust2sect                               0x08002245   Thumb Code    24  ff.o(i.clust2sect)
    dhcp_arp_reply                           0x08002421   Thumb Code    30  dhcp.o(i.dhcp_arp_reply)
    disk_initialize                          0x08002855   Thumb Code    44  diskio.o(i.disk_initialize)
    disk_ioctl                               0x08002881   Thumb Code    34  diskio.o(i.disk_ioctl)
    disk_read                                0x080028a3   Thumb Code    38  diskio.o(i.disk_read)
    disk_status                              0x080028c9   Thumb Code     8  diskio.o(i.disk_status)
    disk_write                               0x080028d1   Thumb Code    38  diskio.o(i.disk_write)
    etharp_arp_input                         0x080028f7   Thumb Code   222  etharp.o(i.etharp_arp_input)
    etharp_ip_input                          0x080029d5   Thumb Code    44  etharp.o(i.etharp_ip_input)
    etharp_output                            0x08002a01   Thumb Code   180  etharp.o(i.etharp_output)
    etharp_query                             0x08002ab9   Thumb Code   252  etharp.o(i.etharp_query)
    etharp_request                           0x08002c61   Thumb Code    32  etharp.o(i.etharp_request)
    etharp_tmr                               0x08002cbd   Thumb Code    80  etharp.o(i.etharp_tmr)
    ethernet_input                           0x08002d11   Thumb Code    84  etharp.o(i.ethernet_input)
    ethernetif_init                          0x08002d65   Thumb Code    30  ethernetif.o(i.ethernetif_init)
    ethernetif_input                         0x08002d8d   Thumb Code    38  ethernetif.o(i.ethernetif_input)
    f_close                                  0x08002db3   Thumb Code    18  ff.o(i.f_close)
    f_mount                                  0x08002dc5   Thumb Code    26  ff.o(i.f_mount)
    f_open                                   0x08002de5   Thumb Code   308  ff.o(i.f_open)
    f_opendir                                0x08002f19   Thumb Code    78  ff.o(i.f_opendir)
    f_read                                   0x08002f67   Thumb Code   338  ff.o(i.f_read)
    f_sync                                   0x080030b9   Thumb Code   164  ff.o(i.f_sync)
    f_write                                  0x0800315d   Thumb Code   398  ff.o(i.f_write)
    fputc                                    0x080034c1   Thumb Code    18  fputc.o(i.fputc)
    get_fat                                  0x080034f1   Thumb Code   184  ff.o(i.get_fat)
    get_fattime                              0x080035a9   Thumb Code     4  diskio.o(i.get_fattime)
    htonl                                    0x080035b1   Thumb Code     4  inet.o(i.htonl)
    htons                                    0x080035b5   Thumb Code     4  inet.o(i.htons)
    icmp_dest_unreach                        0x080035b9   Thumb Code     8  icmp.o(i.icmp_dest_unreach)
    icmp_input                               0x080035c1   Thumb Code   276  icmp.o(i.icmp_input)
    icmp_time_exceeded                       0x08003739   Thumb Code     8  icmp.o(i.icmp_time_exceeded)
    inet_chksum                              0x08003741   Thumb Code    12  inet_chksum.o(i.inet_chksum)
    inet_chksum_pbuf                         0x0800374d   Thumb Code    72  inet_chksum.o(i.inet_chksum_pbuf)
    ip_addr_isbroadcast                      0x08003795   Thumb Code    48  ip_addr.o(i.ip_addr_isbroadcast)
    ip_frag                                  0x080037c5   Thumb Code   294  ip_frag.o(i.ip_frag)
    ip_input                                 0x080038f1   Thumb Code   382  ip.o(i.ip_input)
    ip_output                                0x08003a79   Thumb Code    52  ip.o(i.ip_output)
    ip_output_if                             0x08003aad   Thumb Code   196  ip.o(i.ip_output_if)
    ip_reass                                 0x08003b75   Thumb Code   416  ip_frag.o(i.ip_reass)
    ip_route                                 0x08003f05   Thumb Code    62  ip.o(i.ip_route)
    main                                     0x080040b1   Thumb Code    58  main.o(i.main)
    mem_free                                 0x08004105   Thumb Code    38  mem.o(i.mem_free)
    mem_init                                 0x08004131   Thumb Code    44  mem.o(i.mem_init)
    mem_malloc                               0x08004165   Thumb Code   160  mem.o(i.mem_malloc)
    mem_realloc                              0x08004209   Thumb Code   186  mem.o(i.mem_realloc)
    memp_free                                0x080042d9   Thumb Code    18  memp.o(i.memp_free)
    memp_init                                0x080042f1   Thumb Code    78  memp.o(i.memp_init)
    memp_malloc                              0x08004349   Thumb Code    28  memp.o(i.memp_malloc)
    netif_add                                0x080043d5   Thumb Code    70  netif.o(i.netif_add)
    netif_is_up                              0x08004421   Thumb Code    10  netif.o(i.netif_is_up)
    netif_set_addr                           0x0800442b   Thumb Code    32  netif.o(i.netif_set_addr)
    netif_set_default                        0x0800444d   Thumb Code     6  netif.o(i.netif_set_default)
    netif_set_gw                             0x08004459   Thumb Code     8  netif.o(i.netif_set_gw)
    netif_set_ipaddr                         0x08004461   Thumb Code    96  netif.o(i.netif_set_ipaddr)
    netif_set_netmask                        0x080044c9   Thumb Code     8  netif.o(i.netif_set_netmask)
    netif_set_up                             0x080044d1   Thumb Code    28  netif.o(i.netif_set_up)
    ntohl                                    0x080044ed   Thumb Code     4  inet.o(i.ntohl)
    ntohs                                    0x080044f1   Thumb Code     4  inet.o(i.ntohs)
    pbuf_alloc                               0x080044f5   Thumb Code   272  pbuf.o(i.pbuf_alloc)
    pbuf_cat                                 0x08004605   Thumb Code    40  pbuf.o(i.pbuf_cat)
    pbuf_chain                               0x0800462d   Thumb Code    18  pbuf.o(i.pbuf_chain)
    pbuf_clen                                0x0800463f   Thumb Code    18  pbuf.o(i.pbuf_clen)
    pbuf_copy                                0x08004651   Thumb Code   144  pbuf.o(i.pbuf_copy)
    pbuf_copy_partial                        0x080046e1   Thumb Code   104  pbuf.o(i.pbuf_copy_partial)
    pbuf_free                                0x08004749   Thumb Code    68  pbuf.o(i.pbuf_free)
    pbuf_header                              0x0800478d   Thumb Code    96  pbuf.o(i.pbuf_header)
    pbuf_realloc                             0x080047ed   Thumb Code    80  pbuf.o(i.pbuf_realloc)
    pbuf_ref                                 0x0800483d   Thumb Code    12  pbuf.o(i.pbuf_ref)
    process_tftp_request                     0x0800489d   Thumb Code   166  tftpserver.o(i.process_tftp_request)
    put_fat                                  0x08004955   Thumb Code   246  ff.o(i.put_fat)
    raw_input                                0x08004a4d   Thumb Code   102  raw.o(i.raw_input)
    recv_callback_tftp                       0x08004ab9   Thumb Code    24  tftpserver.o(i.recv_callback_tftp)
    rrq_recv_callback                        0x08004b33   Thumb Code    84  tftpserver.o(i.rrq_recv_callback)
    tcp_abandon                              0x08004c41   Thumb Code   144  tcp.o(i.tcp_abandon)
    tcp_alloc                                0x08004cd5   Thumb Code   232  tcp.o(i.tcp_alloc)
    tcp_close                                0x08004dc9   Thumb Code   154  tcp.o(i.tcp_close)
    tcp_eff_send_mss                         0x08004e69   Thumb Code    32  tcp.o(i.tcp_eff_send_mss)
    tcp_enqueue                              0x08004e89   Thumb Code   834  tcp_out.o(i.tcp_enqueue)
    tcp_fasttmr                              0x080051cd   Thumb Code    86  tcp.o(i.tcp_fasttmr)
    tcp_input                                0x08005229   Thumb Code   738  tcp_in.o(i.tcp_input)
    tcp_keepalive                            0x08005521   Thumb Code    70  tcp_out.o(i.tcp_keepalive)
    tcp_next_iss                             0x08005651   Thumb Code    12  tcp.o(i.tcp_next_iss)
    tcp_output                               0x08005661   Thumb Code   432  tcp_out.o(i.tcp_output)
    tcp_pcb_purge                            0x080059c1   Thumb Code    48  tcp.o(i.tcp_pcb_purge)
    tcp_pcb_remove                           0x080059f1   Thumb Code    86  tcp.o(i.tcp_pcb_remove)
    tcp_recv_null                            0x080061d9   Thumb Code    36  tcp.o(i.tcp_recv_null)
    tcp_recved                               0x080061fd   Thumb Code    60  tcp.o(i.tcp_recved)
    tcp_rexmit                               0x08006239   Thumb Code    78  tcp_out.o(i.tcp_rexmit)
    tcp_rexmit_fast                          0x08006287   Thumb Code    86  tcp_out.o(i.tcp_rexmit_fast)
    tcp_rexmit_rto                           0x080062dd   Thumb Code    46  tcp_out.o(i.tcp_rexmit_rto)
    tcp_rst                                  0x0800630b   Thumb Code   156  tcp_out.o(i.tcp_rst)
    tcp_seg_free                             0x080063a7   Thumb Code    32  tcp.o(i.tcp_seg_free)
    tcp_segs_free                            0x080063c7   Thumb Code    26  tcp.o(i.tcp_segs_free)
    tcp_send_ctrl                            0x080063e1   Thumb Code    22  tcp_out.o(i.tcp_send_ctrl)
    tcp_send_empty_ack                       0x080063f7   Thumb Code    86  tcp_out.o(i.tcp_send_empty_ack)
    tcp_slowtmr                              0x0800644d   Thumb Code   536  tcp.o(i.tcp_slowtmr)
    tcp_tmr                                  0x080066e1   Thumb Code    28  tcp.o(i.tcp_tmr)
    tcp_update_rcv_ann_wnd                   0x08006701   Thumb Code    54  tcp.o(i.tcp_update_rcv_ann_wnd)
    tcp_zero_window_probe                    0x08006737   Thumb Code   144  tcp_out.o(i.tcp_zero_window_probe)
    tftp_cleanup_rd                          0x080067c9   Thumb Code    54  tftpserver.o(i.tftp_cleanup_rd)
    tftp_cleanup_wr                          0x0800680d   Thumb Code    54  tftpserver.o(i.tftp_cleanup_wr)
    tftp_construct_error_message             0x08006851   Thumb Code    44  tftpserver.o(i.tftp_construct_error_message)
    tftp_decode_op                           0x08006881   Thumb Code     4  tftputils.o(i.tftp_decode_op)
    tftp_extract_block                       0x08006885   Thumb Code     6  tftputils.o(i.tftp_extract_block)
    tftp_extract_filename                    0x0800688b   Thumb Code     6  tftputils.o(i.tftp_extract_filename)
    tftp_is_correct_ack                      0x08006891   Thumb Code    26  tftputils.o(i.tftp_is_correct_ack)
    tftp_process_read                        0x080068ad   Thumb Code   112  tftpserver.o(i.tftp_process_read)
    tftp_process_write                       0x08006925   Thumb Code   108  tftpserver.o(i.tftp_process_write)
    tftp_send_ack_packet                     0x08006999   Thumb Code    48  tftpserver.o(i.tftp_send_ack_packet)
    tftp_send_data_packet                    0x080069c9   Thumb Code    70  tftpserver.o(i.tftp_send_data_packet)
    tftp_send_error_message                  0x08006a0f   Thumb Code    40  tftpserver.o(i.tftp_send_error_message)
    tftp_send_message                        0x08006a37   Thumb Code    70  tftpserver.o(i.tftp_send_message)
    tftp_send_next_block                     0x08006a7d   Thumb Code    56  tftpserver.o(i.tftp_send_next_block)
    tftp_set_block                           0x08006ab9   Thumb Code    14  tftputils.o(i.tftp_set_block)
    tftp_set_data_message                    0x08006ac7   Thumb Code     6  tftputils.o(i.tftp_set_data_message)
    tftp_set_errorcode                       0x08006acd   Thumb Code     8  tftputils.o(i.tftp_set_errorcode)
    tftp_set_errormsg                        0x08006ad5   Thumb Code     6  tftputils.o(i.tftp_set_errormsg)
    tftp_set_opcode                          0x08006adb   Thumb Code     8  tftputils.o(i.tftp_set_opcode)
    tftpd_init                               0x08006ae5   Thumb Code    50  tftpserver.o(i.tftpd_init)
    udp_bind                                 0x08006b51   Thumb Code    86  udp.o(i.udp_bind)
    udp_disconnect                           0x08006bad   Thumb Code    20  udp.o(i.udp_disconnect)
    udp_input                                0x08006bc5   Thumb Code   352  udp.o(i.udp_input)
    udp_new                                  0x08006d29   Thumb Code    26  udp.o(i.udp_new)
    udp_recv                                 0x08006d43   Thumb Code     6  udp.o(i.udp_recv)
    udp_remove                               0x08006d49   Thumb Code    40  udp.o(i.udp_remove)
    udp_sendto                               0x08006d75   Thumb Code    40  udp.o(i.udp_sendto)
    udp_sendto_if                            0x08006d9d   Thumb Code   176  udp.o(i.udp_sendto_if)
    wrq_recv_callback                        0x08006f15   Thumb Code   192  tftpserver.o(i.wrq_recv_callback)
    tcp_persist_backoff                      0x08006ffc   Data           7  tcp.o(.constdata)
    tcp_backoff                              0x08007003   Data          13  tcp.o(.constdata)
    ip_addr_any                              0x08007010   Data           4  ip_addr.o(.constdata)
    ip_addr_broadcast                        0x08007014   Data           4  ip_addr.o(.constdata)
    ethbroadcast                             0x08007018   Data           6  etharp.o(.constdata)
    ethzero                                  0x0800701e   Data           6  etharp.o(.constdata)
    COM_TX_PIN_SOURCE                        0x08007024   Data           1  stm32_eval.o(.constdata)
    COM_RX_PIN_SOURCE                        0x08007025   Data           1  stm32_eval.o(.constdata)
    COM_TX_AF                                0x08007026   Data           1  stm32_eval.o(.constdata)
    COM_RX_AF                                0x08007027   Data           1  stm32_eval.o(.constdata)
    COM_TX_PIN                               0x08007028   Data           2  stm32_eval.o(.constdata)
    COM_RX_PIN                               0x0800702a   Data           2  stm32_eval.o(.constdata)
    BUTTON_PORT_SOURCE                       0x0800702c   Data           3  stm32_eval.o(.constdata)
    BUTTON_PIN_SOURCE                        0x0800702f   Data           3  stm32_eval.o(.constdata)
    BUTTON_IRQn                              0x08007032   Data           3  stm32_eval.o(.constdata)
    COM_USART_CLK                            0x08007038   Data           4  stm32_eval.o(.constdata)
    COM_TX_PORT_CLK                          0x0800703c   Data           4  stm32_eval.o(.constdata)
    COM_RX_PORT_CLK                          0x08007040   Data           4  stm32_eval.o(.constdata)
    BUTTON_PIN                               0x08007044   Data           6  stm32_eval.o(.constdata)
    BUTTON_EXTI_LINE                         0x0800704a   Data           6  stm32_eval.o(.constdata)
    GPIO_PIN                                 0x08007050   Data           8  stm32_eval.o(.constdata)
    GPIO_CLK                                 0x08007058   Data          16  stm32_eval.o(.constdata)
    BUTTON_CLK                               0x08007068   Data          12  stm32_eval.o(.constdata)
    Region$$Table$$Base                      0x0800715c   Number         0  anon$$obj.o(Region$$Table)
    Region$$Table$$Limit                     0x0800717c   Number         0  anon$$obj.o(Region$$Table)
    LocalTime                                0x20000000   Data           4  main.o(.data)
    timingdelay                              0x20000004   Data           4  main.o(.data)
    TCPTimer                                 0x20000008   Data           4  netconf.o(.data)
    ARPTimer                                 0x2000000c   Data           4  netconf.o(.data)
    UDPpcb                                   0x20000010   Data           4  tftpserver.o(.data)
    tftp_errorcode_string                    0x20000014   Data          32  tftpserver.o(.data)
    netif_list                               0x2000004c   Data           4  netif.o(.data)
    netif_default                            0x20000050   Data           4  netif.o(.data)
    tcp_ticks                                0x20000060   Data           4  tcp.o(.data)
    tcp_bound_pcbs                           0x20000064   Data           4  tcp.o(.data)
    tcp_listen_pcbs                          0x20000068   Data           4  tcp.o(.data)
    tcp_active_pcbs                          0x2000006c   Data           4  tcp.o(.data)
    tcp_tw_pcbs                              0x20000070   Data           4  tcp.o(.data)
    tcp_tmp_pcb                              0x20000074   Data           4  tcp.o(.data)
    tcp_state_str                            0x20000078   Data          44  tcp.o(.data)
    tcp_input_pcb                            0x200000bc   Data           4  tcp_in.o(.data)
    udp_pcbs                                 0x200000c0   Data           4  udp.o(.data)
    current_netif                            0x200000c8   Data           4  ip.o(.data)
    current_header                           0x200000cc   Data           4  ip.o(.data)
    DMATxDescToSet                           0x200000f4   Data           4  stm32f2x7_eth.o(.data)
    DMARxDescToGet                           0x200000f8   Data           4  stm32f2x7_eth.o(.data)
    DMA_RX_FRAME_infos                       0x200000fc   Data           4  stm32f2x7_eth.o(.data)
    COM_USART                                0x20000100   Data           4  stm32_eval.o(.data)
    COM_TX_PORT                              0x20000104   Data           4  stm32_eval.o(.data)
    COM_RX_PORT                              0x20000108   Data           4  stm32_eval.o(.data)
    NVIC_InitStructure                       0x2000010c   Data           4  stm32_eval.o(.data)
    GPIO_PORT                                0x20000110   Data          16  stm32_eval.o(.data)
    BUTTON_PORT                              0x20000120   Data          12  stm32_eval.o(.data)
    TransferError                            0x2000012c   Data           1  stm32_eval_sdio_sd.o(.data)
    StopCondition                            0x20000138   Data           4  stm32_eval_sdio_sd.o(.data)
    TransferEnd                              0x2000013c   Data           4  stm32_eval_sdio_sd.o(.data)
    __stdout                                 0x20000140   Data           4  stdout.o(.data)
    netif                                    0x20000144   Data          52  netconf.o(.bss)
    TempBuffer                               0x20000178   Data         600  tftpserver.o(.bss)
    filesystem                               0x200003d0   Data         560  tftpserver.o(.bss)
    file_SD                                  0x20000600   Data         548  tftpserver.o(.bss)
    file_CR                                  0x20000824   Data         548  tftpserver.o(.bss)
    dir_1                                    0x20000a48   Data          28  tftpserver.o(.bss)
    dir_2                                    0x20000a64   Data          28  tftpserver.o(.bss)
    DMARxDscrTab                             0x20007a88   Data         160  stm32f2x7_eth.o(.bss)
    DMATxDscrTab                             0x20007b28   Data         160  stm32f2x7_eth.o(.bss)
    Rx_Buff                                  0x20007bc8   Data        7620  stm32f2x7_eth.o(.bss)
    Tx_Buff                                  0x2000998c   Data        7620  stm32f2x7_eth.o(.bss)
    RX_Frame_Descriptor                      0x2000b750   Data          12  stm32f2x7_eth.o(.bss)
    SDCardInfo                               0x2000b78c   Data          80  stm32_eval_sdio_sd.o(.bss)
    SDIO_InitStructure                       0x2000b7dc   Data          24  stm32_eval_sdio_sd.o(.bss)
    SDIO_CmdInitStructure                    0x2000b7f4   Data          20  stm32_eval_sdio_sd.o(.bss)
    SDIO_DataInitStructure                   0x2000b808   Data          24  stm32_eval_sdio_sd.o(.bss)
    __initial_sp                             0x2000bc20   Data           0  startup_stm32f2xx.o(STACK)



==============================================================================

Memory Map of the image

  Image Entry point : 0x08000185

  Load Region LR_IROM1 (Base: 0x08000000, Size: 0x000072c0, Max: 0x00100000, ABSOLUTE, COMPRESSED[0x000071e8])

    Execution Region ER_IROM1 (Base: 0x08000000, Size: 0x0000717c, Max: 0x00100000, ABSOLUTE)

    Base Addr    Size         Type   Attr      Idx    E Section Name        Object

    0x08000000   0x00000184   Data   RO          144    RESET               startup_stm32f2xx.o
    0x08000184   0x00000000   Code   RO         5018  * .ARM.Collect$$$$00000000  mc_w.l(entry.o)
    0x08000184   0x00000004   Code   RO         5299    .ARM.Collect$$$$00000001  mc_w.l(entry2.o)
    0x08000188   0x00000004   Code   RO         5302    .ARM.Collect$$$$00000004  mc_w.l(entry5.o)
    0x0800018c   0x00000000   Code   RO         5304    .ARM.Collect$$$$00000008  mc_w.l(entry7b.o)
    0x0800018c   0x00000008   Code   RO         5305    .ARM.Collect$$$$00000009  mc_w.l(entry8.o)
    0x08000194   0x00000004   Code   RO         5300    .ARM.Collect$$$$00002712  mc_w.l(entry2.o)
    0x08000198   0x00000024   Code   RO          145    .text               startup_stm32f2xx.o
    0x080001bc   0x00000024   Code   RO         5021    .text               mc_w.l(memcpya.o)
    0x080001e0   0x00000026   Code   RO         5023    .text               mc_w.l(memseta.o)
    0x08000206   0x00000010   Code   RO         5025    .text               mc_w.l(strlen.o)
    0x08000216   0x00000012   Code   RO         5027    .text               mc_w.l(strcpy.o)
    0x08000228   0x00000024   Code   RO         5324    .text               mc_w.l(init.o)
    0x0800024c   0x00000000   Code   RO         5326    .text               mc_w.l(semi.o)
    0x0800024c   0x00000000   Code   RO         5333    .text               mc_w.l(iusesemip.o)
    0x0800024c   0x0000005c   Code   RO         5342    .text               mc_w.l(__dczerorl2.o)
    0x080002a8   0x00000002   Code   RO          349    i.BusFault_Handler  stm32f2xx_it.o
    0x080002aa   0x00000002   PAD
    0x080002ac   0x00000028   Code   RO         4829    i.CmdResp1Error     stm32_eval_sdio_sd.o
    0x080002d4   0x00000034   Code   RO         4830    i.CmdResp2Error     stm32_eval_sdio_sd.o
    0x08000308   0x00000070   Code   RO         4831    i.CmdResp6Error     stm32_eval_sdio_sd.o
    0x08000378   0x0000002c   Code   RO         2675    i.DMA_ClearFlag     stm32f2xx_dma.o
    0x080003a4   0x00000014   Code   RO         2677    i.DMA_Cmd           stm32f2xx_dma.o
    0x080003b8   0x00000124   Code   RO         2678    i.DMA_DeInit        stm32f2xx_dma.o
    0x080004dc   0x00000014   Code   RO         2681    i.DMA_FlowControllerConfig  stm32f2xx_dma.o
    0x080004f0   0x00000034   Code   RO         2686    i.DMA_GetFlagStatus  stm32f2xx_dma.o
    0x08000524   0x00000054   Code   RO         2689    i.DMA_Init          stm32f2xx_dma.o
    0x08000578   0x00000002   Code   RO          350    i.DebugMon_Handler  stm32f2xx_it.o
    0x0800057a   0x00000002   PAD
    0x0800057c   0x00000044   Code   RO          323    i.ETH_BSP_Config    stm32f2x7_eth_bsp.o
    0x080005c0   0x00000064   Code   RO         3950    i.ETH_CheckFrameReceived  stm32f2x7_eth.o
    0x08000624   0x0000001c   Code   RO         3954    i.ETH_DMAReceptionCmd  stm32f2x7_eth.o
    0x08000640   0x00000058   Code   RO         3955    i.ETH_DMARxDescChainInit  stm32f2x7_eth.o
    0x08000698   0x0000001c   Code   RO         3957    i.ETH_DMATransmissionCmd  stm32f2x7_eth.o
    0x080006b4   0x00000048   Code   RO         3960    i.ETH_DMATxDescChainInit  stm32f2x7_eth.o
    0x080006fc   0x00000008   Code   RO         3961    i.ETH_DMATxDescChecksumInsertionConfig  stm32f2x7_eth.o
    0x08000704   0x00000018   Code   RO         3966    i.ETH_DeInit        stm32f2x7_eth.o
    0x0800071c   0x0000000a   Code   RO         3967    i.ETH_Delay         stm32f2x7_eth.o
    0x08000726   0x00000002   PAD
    0x08000728   0x00000010   Code   RO         3969    i.ETH_FlushTransmitFIFO  stm32f2x7_eth.o
    0x08000738   0x000000dc   Code   RO          324    i.ETH_GPIO_Config   stm32f2x7_eth_bsp.o
    0x08000814   0x00000014   Code   RO         3995    i.ETH_GetSoftwareResetStatus  stm32f2x7_eth.o
    0x08000828   0x00000030   Code   RO         3997    i.ETH_Get_Received_Frame  stm32f2x7_eth.o
    0x08000858   0x00000220   Code   RO         4000    i.ETH_Init          stm32f2x7_eth.o
    0x08000a78   0x0000001c   Code   RO         4002    i.ETH_MACAddressConfig  stm32f2x7_eth.o
    0x08000a94   0x00000070   Code   RO          325    i.ETH_MACDMA_Config  stm32f2x7_eth_bsp.o
    0x08000b04   0x0000001c   Code   RO         4007    i.ETH_MACReceptionCmd  stm32f2x7_eth.o
    0x08000b20   0x0000001c   Code   RO         4008    i.ETH_MACTransmissionCmd  stm32f2x7_eth.o
    0x08000b3c   0x000000ac   Code   RO         4019    i.ETH_Prepare_Transmit_Descriptors  stm32f2x7_eth.o
    0x08000be8   0x00000050   Code   RO         4020    i.ETH_ReadPHYRegister  stm32f2x7_eth.o
    0x08000c38   0x00000010   Code   RO         4028    i.ETH_SoftwareReset  stm32f2x7_eth.o
    0x08000c48   0x00000022   Code   RO         4029    i.ETH_Start         stm32f2x7_eth.o
    0x08000c6a   0x00000088   Code   RO         4030    i.ETH_StructInit    stm32f2x7_eth.o
    0x08000cf2   0x00000002   PAD
    0x08000cf4   0x0000004c   Code   RO         4032    i.ETH_WritePHYRegister  stm32f2x7_eth.o
    0x08000d40   0x00000134   Code   RO         4832    i.FindSCR           stm32_eval_sdio_sd.o
    0x08000e74   0x0000007c   Code   RO         3156    i.GPIO_Init         stm32f2xx_gpio.o
    0x08000ef0   0x00000020   Code   RO         3157    i.GPIO_PinAFConfig  stm32f2xx_gpio.o
    0x08000f10   0x0000000e   Code   RO         3160    i.GPIO_ReadInputDataBit  stm32f2xx_gpio.o
    0x08000f1e   0x00000002   Code   RO          351    i.HardFault_Handler  stm32f2xx_it.o
    0x08000f20   0x0000001e   Code   RO          151    i.LCD_LED_Init      main.o
    0x08000f3e   0x00000002   PAD
    0x08000f40   0x00000060   Code   RO          260    i.LwIP_Init         netconf.o
    0x08000fa0   0x00000030   Code   RO          261    i.LwIP_Periodic_Handle  netconf.o
    0x08000fd0   0x0000000c   Code   RO          262    i.LwIP_Pkt_Handle   netconf.o
    0x08000fdc   0x00000002   Code   RO          352    i.MemManage_Handler  stm32f2xx_it.o
    0x08000fde   0x00000002   Code   RO          353    i.NMI_Handler       stm32f2xx_it.o
    0x08000fe0   0x00000064   Code   RO         2405    i.NVIC_Init         misc.o
    0x08001044   0x00000014   Code   RO         2406    i.NVIC_PriorityGroupConfig  misc.o
    0x08001058   0x00000002   Code   RO          354    i.PendSV_Handler    stm32f2xx_it.o
    0x0800105a   0x00000002   PAD
    0x0800105c   0x00000018   Code   RO         3245    i.RCC_AHB1PeriphClockCmd  stm32f2xx_rcc.o
    0x08001074   0x00000018   Code   RO         3247    i.RCC_AHB1PeriphResetCmd  stm32f2xx_rcc.o
    0x0800108c   0x00000018   Code   RO         3257    i.RCC_APB2PeriphClockCmd  stm32f2xx_rcc.o
    0x080010a4   0x00000018   Code   RO         3259    i.RCC_APB2PeriphResetCmd  stm32f2xx_rcc.o
    0x080010bc   0x00000098   Code   RO         3266    i.RCC_GetClocksFreq  stm32f2xx_rcc.o
    0x08001154   0x00000014   Code   RO         3277    i.RCC_MCO1Config    stm32f2xx_rcc.o
    0x08001168   0x000000c0   Code   RO         4834    i.SDEnWideBus       stm32_eval_sdio_sd.o
    0x08001228   0x0000000c   Code   RO         3518    i.SDIO_ClearFlag    stm32f2xx_sdio.o
    0x08001234   0x0000000c   Code   RO         3519    i.SDIO_ClearITPendingBit  stm32f2xx_sdio.o
    0x08001240   0x0000000c   Code   RO         3520    i.SDIO_ClockCmd     stm32f2xx_sdio.o
    0x0800124c   0x0000000c   Code   RO         3523    i.SDIO_DMACmd       stm32f2xx_sdio.o
    0x08001258   0x00000030   Code   RO         3524    i.SDIO_DataConfig   stm32f2xx_sdio.o
    0x08001288   0x00000018   Code   RO         3526    i.SDIO_DeInit       stm32f2xx_sdio.o
    0x080012a0   0x0000000c   Code   RO         3527    i.SDIO_GetCommandResponse  stm32f2xx_sdio.o
    0x080012ac   0x00000014   Code   RO         3530    i.SDIO_GetFlagStatus  stm32f2xx_sdio.o
    0x080012c0   0x00000010   Code   RO         3532    i.SDIO_GetPowerState  stm32f2xx_sdio.o
    0x080012d0   0x0000000c   Code   RO         3533    i.SDIO_GetResponse  stm32f2xx_sdio.o
    0x080012dc   0x00000004   Code   RO          355    i.SDIO_IRQHandler   stm32f2xx_it.o
    0x080012e0   0x00000018   Code   RO         3534    i.SDIO_ITConfig     stm32f2xx_sdio.o
    0x080012f8   0x0000002c   Code   RO         3535    i.SDIO_Init         stm32f2xx_sdio.o
    0x08001324   0x0000000c   Code   RO         3536    i.SDIO_ReadData     stm32f2xx_sdio.o
    0x08001330   0x00000028   Code   RO         3538    i.SDIO_SendCommand  stm32f2xx_sdio.o
    0x08001358   0x00000018   Code   RO         3540    i.SDIO_SetPowerState  stm32f2xx_sdio.o
    0x08001370   0x00000010   Code   RO         4462    i.SD_DMAEndOfTransferStatus  stm32_eval.o
    0x08001380   0x00000018   Code   RO         4836    i.SD_Detect         stm32_eval_sdio_sd.o
    0x08001398   0x00000074   Code   RO         4837    i.SD_EnableWideBusOperation  stm32_eval_sdio_sd.o
    0x0800140c   0x00000268   Code   RO         4839    i.SD_GetCardInfo    stm32_eval_sdio_sd.o
    0x08001674   0x00000022   Code   RO         4841    i.SD_GetState       stm32_eval_sdio_sd.o
    0x08001696   0x0000001a   Code   RO         4842    i.SD_GetStatus      stm32_eval_sdio_sd.o
    0x080016b0   0x00000060   Code   RO         4844    i.SD_Init           stm32_eval_sdio_sd.o
    0x08001710   0x00000100   Code   RO         4845    i.SD_InitializeCards  stm32_eval_sdio_sd.o
    0x08001810   0x0000007c   Code   RO         4463    i.SD_LowLevel_DMA_RxConfig  stm32_eval.o
    0x0800188c   0x00000080   Code   RO         4464    i.SD_LowLevel_DMA_TxConfig  stm32_eval.o
    0x0800190c   0x000000c4   Code   RO         4466    i.SD_LowLevel_Init  stm32_eval.o
    0x080019d0   0x000001c4   Code   RO         4847    i.SD_PowerON        stm32_eval_sdio_sd.o
    0x08001b94   0x00000044   Code   RO         4848    i.SD_ProcessIRQSrc  stm32_eval_sdio_sd.o
    0x08001bd8   0x000000bc   Code   RO         4850    i.SD_ReadMultiBlocks  stm32_eval_sdio_sd.o
    0x08001c94   0x0000002c   Code   RO         4851    i.SD_SelectDeselect  stm32_eval_sdio_sd.o
    0x08001cc0   0x00000034   Code   RO         4853    i.SD_SendStatus     stm32_eval_sdio_sd.o
    0x08001cf4   0x00000028   Code   RO         4855    i.SD_WaitReadOperation  stm32_eval_sdio_sd.o
    0x08001d1c   0x00000030   Code   RO         4856    i.SD_WaitWriteOperation  stm32_eval_sdio_sd.o
    0x08001d4c   0x000000d8   Code   RO         4858    i.SD_WriteMultiBlocks  stm32_eval_sdio_sd.o
    0x08001e24   0x00000048   Code   RO         4468    i.STM_EVAL_LEDInit  stm32_eval.o
    0x08001e6c   0x00000002   Code   RO          356    i.SVC_Handler       stm32f2xx_it.o
    0x08001e6e   0x00000002   PAD
    0x08001e70   0x0000000c   Code   RO         3705    i.SYSCFG_ETH_MediaInterfaceConfig  stm32f2xx_syscfg.o
    0x08001e7c   0x00000084   Code   RO            1    i.SetSysClock       system_stm32f2xx.o
    0x08001f00   0x00000018   Code   RO         2409    i.SysTick_CLKSourceConfig  misc.o
    0x08001f18   0x00000004   Code   RO          357    i.SysTick_Handler   stm32f2xx_it.o
    0x08001f1c   0x00000050   Code   RO            3    i.SystemInit        system_stm32f2xx.o
    0x08001f6c   0x00000010   Code   RO          152    i.Time_Update       main.o
    0x08001f7c   0x00000002   Code   RO          358    i.UsageFault_Handler  stm32f2xx_it.o
    0x08001f7e   0x00000002   PAD
    0x08001f80   0x00000010   Code   RO         5032    i.__0printf$bare    mc_w.l(printfb.o)
    0x08001f90   0x0000000e   Code   RO         5336    i.__scatterload_copy  mc_w.l(handlers.o)
    0x08001f9e   0x00000002   Code   RO         5337    i.__scatterload_null  mc_w.l(handlers.o)
    0x08001fa0   0x0000000e   Code   RO         5338    i.__scatterload_zeroinit  mc_w.l(handlers.o)
    0x08001fae   0x00000022   Code   RO         5039    i._printf_core      mc_w.l(printfb.o)
    0x08001fd0   0x0000005c   Code   RO         1964    i.check_fs          ff.o
    0x0800202c   0x00000218   Code   RO         1965    i.chk_mounted       ff.o
    0x08002244   0x00000018   Code   RO         1966    i.clust2sect        ff.o
    0x0800225c   0x00000096   Code   RO         1967    i.create_chain      ff.o
    0x080022f2   0x00000002   PAD
    0x080022f4   0x0000012c   Code   RO         1968    i.create_name       ff.o
    0x08002420   0x0000001e   Code   RO          659    i.dhcp_arp_reply    dhcp.o
    0x0800243e   0x00000002   PAD
    0x08002440   0x00000104   Code   RO          663    i.dhcp_create_request  dhcp.o
    0x08002544   0x0000007c   Code   RO          664    i.dhcp_decline      dhcp.o
    0x080025c0   0x0000001c   Code   RO          665    i.dhcp_delete_request  dhcp.o
    0x080025dc   0x00000020   Code   RO          674    i.dhcp_option       dhcp.o
    0x080025fc   0x00000010   Code   RO          675    i.dhcp_option_byte  dhcp.o
    0x0800260c   0x00000042   Code   RO          676    i.dhcp_option_long  dhcp.o
    0x0800264e   0x00000030   Code   RO          678    i.dhcp_option_trailer  dhcp.o
    0x0800267e   0x0000000e   Code   RO          685    i.dhcp_set_state    dhcp.o
    0x0800268c   0x000000ee   Code   RO         1969    i.dir_next          ff.o
    0x0800277a   0x0000005c   Code   RO         1971    i.dir_register      ff.o
    0x080027d6   0x0000007e   Code   RO         1973    i.dir_sdi           ff.o
    0x08002854   0x0000002c   Code   RO         2180    i.disk_initialize   diskio.o
    0x08002880   0x00000022   Code   RO         2181    i.disk_ioctl        diskio.o
    0x080028a2   0x00000026   Code   RO         2182    i.disk_read         diskio.o
    0x080028c8   0x00000008   Code   RO         2183    i.disk_status       diskio.o
    0x080028d0   0x00000026   Code   RO         2184    i.disk_write        diskio.o
    0x080028f6   0x000000de   Code   RO         1829    i.etharp_arp_input  etharp.o
    0x080029d4   0x0000002c   Code   RO         1831    i.etharp_ip_input   etharp.o
    0x08002a00   0x000000b8   Code   RO         1832    i.etharp_output     etharp.o
    0x08002ab8   0x00000100   Code   RO         1833    i.etharp_query      etharp.o
    0x08002bb8   0x000000a6   Code   RO         1834    i.etharp_raw        etharp.o
    0x08002c5e   0x00000002   PAD
    0x08002c60   0x00000024   Code   RO         1835    i.etharp_request    etharp.o
    0x08002c84   0x00000036   Code   RO         1836    i.etharp_send_ip    etharp.o
    0x08002cba   0x00000002   PAD
    0x08002cbc   0x00000054   Code   RO         1837    i.etharp_tmr        etharp.o
    0x08002d10   0x00000054   Code   RO         1838    i.ethernet_input    etharp.o
    0x08002d64   0x00000028   Code   RO         1930    i.ethernetif_init   ethernetif.o
    0x08002d8c   0x00000026   Code   RO         1931    i.ethernetif_input  ethernetif.o
    0x08002db2   0x00000012   Code   RO         1975    i.f_close           ff.o
    0x08002dc4   0x00000020   Code   RO         1979    i.f_mount           ff.o
    0x08002de4   0x00000134   Code   RO         1980    i.f_open            ff.o
    0x08002f18   0x0000004e   Code   RO         1981    i.f_opendir         ff.o
    0x08002f66   0x00000152   Code   RO         1982    i.f_read            ff.o
    0x080030b8   0x000000a4   Code   RO         1986    i.f_sync            ff.o
    0x0800315c   0x0000018e   Code   RO         1990    i.f_write           ff.o
    0x080032ea   0x00000002   PAD
    0x080032ec   0x00000128   Code   RO         1839    i.find_entry        etharp.o
    0x08003414   0x000000ac   Code   RO         1991    i.follow_path       ff.o
    0x080034c0   0x00000012   Code   RO         5306    i.fputc             mc_w.l(fputc.o)
    0x080034d2   0x0000001e   Code   RO         1840    i.free_etharp_q     etharp.o
    0x080034f0   0x000000b8   Code   RO         1992    i.get_fat           ff.o
    0x080035a8   0x00000008   Code   RO         2185    i.get_fattime       diskio.o
    0x080035b0   0x00000004   Code   RO         1635    i.htonl             inet.o
    0x080035b4   0x00000004   Code   RO         1636    i.htons             inet.o
    0x080035b8   0x00000008   Code   RO         1600    i.icmp_dest_unreach  icmp.o
    0x080035c0   0x00000114   Code   RO         1601    i.icmp_input        icmp.o
    0x080036d4   0x00000064   Code   RO         1602    i.icmp_send_response  icmp.o
    0x08003738   0x00000008   Code   RO         1603    i.icmp_time_exceeded  icmp.o
    0x08003740   0x0000000c   Code   RO         1684    i.inet_chksum       inet_chksum.o
    0x0800374c   0x00000048   Code   RO         1685    i.inet_chksum_pbuf  inet_chksum.o
    0x08003794   0x00000030   Code   RO         1759    i.ip_addr_isbroadcast  ip_addr.o
    0x080037c4   0x0000012c   Code   RO         1782    i.ip_frag           ip_frag.o
    0x080038f0   0x00000188   Code   RO         1720    i.ip_input          ip.o
    0x08003a78   0x00000034   Code   RO         1721    i.ip_output         ip.o
    0x08003aac   0x000000c8   Code   RO         1722    i.ip_output_if      ip.o
    0x08003b74   0x000001a4   Code   RO         1783    i.ip_reass          ip_frag.o
    0x08003d18   0x000000f0   Code   RO         1784    i.ip_reass_chain_frag_into_datagram_and_validate  ip_frag.o
    0x08003e08   0x00000024   Code   RO         1785    i.ip_reass_dequeue_datagram  ip_frag.o
    0x08003e2c   0x00000070   Code   RO         1786    i.ip_reass_free_complete_datagram  ip_frag.o
    0x08003e9c   0x00000068   Code   RO         1787    i.ip_reass_remove_oldest_datagram  ip_frag.o
    0x08003f04   0x00000048   Code   RO         1723    i.ip_route          ip.o
    0x08003f4c   0x00000078   Code   RO         1932    i.low_level_init    ethernetif.o
    0x08003fc4   0x00000080   Code   RO         1933    i.low_level_input   ethernetif.o
    0x08004044   0x00000030   Code   RO         1934    i.low_level_output  ethernetif.o
    0x08004074   0x0000003a   Code   RO         1687    i.lwip_standard_chksum  inet_chksum.o
    0x080040ae   0x00000002   PAD
    0x080040b0   0x00000040   Code   RO          153    i.main              main.o
    0x080040f0   0x00000012   Code   RO         1994    i.mem_cpy           ff.o
    0x08004102   0x00000002   PAD
    0x08004104   0x0000002c   Code   RO          879    i.mem_free          mem.o
    0x08004130   0x00000034   Code   RO          880    i.mem_init          mem.o
    0x08004164   0x000000a4   Code   RO          881    i.mem_malloc        mem.o
    0x08004208   0x000000c0   Code   RO          882    i.mem_realloc       mem.o
    0x080042c8   0x0000000e   Code   RO         1995    i.mem_set           ff.o
    0x080042d6   0x00000002   PAD
    0x080042d8   0x00000018   Code   RO          922    i.memp_free         memp.o
    0x080042f0   0x00000058   Code   RO          923    i.memp_init         memp.o
    0x08004348   0x00000020   Code   RO          924    i.memp_malloc       memp.o
    0x08004368   0x0000006a   Code   RO         1996    i.move_window       ff.o
    0x080043d2   0x00000002   PAD
    0x080043d4   0x0000004c   Code   RO          964    i.netif_add         netif.o
    0x08004420   0x0000000a   Code   RO          966    i.netif_is_up       netif.o
    0x0800442a   0x00000020   Code   RO          968    i.netif_set_addr    netif.o
    0x0800444a   0x00000002   PAD
    0x0800444c   0x0000000c   Code   RO          969    i.netif_set_default  netif.o
    0x08004458   0x00000008   Code   RO          971    i.netif_set_gw      netif.o
    0x08004460   0x00000068   Code   RO          972    i.netif_set_ipaddr  netif.o
    0x080044c8   0x00000008   Code   RO          973    i.netif_set_netmask  netif.o
    0x080044d0   0x0000001c   Code   RO          974    i.netif_set_up      netif.o
    0x080044ec   0x00000004   Code   RO         1640    i.ntohl             inet.o
    0x080044f0   0x00000004   Code   RO         1641    i.ntohs             inet.o
    0x080044f4   0x00000110   Code   RO         1043    i.pbuf_alloc        pbuf.o
    0x08004604   0x00000028   Code   RO         1044    i.pbuf_cat          pbuf.o
    0x0800462c   0x00000012   Code   RO         1045    i.pbuf_chain        pbuf.o
    0x0800463e   0x00000012   Code   RO         1046    i.pbuf_clen         pbuf.o
    0x08004650   0x00000090   Code   RO         1048    i.pbuf_copy         pbuf.o
    0x080046e0   0x00000068   Code   RO         1049    i.pbuf_copy_partial  pbuf.o
    0x08004748   0x00000044   Code   RO         1051    i.pbuf_free         pbuf.o
    0x0800478c   0x00000060   Code   RO         1052    i.pbuf_header       pbuf.o
    0x080047ec   0x00000050   Code   RO         1053    i.pbuf_realloc      pbuf.o
    0x0800483c   0x0000000c   Code   RO         1054    i.pbuf_ref          pbuf.o
    0x08004848   0x00000054   Code   RO          883    i.plug_holes        mem.o
    0x0800489c   0x000000b8   Code   RO          497    i.process_tftp_request  tftpserver.o
    0x08004954   0x000000f6   Code   RO         1997    i.put_fat           ff.o
    0x08004a4a   0x00000002   PAD
    0x08004a4c   0x0000006c   Code   RO         1132    i.raw_input         raw.o
    0x08004ab8   0x00000018   Code   RO          498    i.recv_callback_tftp  tftpserver.o
    0x08004ad0   0x00000062   Code   RO         1998    i.remove_chain      ff.o
    0x08004b32   0x00000054   Code   RO          499    i.rrq_recv_callback  tftpserver.o
    0x08004b86   0x000000b8   Code   RO         1999    i.sync              ff.o
    0x08004c3e   0x00000002   PAD
    0x08004c40   0x00000094   Code   RO         1198    i.tcp_abandon       tcp.o
    0x08004cd4   0x000000f4   Code   RO         1201    i.tcp_alloc         tcp.o
    0x08004dc8   0x000000a0   Code   RO         1204    i.tcp_close         tcp.o
    0x08004e68   0x00000020   Code   RO         1207    i.tcp_eff_send_mss  tcp.o
    0x08004e88   0x00000342   Code   RO         1429    i.tcp_enqueue       tcp_out.o
    0x080051ca   0x00000002   PAD
    0x080051cc   0x0000005c   Code   RO         1209    i.tcp_fasttmr       tcp.o
    0x08005228   0x000002f8   Code   RO         1381    i.tcp_input         tcp_in.o
    0x08005520   0x00000046   Code   RO         1430    i.tcp_keepalive     tcp_out.o
    0x08005566   0x00000002   PAD
    0x08005568   0x000000e8   Code   RO         1382    i.tcp_listen_input  tcp_in.o
    0x08005650   0x00000010   Code   RO         1213    i.tcp_next_iss      tcp.o
    0x08005660   0x000001b4   Code   RO         1431    i.tcp_output        tcp_out.o
    0x08005814   0x000000b4   Code   RO         1432    i.tcp_output_segment  tcp_out.o
    0x080058c8   0x0000007c   Code   RO         1433    i.tcp_output_set_header  tcp_out.o
    0x08005944   0x0000007c   Code   RO         1383    i.tcp_parseopt      tcp_in.o
    0x080059c0   0x00000030   Code   RO         1214    i.tcp_pcb_purge     tcp.o
    0x080059f0   0x0000005c   Code   RO         1215    i.tcp_pcb_remove    tcp.o
    0x08005a4c   0x00000350   Code   RO         1384    i.tcp_process       tcp_in.o
    0x08005d9c   0x0000043c   Code   RO         1385    i.tcp_receive       tcp_in.o
    0x080061d8   0x00000024   Code   RO         1218    i.tcp_recv_null     tcp.o
    0x080061fc   0x0000003c   Code   RO         1219    i.tcp_recved        tcp.o
    0x08006238   0x0000004e   Code   RO         1434    i.tcp_rexmit        tcp_out.o
    0x08006286   0x00000056   Code   RO         1435    i.tcp_rexmit_fast   tcp_out.o
    0x080062dc   0x0000002e   Code   RO         1436    i.tcp_rexmit_rto    tcp_out.o
    0x0800630a   0x0000009c   Code   RO         1437    i.tcp_rst           tcp_out.o
    0x080063a6   0x00000020   Code   RO         1220    i.tcp_seg_free      tcp.o
    0x080063c6   0x0000001a   Code   RO         1221    i.tcp_segs_free     tcp.o
    0x080063e0   0x00000016   Code   RO         1438    i.tcp_send_ctrl     tcp_out.o
    0x080063f6   0x00000056   Code   RO         1439    i.tcp_send_empty_ack  tcp_out.o
    0x0800644c   0x00000228   Code   RO         1224    i.tcp_slowtmr       tcp.o
    0x08006674   0x0000006c   Code   RO         1386    i.tcp_timewait_input  tcp_in.o
    0x080066e0   0x00000020   Code   RO         1225    i.tcp_tmr           tcp.o
    0x08006700   0x00000036   Code   RO         1226    i.tcp_update_rcv_ann_wnd  tcp.o
    0x08006736   0x00000090   Code   RO         1441    i.tcp_zero_window_probe  tcp_out.o
    0x080067c6   0x00000002   PAD
    0x080067c8   0x00000044   Code   RO          500    i.tftp_cleanup_rd   tftpserver.o
    0x0800680c   0x00000044   Code   RO          501    i.tftp_cleanup_wr   tftpserver.o
    0x08006850   0x00000030   Code   RO          502    i.tftp_construct_error_message  tftpserver.o
    0x08006880   0x00000004   Code   RO          427    i.tftp_decode_op    tftputils.o
    0x08006884   0x00000006   Code   RO          428    i.tftp_extract_block  tftputils.o
    0x0800688a   0x00000006   Code   RO          429    i.tftp_extract_filename  tftputils.o
    0x08006890   0x0000001a   Code   RO          430    i.tftp_is_correct_ack  tftputils.o
    0x080068aa   0x00000002   PAD
    0x080068ac   0x00000078   Code   RO          503    i.tftp_process_read  tftpserver.o
    0x08006924   0x00000074   Code   RO          504    i.tftp_process_write  tftpserver.o
    0x08006998   0x00000030   Code   RO          505    i.tftp_send_ack_packet  tftpserver.o
    0x080069c8   0x00000046   Code   RO          506    i.tftp_send_data_packet  tftpserver.o
    0x08006a0e   0x00000028   Code   RO          507    i.tftp_send_error_message  tftpserver.o
    0x08006a36   0x00000046   Code   RO          508    i.tftp_send_message  tftpserver.o
    0x08006a7c   0x0000003c   Code   RO          509    i.tftp_send_next_block  tftpserver.o
    0x08006ab8   0x0000000e   Code   RO          431    i.tftp_set_block    tftputils.o
    0x08006ac6   0x00000006   Code   RO          432    i.tftp_set_data_message  tftputils.o
    0x08006acc   0x00000008   Code   RO          433    i.tftp_set_errorcode  tftputils.o
    0x08006ad4   0x00000006   Code   RO          434    i.tftp_set_errormsg  tftputils.o
    0x08006ada   0x00000008   Code   RO          435    i.tftp_set_opcode   tftputils.o
    0x08006ae2   0x00000002   PAD
    0x08006ae4   0x0000006c   Code   RO          510    i.tftpd_init        tftpserver.o
    0x08006b50   0x0000005c   Code   RO         1511    i.udp_bind          udp.o
    0x08006bac   0x00000018   Code   RO         1513    i.udp_disconnect    udp.o
    0x08006bc4   0x00000164   Code   RO         1514    i.udp_input         udp.o
    0x08006d28   0x0000001a   Code   RO         1515    i.udp_new           udp.o
    0x08006d42   0x00000006   Code   RO         1516    i.udp_recv          udp.o
    0x08006d48   0x0000002c   Code   RO         1517    i.udp_remove        udp.o
    0x08006d74   0x00000028   Code   RO         1519    i.udp_sendto        udp.o
    0x08006d9c   0x000000b0   Code   RO         1520    i.udp_sendto_if     udp.o
    0x08006e4c   0x000000a8   Code   RO         1841    i.update_arp_entry  etharp.o
    0x08006ef4   0x00000020   Code   RO         2000    i.validate          ff.o
    0x08006f14   0x000000c4   Code   RO          511    i.wrq_recv_callback  tftpserver.o
    0x08006fd8   0x00000024   Data   RO          926    .constdata          memp.o
    0x08006ffc   0x00000014   Data   RO         1227    .constdata          tcp.o
    0x08007010   0x00000004   Data   RO         1760    .constdata          ip_addr.o
    0x08007014   0x00000004   Data   RO         1761    .constdata          ip_addr.o
    0x08007018   0x0000000c   Data   RO         1843    .constdata          etharp.o
    0x08007024   0x00000050   Data   RO         4478    .constdata          stm32_eval.o
    0x08007074   0x0000007d   Data   RO          513    .conststring        tftpserver.o
    0x080070f1   0x00000068   Data   RO         1228    .conststring        tcp.o
    0x08007159   0x00000003   PAD
    0x0800715c   0x00000020   Data   RO         5334    Region$$Table       anon$$obj.o


    Execution Region RW_IRAM1 (Base: 0x20000000, Size: 0x0000bc20, Max: 0x00020000, ABSOLUTE, COMPRESSED[0x0000006c])

    Base Addr    Size         Type   Attr      Idx    E Section Name        Object

    0x20000000   0x00000008   Data   RW          154    .data               main.o
    0x20000008   0x00000008   Data   RW          264    .data               netconf.o
    0x20000010   0x00000024   Data   RW          514    .data               tftpserver.o
    0x20000034   0x00000004   Data   RW          690    .data               dhcp.o
    0x20000038   0x00000010   Data   RW          885    .data               mem.o
    0x20000048   0x0000000c   Data   RW          975    .data               netif.o
    0x20000054   0x00000004   Data   RW         1138    .data               raw.o
    0x20000058   0x0000004c   Data   RW         1229    .data               tcp.o
    0x200000a4   0x0000001c   Data   RW         1388    .data               tcp_in.o
    0x200000c0   0x00000004   Data   RW         1521    .data               udp.o
    0x200000c4   0x0000000c   Data   RW         1724    .data               ip.o
    0x200000d0   0x00000008   Data   RW         1790    .data               ip_frag.o
    0x200000d8   0x00000001   Data   RW         1844    .data               etharp.o
    0x200000d9   0x00000003   PAD
    0x200000dc   0x00000008   Data   RW         2001    .data               ff.o
    0x200000e4   0x00000010   Data   RW         3289    .data               stm32f2xx_rcc.o
    0x200000f4   0x0000000c   Data   RW         4038    .data               stm32f2x7_eth.o
    0x20000100   0x0000002c   Data   RW         4479    .data               stm32_eval.o
    0x2000012c   0x00000014   Data   RW         4861    .data               stm32_eval_sdio_sd.o
    0x20000140   0x00000004   Data   RW         5308    .data               mc_w.l(stdout.o)
    0x20000144   0x00000034   Zero   RW          263    .bss                netconf.o
    0x20000178   0x00000908   Zero   RW          512    .bss                tftpserver.o
    0x20000a80   0x00002814   Zero   RW          884    .bss                mem.o
    0x20003294   0x00004137   Zero   RW          925    .bss                memp.o
    0x200073cb   0x00000001   PAD
    0x200073cc   0x00000014   Zero   RW         1387    .bss                tcp_in.o
    0x200073e0   0x000005e0   Zero   RW         1789    .bss                ip_frag.o
    0x200079c0   0x000000c8   Zero   RW         1842    .bss                etharp.o
    0x20007a88   0x000000a0   Zero   RW         4033    .bss                stm32f2x7_eth.o
    0x20007b28   0x000000a0   Zero   RW         4034    .bss                stm32f2x7_eth.o
    0x20007bc8   0x00001dc4   Zero   RW         4035    .bss                stm32f2x7_eth.o
    0x2000998c   0x00001dc4   Zero   RW         4036    .bss                stm32f2x7_eth.o
    0x2000b750   0x0000000c   Zero   RW         4037    .bss                stm32f2x7_eth.o
    0x2000b75c   0x000000c4   Zero   RW         4860    .bss                stm32_eval_sdio_sd.o
    0x2000b820   0x00000400   Zero   RW          142    STACK               startup_stm32f2xx.o


==============================================================================

Image component sizes


      Code (inc. data)   RO Data    RW Data    ZI Data      Debug   Object Name

       618         14          0          4          0       7081   dhcp.o
       170          4          0          0          0       9660   diskio.o
      1624         32         12          1        200      13692   etharp.o
       374         38          0          0          0       4850   ethernetif.o
      3948         44          0          8          0      24838   ff.o
       392          0          0          0          0       3682   icmp.o
        16          0          0          0          0       3068   inet.o
       142          0          0          0          0       5769   inet_chksum.o
         0          0          0          0          0        724   init.o
       716         24          0         12          0       7476   ip.o
        48          0          8          0          0       5733   ip_addr.o
      1212         30          0          8       1504       7569   ip_frag.o
       110         12          0          8          0      53263   main.o
       536         30          0         16      10260       5073   mem.o
       144         20         36          0      16695       4006   memp.o
       144         18          0          0          0       2253   misc.o
       156         28          0          8         52      20393   netconf.o
       278         20          0         12          0       7405   netif.o
       852          0          0          0          0       8681   pbuf.o
       108          6          0          4          0       1764   raw.o
        36          8        388          0       1024        784   startup_stm32f2xx.o
       536         48         80         44          0       5216   stm32_eval.o
      2980        154          0         20        196      19138   stm32_eval_sdio_sd.o
      1584        154          0         12      15572      15338   stm32f2x7_eth.o
       400         18          0          0          0      18924   stm32f2x7_eth_bsp.o
       512         50          0          0          0       5565   stm32f2xx_dma.o
       170          0          0          0          0       2603   stm32f2xx_gpio.o
        24          0          0          0          0       4096   stm32f2xx_it.o
       268         46          0         16          0       5949   stm32f2xx_rcc.o
       324         76          0          0          0      10511   stm32f2xx_sdio.o
        12          6          0          0          0        606   stm32f2xx_syscfg.o
       212         32          0          0          0     262137   system_stm32f2xx.o
      1624         66        124         76          0      20569   tcp.o
      3156         86          0         28         20      15212   tcp_in.o
      2262         14          0          0          0      11906   tcp_out.o
      1304        132        125         36       2312      15074   tftpserver.o
        84          0          0          0          0       4928   tftputils.o
       764         18          0          4          0      15912   udp.o

    ----------------------------------------------------------------------
     27890       1228        808        320      47836     631448   Object Totals
         0          0         32          0          0          0   (incl. Generated)
        50          0          3          3          1          0   (incl. Padding)

    ----------------------------------------------------------------------

      Code (inc. data)   RO Data    RW Data    ZI Data      Debug   Library Member Name

        92          0          0          0          0          0   __dczerorl2.o
         0          0          0          0          0          0   entry.o
         8          4          0          0          0          0   entry2.o
         4          0          0          0          0          0   entry5.o
         0          0          0          0          0          0   entry7b.o
         8          4          0          0          0          0   entry8.o
        18          0          0          0          0         80   fputc.o
        30          0          0          0          0          0   handlers.o
        36          8          0          0          0         68   init.o
         0          0          0          0          0          0   iusesemip.o
        36          0          0          0          0         68   memcpya.o
        38          0          0          0          0        108   memseta.o
        50          8          0          0          0        152   printfb.o
         0          0          0          0          0          0   semi.o
         0          0          0          4          0          0   stdout.o
        18          0          0          0          0         68   strcpy.o
        16          0          0          0          0         68   strlen.o

    ----------------------------------------------------------------------
       354         24          0          4          0        612   Library Totals
         0          0          0          0          0          0   (incl. Padding)

    ----------------------------------------------------------------------

      Code (inc. data)   RO Data    RW Data    ZI Data      Debug   Library Name

       354         24          0          4          0        612   mc_w.l

    ----------------------------------------------------------------------
       354         24          0          4          0        612   Library Totals

    ----------------------------------------------------------------------

==============================================================================


      Code (inc. data)   RO Data    RW Data    ZI Data      Debug   

     28244       1252        808        324      47836     617916   Grand Totals
     28244       1252        808        108      47836     617916   ELF Image Totals (compressed)
     28244       1252        808        108          0          0   ROM Totals

==============================================================================

    Total RO  Size (Code + RO Data)                29052 (  28.37kB)
    Total RW  Size (RW Data + ZI Data)             48160 (  47.03kB)
    Total ROM Size (Code + RO Data + RW Data)      29160 (  28.48kB)

==============================================================================

